Archive member included to satisfy reference by file (symbol)

C:/ST/STM32CubeIDE_1.16.0/STM32CubeIDE/plugins/com.st.stm32cube.ide.mcu.externaltools.gnu-tools-for-stm32.12.3.rel1.win32_1.0.200.202406191623/tools/bin/../lib/gcc/arm-none-eabi/12.3.1/../../../../arm-none-eabi/lib/thumb/v7e-m+fp/hard\libc_nano.a(libc_a-exit.o)
                              C:/ST/STM32CubeIDE_1.16.0/STM32CubeIDE/plugins/com.st.stm32cube.ide.mcu.externaltools.gnu-tools-for-stm32.12.3.rel1.win32_1.0.200.202406191623/tools/bin/../lib/gcc/arm-none-eabi/12.3.1/../../../../arm-none-eabi/lib/thumb/v7e-m+fp/hard/crt0.o (exit)
C:/ST/STM32CubeIDE_1.16.0/STM32CubeIDE/plugins/com.st.stm32cube.ide.mcu.externaltools.gnu-tools-for-stm32.12.3.rel1.win32_1.0.200.202406191623/tools/bin/../lib/gcc/arm-none-eabi/12.3.1/../../../../arm-none-eabi/lib/thumb/v7e-m+fp/hard\libc_nano.a(libc_a-findfp.o)
                              C:/ST/STM32CubeIDE_1.16.0/STM32CubeIDE/plugins/com.st.stm32cube.ide.mcu.externaltools.gnu-tools-for-stm32.12.3.rel1.win32_1.0.200.202406191623/tools/bin/../lib/gcc/arm-none-eabi/12.3.1/../../../../arm-none-eabi/lib/thumb/v7e-m+fp/hard\libc_nano.a(libc_a-exit.o) (__stdio_exit_handler)
C:/ST/STM32CubeIDE_1.16.0/STM32CubeIDE/plugins/com.st.stm32cube.ide.mcu.externaltools.gnu-tools-for-stm32.12.3.rel1.win32_1.0.200.202406191623/tools/bin/../lib/gcc/arm-none-eabi/12.3.1/../../../../arm-none-eabi/lib/thumb/v7e-m+fp/hard\libc_nano.a(libc_a-fwalk.o)
                              C:/ST/STM32CubeIDE_1.16.0/STM32CubeIDE/plugins/com.st.stm32cube.ide.mcu.externaltools.gnu-tools-for-stm32.12.3.rel1.win32_1.0.200.202406191623/tools/bin/../lib/gcc/arm-none-eabi/12.3.1/../../../../arm-none-eabi/lib/thumb/v7e-m+fp/hard\libc_nano.a(libc_a-findfp.o) (_fwalk_sglue)
C:/ST/STM32CubeIDE_1.16.0/STM32CubeIDE/plugins/com.st.stm32cube.ide.mcu.externaltools.gnu-tools-for-stm32.12.3.rel1.win32_1.0.200.202406191623/tools/bin/../lib/gcc/arm-none-eabi/12.3.1/../../../../arm-none-eabi/lib/thumb/v7e-m+fp/hard\libc_nano.a(libc_a-stdio.o)
                              C:/ST/STM32CubeIDE_1.16.0/STM32CubeIDE/plugins/com.st.stm32cube.ide.mcu.externaltools.gnu-tools-for-stm32.12.3.rel1.win32_1.0.200.202406191623/tools/bin/../lib/gcc/arm-none-eabi/12.3.1/../../../../arm-none-eabi/lib/thumb/v7e-m+fp/hard\libc_nano.a(libc_a-findfp.o) (__sread)
C:/ST/STM32CubeIDE_1.16.0/STM32CubeIDE/plugins/com.st.stm32cube.ide.mcu.externaltools.gnu-tools-for-stm32.12.3.rel1.win32_1.0.200.202406191623/tools/bin/../lib/gcc/arm-none-eabi/12.3.1/../../../../arm-none-eabi/lib/thumb/v7e-m+fp/hard\libc_nano.a(libc_a-memset.o)
                              C:/ST/STM32CubeIDE_1.16.0/STM32CubeIDE/plugins/com.st.stm32cube.ide.mcu.externaltools.gnu-tools-for-stm32.12.3.rel1.win32_1.0.200.202406191623/tools/bin/../lib/gcc/arm-none-eabi/12.3.1/../../../../arm-none-eabi/lib/thumb/v7e-m+fp/hard/crt0.o (memset)
C:/ST/STM32CubeIDE_1.16.0/STM32CubeIDE/plugins/com.st.stm32cube.ide.mcu.externaltools.gnu-tools-for-stm32.12.3.rel1.win32_1.0.200.202406191623/tools/bin/../lib/gcc/arm-none-eabi/12.3.1/../../../../arm-none-eabi/lib/thumb/v7e-m+fp/hard\libc_nano.a(libc_a-closer.o)
                              C:/ST/STM32CubeIDE_1.16.0/STM32CubeIDE/plugins/com.st.stm32cube.ide.mcu.externaltools.gnu-tools-for-stm32.12.3.rel1.win32_1.0.200.202406191623/tools/bin/../lib/gcc/arm-none-eabi/12.3.1/../../../../arm-none-eabi/lib/thumb/v7e-m+fp/hard\libc_nano.a(libc_a-stdio.o) (_close_r)
C:/ST/STM32CubeIDE_1.16.0/STM32CubeIDE/plugins/com.st.stm32cube.ide.mcu.externaltools.gnu-tools-for-stm32.12.3.rel1.win32_1.0.200.202406191623/tools/bin/../lib/gcc/arm-none-eabi/12.3.1/../../../../arm-none-eabi/lib/thumb/v7e-m+fp/hard\libc_nano.a(libc_a-reent.o)
                              C:/ST/STM32CubeIDE_1.16.0/STM32CubeIDE/plugins/com.st.stm32cube.ide.mcu.externaltools.gnu-tools-for-stm32.12.3.rel1.win32_1.0.200.202406191623/tools/bin/../lib/gcc/arm-none-eabi/12.3.1/../../../../arm-none-eabi/lib/thumb/v7e-m+fp/hard\libc_nano.a(libc_a-closer.o) (errno)
C:/ST/STM32CubeIDE_1.16.0/STM32CubeIDE/plugins/com.st.stm32cube.ide.mcu.externaltools.gnu-tools-for-stm32.12.3.rel1.win32_1.0.200.202406191623/tools/bin/../lib/gcc/arm-none-eabi/12.3.1/../../../../arm-none-eabi/lib/thumb/v7e-m+fp/hard\libc_nano.a(libc_a-impure.o)
                              C:/ST/STM32CubeIDE_1.16.0/STM32CubeIDE/plugins/com.st.stm32cube.ide.mcu.externaltools.gnu-tools-for-stm32.12.3.rel1.win32_1.0.200.202406191623/tools/bin/../lib/gcc/arm-none-eabi/12.3.1/../../../../arm-none-eabi/lib/thumb/v7e-m+fp/hard\libc_nano.a(libc_a-reent.o) (_impure_ptr)
C:/ST/STM32CubeIDE_1.16.0/STM32CubeIDE/plugins/com.st.stm32cube.ide.mcu.externaltools.gnu-tools-for-stm32.12.3.rel1.win32_1.0.200.202406191623/tools/bin/../lib/gcc/arm-none-eabi/12.3.1/../../../../arm-none-eabi/lib/thumb/v7e-m+fp/hard\libc_nano.a(libc_a-lseekr.o)
[...]
Memory Configuration

Name             Origin             Length             Attributes
RAM              0x20000000         0x00020000         xrw
FLASH            0x08000000         0x00080000         xr
*default*        0x00000000         0xffffffff

Linker script and memory map

LOAD C:/ST/STM32CubeIDE_1.16.0/STM32CubeIDE/plugins/com.st.stm32cube.ide.mcu.externaltools.gnu-tools-for-stm32.12.3.rel1.win32_1.0.200.202406191623/tools/bin/../lib/gcc/arm-none-eabi/12.3.1/thumb/v7e-m+fp/hard/crti.o
LOAD C:/ST/STM32CubeIDE_1.16.0/STM32CubeIDE/plugins/com.st.stm32cube.ide.mcu.externaltools.gnu-tools-for-stm32.12.3.rel1.win32_1.0.200.202406191623/tools/bin/../lib/gcc/arm-none-eabi/12.3.1/thumb/v7e-m+fp/hard/crtbegin.o
LOAD C:/ST/STM32CubeIDE_1.16.0/STM32CubeIDE/plugins/com.st.stm32cube.ide.mcu.externaltools.gnu-tools-for-stm32.12.3.rel1.win32_1.0.200.202406191623/tools/bin/../lib/gcc/arm-none-eabi/12.3.1/../../../../arm-none-eabi/lib/thumb/v7e-m+fp/hard/crt0.o
LOAD ./Core/Src/comp_filter.o
LOAD ./Core/Src/encoder.o
LOAD ./Core/Src/gpio.o
LOAD ./Core/Src/i2c.o
LOAD ./Core/Src/kalman_filter.o
LOAD ./Core/Src/main.o
LOAD ./Core/Src/mpu6050.o
LOAD ./Core/Src/nidec_h24.o
LOAD ./Core/Src/pid.o
LOAD ./Core/Src/stm32f4xx_hal_msp.o
LOAD ./Core/Src/stm32f4xx_it.o
LOAD ./Core/Src/syscalls.o
LOAD ./Core/Src/sysmem.o
LOAD ./Core/Src/system_stm32f4xx.o
LOAD ./Core/Src/tim.o
LOAD ./Core/Startup/startup_stm32f446retx.o
LOAD ./Drivers/STM32F4xx_HAL_Driver/Src/stm32f4xx_hal.o
LOAD ./Drivers/STM32F4xx_HAL_Driver/Src/stm32f4xx_hal_cortex.o
LOAD ./Drivers/STM32F4xx_HAL_Driver/Src/stm32f4xx_hal_dma.o
LOAD ./Drivers/STM32F4xx_HAL_Driver/Src/stm32f4xx_hal_dma_ex.o
LOAD ./Drivers/STM32F4xx_HAL_Driver/Src/stm32f4xx_hal_exti.o
LOAD ./Drivers/STM32F4xx_HAL_Driver/Src/stm32f4xx_hal_flash.o
LOAD ./Drivers/STM32F4xx_HAL_Driver/Src/stm32f4xx_hal_flash_ex.o
LOAD ./Drivers/STM32F4xx_HAL_Driver/Src/stm32f4xx_hal_flash_ramfunc.o
LOAD ./Drivers/STM32F4xx_HAL_Driver/Src/stm32f4xx_hal_gpio.o
LOAD ./Drivers/STM32F4xx_HAL_Driver/Src/stm32f4xx_hal_i2c.o
LOAD ./Drivers/STM32F4xx_HAL_Driver/Src/stm32f4xx_hal_i2c_ex.o
LOAD ./Drivers/STM32F4xx_HAL_Driver/Src/stm32f4xx_hal_pwr.o
LOAD ./Drivers/STM32F4xx_HAL_Driver/Src/stm32f4xx_hal_pwr_ex.o
LOAD ./Drivers/STM32F4xx_HAL_Driver/Src/stm32f4xx_hal_rcc.o
LOAD ./Drivers/STM32F4xx_HAL_Driver/Src/stm32f4xx_hal_rcc_ex.o
LOAD ./Drivers/STM32F4xx_HAL_Driver/Src/stm32f4xx_hal_tim.o
LOAD ./Drivers/STM32F4xx_HAL_Driver/Src/stm32f4xx_hal_tim_ex.o
START GROUP
LOAD C:/ST/STM32CubeIDE_1.16.0/STM32CubeIDE/plugins/com.st.stm32cube.ide.mcu.externaltools.gnu-tools-for-stm32.12.3.rel1.win32_1.0.200.202406191623/tools/bin/../lib/gcc/arm-none-eabi/12.3.1/../../../../arm-none-eabi/lib/thumb/v7e-m+fp/hard\libc_nano.a
LOAD C:/ST/STM32CubeIDE_1.16.0/STM32CubeIDE/plugins/com.st.stm32cube.ide.mcu.externaltools.gnu-tools-for-stm32.12.3.rel1.win32_1.0.200.202406191623/tools/bin/../lib/gcc/arm-none-eabi/12.3.1/../../../../arm-none-eabi/lib/thumb/v7e-m+fp/hard\libm.a
END GROUP
START GROUP
LOAD C:/ST/STM32CubeIDE_1.16.0/STM32CubeIDE/plugins/com.st.stm32cube.ide.mcu.externaltools.gnu-tools-for-stm32.12.3.rel1.win32_1.0.200.202406191623/tools/bin/../lib/gcc/arm-none-eabi/12.3.1/thumb/v7e-m+fp/hard\libgcc.a
LOAD C:/ST/STM32CubeIDE_1.16.0/STM32CubeIDE/plugins/com.st.stm32cube.ide.mcu.externaltools.gnu-tools-for-stm32.12.3.rel1.win32_1.0.200.202406191623/tools/bin/../lib/gcc/arm-none-eabi/12.3.1/../../../../arm-none-eabi/lib/thumb/v7e-m+fp/hard\libc_nano.a
END GROUP
START GROUP
LOAD C:/ST/STM32CubeIDE_1.16.0/STM32CubeIDE/plugins/com.st.stm32cube.ide.mcu.externaltools.gnu-tools-for-stm32.12.3.rel1.win32_1.0.200.202406191623/tools/bin/../lib/gcc/arm-none-eabi/12.3.1/thumb/v7e-m+fp/hard\libgcc.a
LOAD C:/ST/STM32CubeIDE_1.16.0/STM32CubeIDE/plugins/com.st.stm32cube.ide.mcu.externaltools.gnu-tools-for-stm32.12.3.rel1.win32_1.0.200.202406191623/tools/bin/../lib/gcc/arm-none-eabi/12.3.1/../../../../arm-none-eabi/lib/thumb/v7e-m+fp/hard\libc_nano.a
LOAD C:/ST/STM32CubeIDE_1.16.0/STM32CubeIDE/plugins/com.st.stm32cube.ide.mcu.externaltools.gnu-tools-for-stm32.12.3.rel1.win32_1.0.200.202406191623/tools/bin/../lib/gcc/arm-none-eabi/12.3.1/../../../../arm-none-eabi/lib/thumb/v7e-m+fp/hard\libnosys.a
END GROUP
START GROUP
LOAD C:/ST/STM32CubeIDE_1.16.0/STM32CubeIDE/plugins/com.st.stm32cube.ide.mcu.externaltools.gnu-tools-for-stm32.12.3.rel1.win32_1.0.200.202406191623/tools/bin/../lib/gcc/arm-none-eabi/12.3.1/thumb/v7e-m+fp/hard\libgcc.a
LOAD C:/ST/STM32CubeIDE_1.16.0/STM32CubeIDE/plugins/com.st.stm32cube.ide.mcu.externaltools.gnu-tools-for-stm32.12.3.rel1.win32_1.0.200.202406191623/tools/bin/../lib/gcc/arm-none-eabi/12.3.1/../../../../arm-none-eabi/lib/thumb/v7e-m+fp/hard\libc_nano.a
LOAD C:/ST/STM32CubeIDE_1.16.0/STM32CubeIDE/plugins/com.st.stm32cube.ide.mcu.externaltools.gnu-tools-for-stm32.12.3.rel1.win32_1.0.200.202406191623/tools/bin/../lib/gcc/arm-none-eabi/12.3.1/../../../../arm-none-eabi/lib/thumb/v7e-m+fp/hard\libnosys.a
END GROUP
LOAD C:/ST/STM32CubeIDE_1.16.0/STM32CubeIDE/plugins/com.st.stm32cube.ide.mcu.externaltools.gnu-tools-for-stm32.12.3.rel1.win32_1.0.200.202406191623/tools/bin/../lib/gcc/arm-none-eabi/12.3.1/thumb/v7e-m+fp/hard/crtend.o
LOAD C:/ST/STM32CubeIDE_1.16.0/STM32CubeIDE/plugins/com.st.stm32cube.ide.mcu.externaltools.gnu-tools-for-stm32.12.3.rel1.win32_1.0.200.202406191623/tools/bin/../lib/gcc/arm-none-eabi/12.3.1/thumb/v7e-m+fp/hard/crtn.o
                0x20020000                        _estack = (ORIGIN (RAM) + LENGTH (RAM))
                0x00000200                        _Min_Heap_Size = 0x200
                0x00000400                        _Min_Stack_Size = 0x400

.isr_vector     0x08000000      0x1c4
                0x08000000                        . = ALIGN (0x4)
 *(.isr_vector)
 .isr_vector    0x08000000      0x1c4 ./Core/Startup/startup_stm32f446retx.o
                0x08000000                g_pfnVectors
                0x080001c4                        . = ALIGN (0x4)

.text           0x080001c8     0x64cc
                0x080001c8                        . = ALIGN (0x4)
 *(.text)
 .text          0x080001c8       0x40 C:/ST/STM32CubeIDE_1.16.0/STM32CubeIDE/plugins/com.st.stm32cube.ide.mcu.externaltools.gnu-tools-for-stm32.12.3.rel1.win32_1.0.200.202406191623/tools/bin/../lib/gcc/arm-none-eabi/12.3.1/thumb/v7e-m+fp/hard/crtbegin.o
 .text          0x08000208      0x378 C:/ST/STM32CubeIDE_1.16.0/STM32CubeIDE/plugins/com.st.stm32cube.ide.mcu.externaltools.gnu-tools-for-stm32.12.3.rel1.win32_1.0.200.202406191623/tools/bin/../lib/gcc/arm-none-eabi/12.3.1/thumb/v7e-m+fp/hard\libgcc.a(_arm_addsubdf3.o)
                0x08000208                __aeabi_drsub
                0x08000210                __aeabi_dsub
                0x08000210                __subdf3
                0x08000214                __aeabi_dadd
                0x08000214                __adddf3
                0x0800048c                __floatunsidf
                0x0800048c                __aeabi_ui2d
                0x080004ac                __floatsidf
                0x080004ac                __aeabi_i2d
                0x080004d0                __aeabi_f2d
                0x080004d0                __extendsfdf2
                0x08000514                __floatundidf
                0x08000514                __aeabi_ul2d
                0x08000524                __floatdidf
                0x08000524                __aeabi_l2d
 .text          0x08000580      0x424 C:/ST/STM32CubeIDE_1.16.0/STM32CubeIDE/plugins/com.st.stm32cube.ide.mcu.externaltools.gnu-tools-for-stm32.12.3.rel1.win32_1.0.200.202406191623/tools/bin/../lib/gcc/arm-none-eabi/12.3.1/thumb/v7e-m+fp/hard\libgcc.a(_arm_muldivdf3.o)
                0x08000580                __aeabi_dmul
                0x08000580                __muldf3
                0x080007d4                __divdf3
                0x080007d4                __aeabi_ddiv
 .text          0x080009a4      0x110 C:/ST/STM32CubeIDE_1.16.0/STM32CubeIDE/plugins/com.st.stm32cube.ide.mcu.externaltools.gnu-tools-for-stm32.12.3.rel1.win32_1.0.200.202406191623/tools/bin/../lib/gcc/arm-none-eabi/12.3.1/thumb/v7e-m+fp/hard\libgcc.a(_arm_cmpdf2.o)
                0x080009a4                __gtdf2
                0x080009a4                __gedf2
                0x080009ac                __ltdf2
                0x080009ac                __ledf2
                0x080009b4                __nedf2
                0x080009b4                __eqdf2
                0x080009b4                __cmpdf2
                0x08000a30                __aeabi_cdrcmple
                0x08000a40                __aeabi_cdcmpeq
                0x08000a40                __aeabi_cdcmple
                0x08000a50                __aeabi_dcmpeq
                0x08000a64                __aeabi_dcmplt
                0x08000a78                __aeabi_dcmple
                0x08000a8c                __aeabi_dcmpge
                0x08000aa0                __aeabi_dcmpgt
 .text          0x08000ab4       0x2c C:/ST/STM32CubeIDE_1.16.0/STM32CubeIDE/plugins/com.st.stm32cube.ide.mcu.externaltools.gnu-tools-for-stm32.12.3.rel1.win32_1.0.200.202406191623/tools/bin/../lib/gcc/arm-none-eabi/12.3.1/thumb/v7e-m+fp/hard\libgcc.a(_arm_unorddf2.o)
                0x08000ab4                __unorddf2
                0x08000ab4                __aeabi_dcmpun
 .text          0x08000ae0       0x50 C:/ST/STM32CubeIDE_1.16.0/STM32CubeIDE/plugins/com.st.stm32cube.ide.mcu.externaltools.gnu-tools-for-stm32.12.3.rel1.win32_1.0.200.202406191623/tools/bin/../lib/gcc/arm-none-eabi/12.3.1/thumb/v7e-m+fp/hard\libgcc.a(_arm_fixdfsi.o)
                0x08000ae0                __aeabi_d2iz
                0x08000ae0                __fixdfsi
 .text          0x08000b30       0x40 C:/ST/STM32CubeIDE_1.16.0/STM32CubeIDE/plugins/com.st.stm32cube.ide.mcu.externaltools.gnu-tools-for-stm32.12.3.rel1.win32_1.0.200.202406191623/tools/bin/../lib/gcc/arm-none-eabi/12.3.1/thumb/v7e-m+fp/hard\libgcc.a(_arm_fixunsdfsi.o)
                0x08000b30                __aeabi_d2uiz
                0x08000b30                __fixunsdfsi
 .text          0x08000b70       0xa0 C:/ST/STM32CubeIDE_1.16.0/STM32CubeIDE/plugins/com.st.stm32cube.ide.mcu.externaltools.gnu-tools-for-stm32.12.3.rel1.win32_1.0.200.202406191623/tools/bin/../lib/gcc/arm-none-eabi/12.3.1/thumb/v7e-m+fp/hard\libgcc.a(_arm_truncdfsf2.o)
                0x08000b70                __truncdfsf2
                0x08000b70                __aeabi_d2f
 .text          0x08000c10       0x30 C:/ST/STM32CubeIDE_1.16.0/STM32CubeIDE/plugins/com.st.stm32cube.ide.mcu.externaltools.gnu-tools-for-stm32.12.3.rel1.win32_1.0.200.202406191623/tools/bin/../lib/gcc/arm-none-eabi/12.3.1/thumb/v7e-m+fp/hard\libgcc.a(_aeabi_uldivmod.o)
                0x08000c10                __aeabi_uldivmod
 .text          0x08000c40      0x2bc C:/ST/STM32CubeIDE_1.16.0/STM32CubeIDE/plugins/com.st.stm32cube.ide.mcu.externaltools.gnu-tools-for-stm32.12.3.rel1.win32_1.0.200.202406191623/tools/bin/../lib/gcc/arm-none-eabi/12.3.1/thumb/v7e-m+fp/hard\libgcc.a(_udivmoddi4.o)
                0x08000c40                __udivmoddi4
 .text          0x08000efc        0x4 C:/ST/STM32CubeIDE_1.16.0/STM32CubeIDE/plugins/com.st.stm32cube.ide.mcu.externaltools.gnu-tools-for-stm32.12.3.rel1.win32_1.0.200.202406191623/tools/bin/../lib/gcc/arm-none-eabi/12.3.1/thumb/v7e-m+fp/hard\libgcc.a(_dvmd_tls.o)
                0x08000efc                __aeabi_idiv0
                0x08000efc                __aeabi_ldiv0
 *(.text*)
 .text.encoder_init
                0x08000f00       0x80 ./Core/Src/encoder.o
                0x08000f00                encoder_init
 .text.__encoder_update
                0x08000f80      0x150 ./Core/Src/encoder.o
 .text.encoder_get_velocity_rps
                0x080010d0       0x38 ./Core/Src/encoder.o
                0x080010d0                encoder_get_velocity_rps
 .text.encoder_get_velocity_rpm
                0x08001108       0x44 ./Core/Src/encoder.o
                0x08001108                encoder_get_velocity_rpm
 .text.MX_GPIO_Init
                0x0800114c       0xa4 ./Core/Src/gpio.o
                0x0800114c                MX_GPIO_Init
 .text.MX_I2C1_Init
                0x080011f0       0x60 ./Core/Src/i2c.o
                0x080011f0                MX_I2C1_Init
 .text.HAL_I2C_MspInit
                0x08001250       0x90 ./Core/Src/i2c.o
                0x08001250                HAL_I2C_MspInit
 .text.I2C_ClearBusyBus
                0x080012e0       0xc8 ./Core/Src/i2c.o
                0x080012e0                I2C_ClearBusyBus
 .text.Kalman_init
                0x080013a8       0x64 ./Core/Src/kalman_filter.o
                0x080013a8                Kalman_init
 *fill*         0x0800140c        0x4 
 .text.Kalman_getAngle
                0x08001410      0x2f0 ./Core/Src/kalman_filter.o
                0x08001410                Kalman_getAngle
 .text.Kalman_setAngle
                0x08001700       0x1e ./Core/Src/kalman_filter.o
                0x08001700                Kalman_setAngle
 *fill*         0x0800171e        0x2 
 .text.main     0x08001720      0x134 ./Core/Src/main.o
                0x08001720                main
 .text.SystemClock_Config
                0x08001854       0xd8 ./Core/Src/main.o
                0x08001854                SystemClock_Config
 *fill*         0x0800192c        0x4 
 .text.HAL_TIM_PeriodElapsedCallback
                0x08001930      0x210 ./Core/Src/main.o
                0x08001930                HAL_TIM_PeriodElapsedCallback
 .text.Error_Handler
                0x08001b40        0xc ./Core/Src/main.o
                0x08001b40                Error_Handler
 .text.mpu6050_init
                0x08001b4c       0xa0 ./Core/Src/mpu6050.o
                0x08001b4c                mpu6050_init
 .text.calculate_gyroscope_bias
                0x08001bec       0xc8 ./Core/Src/mpu6050.o
                0x08001bec                calculate_gyroscope_bias
 *fill*         0x08001cb4        0x4 
 .text.mpu6050_data
                0x08001cb8      0x218 ./Core/Src/mpu6050.o
                0x08001cb8                mpu6050_data
 .text.nidec_h24_init
                0x08001ed0       0xb8 ./Core/Src/nidec_h24.o
                0x08001ed0                nidec_h24_init
 .text.nidec_h24_Move
                0x08001f88       0xb4 ./Core/Src/nidec_h24.o
                0x08001f88                nidec_h24_Move
 .text.pid_init
                0x0800203c       0x5c ./Core/Src/pid.o
                0x0800203c                pid_init
 .text.pid_set_setpoint
                0x08002098       0x1e ./Core/Src/pid.o
                0x08002098                pid_set_setpoint
 *fill*         0x080020b6        0x2 
 .text.pid_compute_control_action
                0x080020b8      0x1e8 ./Core/Src/pid.o
                0x080020b8                pid_compute_control_action
 .text.pid_get_setpoint
                0x080022a0       0x1e ./Core/Src/pid.o
                0x080022a0                pid_get_setpoint
 *fill*         0x080022be        0x2 
 .text.pid_get_current_sampling_time
                0x080022c0       0x50 ./Core/Src/pid.o
 .text.pid_update_ts
                0x08002310       0x1a ./Core/Src/pid.o
                0x08002310                pid_update_ts
 .text.pid_reset
                0x0800232a       0x42 ./Core/Src/pid.o
                0x0800232a                pid_reset
 .text.HAL_MspInit
                0x0800236c       0x50 ./Core/Src/stm32f4xx_hal_msp.o
                0x0800236c                HAL_MspInit
 .text.NMI_Handler
                0x080023bc        0x8 ./Core/Src/stm32f4xx_it.o
                0x080023bc                NMI_Handler
 .text.HardFault_Handler
                0x080023c4        0x8 ./Core/Src/stm32f4xx_it.o
                0x080023c4                HardFault_Handler
 .text.MemManage_Handler
                0x080023cc        0x8 ./Core/Src/stm32f4xx_it.o
                0x080023cc                MemManage_Handler
 .text.BusFault_Handler
                0x080023d4        0x8 ./Core/Src/stm32f4xx_it.o
                0x080023d4                BusFault_Handler
 .text.UsageFault_Handler
                0x080023dc        0x8 ./Core/Src/stm32f4xx_it.o
                0x080023dc                UsageFault_Handler
 .text.SVC_Handler
                0x080023e4        0xe ./Core/Src/stm32f4xx_it.o
                0x080023e4                SVC_Handler
 .text.DebugMon_Handler
                0x080023f2        0xe ./Core/Src/stm32f4xx_it.o
                0x080023f2                DebugMon_Handler
 .text.PendSV_Handler
                0x08002400        0xe ./Core/Src/stm32f4xx_it.o
                0x08002400                PendSV_Handler
 .text.SysTick_Handler
                0x0800240e        0xc ./Core/Src/stm32f4xx_it.o
                0x0800240e                SysTick_Handler
 *fill*         0x0800241a        0x2 
 .text.TIM2_IRQHandler
                0x0800241c       0x14 ./Core/Src/stm32f4xx_it.o
                0x0800241c                TIM2_IRQHandler
 .text.TIM3_IRQHandler
                0x08002430       0x14 ./Core/Src/stm32f4xx_it.o
                0x08002430                TIM3_IRQHandler
 .text.SystemInit
                0x08002444       0x24 ./Core/Src/system_stm32f4xx.o
                0x08002444                SystemInit
 .text.MX_TIM1_Init
                0x08002468       0xb0 ./Core/Src/tim.o
                0x08002468                MX_TIM1_Init
 .text.MX_TIM2_Init
                0x08002518       0x9c ./Core/Src/tim.o
                0x08002518                MX_TIM2_Init
 .text.MX_TIM3_Init
                0x080025b4       0x9c ./Core/Src/tim.o
                0x080025b4                MX_TIM3_Init
 .text.MX_TIM5_Init
                0x08002650       0xb4 ./Core/Src/tim.o
                0x08002650                MX_TIM5_Init
 .text.HAL_TIM_Encoder_MspInit
                0x08002704       0x90 ./Core/Src/tim.o
                0x08002704                HAL_TIM_Encoder_MspInit
 .text.HAL_TIM_Base_MspInit
                0x08002794       0x88 ./Core/Src/tim.o
                0x08002794                HAL_TIM_Base_MspInit
 .text.HAL_TIM_PWM_MspInit
                0x0800281c       0x44 ./Core/Src/tim.o
                0x0800281c                HAL_TIM_PWM_MspInit
 .text.HAL_TIM_MspPostInit
                0x08002860       0x74 ./Core/Src/tim.o
                0x08002860                HAL_TIM_MspPostInit
 .text.Reset_Handler
                0x080028d4       0x50 ./Core/Startup/startup_stm32f446retx.o
                0x080028d4                Reset_Handler
 .text.Default_Handler
                0x08002924        0x2 ./Core/Startup/startup_stm32f446retx.o
                0x08002924                RTC_Alarm_IRQHandler
                0x08002924                EXTI2_IRQHandler
                0x08002924                TIM8_CC_IRQHandler
                0x08002924                FMPI2C1_EV_IRQHandler
                0x08002924                SPI4_IRQHandler
                0x08002924                TIM1_CC_IRQHandler
                0x08002924                DMA2_Stream5_IRQHandler
                0x08002924                DMA1_Stream5_IRQHandler
                0x08002924                PVD_IRQHandler
                0x08002924                SDIO_IRQHandler
                0x08002924                TAMP_STAMP_IRQHandler
                0x08002924                CAN2_RX1_IRQHandler
                0x08002924                EXTI3_IRQHandler
                0x08002924                TIM8_TRG_COM_TIM14_IRQHandler
                0x08002924                TIM1_UP_TIM10_IRQHandler
                0x08002924                TIM8_UP_TIM13_IRQHandler
                0x08002924                I2C3_ER_IRQHandler
                0x08002924                EXTI0_IRQHandler
                0x08002924                I2C2_EV_IRQHandler
                0x08002924                DMA1_Stream2_IRQHandler
                0x08002924                CAN1_RX0_IRQHandler
                0x08002924                FPU_IRQHandler
                0x08002924                OTG_HS_WKUP_IRQHandler
                0x08002924                CAN2_SCE_IRQHandler
                0x08002924                DMA2_Stream2_IRQHandler
                0x08002924                SPI1_IRQHandler
                0x08002924                TIM6_DAC_IRQHandler
                0x08002924                TIM1_BRK_TIM9_IRQHandler
                0x08002924                DCMI_IRQHandler
                0x08002924                CAN2_RX0_IRQHandler
                0x08002924                DMA2_Stream3_IRQHandler
                0x08002924                SAI2_IRQHandler
                0x08002924                USART6_IRQHandler
                0x08002924                USART3_IRQHandler
                0x08002924                CAN1_RX1_IRQHandler
                0x08002924                UART5_IRQHandler
                0x08002924                DMA2_Stream0_IRQHandler
                0x08002924                TIM4_IRQHandler
                0x08002924                QUADSPI_IRQHandler
                0x08002924                I2C1_EV_IRQHandler
                0x08002924                DMA1_Stream6_IRQHandler
                0x08002924                DMA1_Stream1_IRQHandler
                0x08002924                UART4_IRQHandler
                0x08002924                RCC_IRQHandler
                0x08002924                TIM8_BRK_TIM12_IRQHandler
                0x08002924                Default_Handler
                0x08002924                CEC_IRQHandler
                0x08002924                EXTI15_10_IRQHandler
                0x08002924                ADC_IRQHandler
                0x08002924                DMA1_Stream7_IRQHandler
                0x08002924                TIM7_IRQHandler
                0x08002924                CAN2_TX_IRQHandler
                0x08002924                TIM5_IRQHandler
                0x08002924                DMA2_Stream7_IRQHandler
                0x08002924                I2C3_EV_IRQHandler
                0x08002924                EXTI9_5_IRQHandler
                0x08002924                RTC_WKUP_IRQHandler
                0x08002924                SPDIF_RX_IRQHandler
                0x08002924                SPI2_IRQHandler
                0x08002924                OTG_HS_EP1_IN_IRQHandler
                0x08002924                DMA1_Stream0_IRQHandler
                0x08002924                CAN1_TX_IRQHandler
                0x08002924                FMPI2C1_ER_IRQHandler
                0x08002924                EXTI4_IRQHandler
                0x08002924                OTG_HS_EP1_OUT_IRQHandler
                0x08002924                WWDG_IRQHandler
                0x08002924                OTG_FS_WKUP_IRQHandler
                0x08002924                TIM1_TRG_COM_TIM11_IRQHandler
                0x08002924                OTG_HS_IRQHandler
                0x08002924                EXTI1_IRQHandler
                0x08002924                USART2_IRQHandler
                0x08002924                I2C2_ER_IRQHandler
                0x08002924                DMA2_Stream1_IRQHandler
                0x08002924                CAN1_SCE_IRQHandler
                0x08002924                FLASH_IRQHandler
                0x08002924                DMA2_Stream4_IRQHandler
                0x08002924                USART1_IRQHandler
                0x08002924                OTG_FS_IRQHandler
                0x08002924                SPI3_IRQHandler
                0x08002924                DMA1_Stream4_IRQHandler
                0x08002924                I2C1_ER_IRQHandler
                0x08002924                FMC_IRQHandler
                0x08002924                DMA2_Stream6_IRQHandler
                0x08002924                SAI1_IRQHandler
                0x08002924                DMA1_Stream3_IRQHandler
 *fill*         0x08002926        0x2 
 .text.HAL_Init
                0x08002928       0x44 ./Drivers/STM32F4xx_HAL_Driver/Src/stm32f4xx_hal.o
                0x08002928                HAL_Init
 .text.HAL_InitTick
                0x0800296c       0x60 ./Drivers/STM32F4xx_HAL_Driver/Src/stm32f4xx_hal.o
                0x0800296c                HAL_InitTick
 .text.HAL_IncTick
                0x080029cc       0x28 ./Drivers/STM32F4xx_HAL_Driver/Src/stm32f4xx_hal.o
                0x080029cc                HAL_IncTick
 .text.HAL_GetTick
                0x080029f4       0x18 ./Drivers/STM32F4xx_HAL_Driver/Src/stm32f4xx_hal.o
                0x080029f4                HAL_GetTick
 .text.HAL_Delay
                0x08002a0c       0x48 ./Drivers/STM32F4xx_HAL_Driver/Src/stm32f4xx_hal.o
                0x08002a0c                HAL_Delay
 .text.__NVIC_SetPriorityGrouping
                0x08002a54       0x48 ./Drivers/STM32F4xx_HAL_Driver/Src/stm32f4xx_hal_cortex.o
 .text.__NVIC_GetPriorityGrouping
                0x08002a9c       0x1c ./Drivers/STM32F4xx_HAL_Driver/Src/stm32f4xx_hal_cortex.o
 .text.__NVIC_EnableIRQ
                0x08002ab8       0x3c ./Drivers/STM32F4xx_HAL_Driver/Src/stm32f4xx_hal_cortex.o
 .text.__NVIC_SetPriority
                0x08002af4       0x54 ./Drivers/STM32F4xx_HAL_Driver/Src/stm32f4xx_hal_cortex.o
 .text.NVIC_EncodePriority
                0x08002b48       0x66 ./Drivers/STM32F4xx_HAL_Driver/Src/stm32f4xx_hal_cortex.o
 *fill*         0x08002bae        0x2 
 .text.SysTick_Config
                0x08002bb0       0x44 ./Drivers/STM32F4xx_HAL_Driver/Src/stm32f4xx_hal_cortex.o
 .text.HAL_NVIC_SetPriorityGrouping
                0x08002bf4       0x16 ./Drivers/STM32F4xx_HAL_Driver/Src/stm32f4xx_hal_cortex.o
                0x08002bf4                HAL_NVIC_SetPriorityGrouping
 .text.HAL_NVIC_SetPriority
                0x08002c0a       0x38 ./Drivers/STM32F4xx_HAL_Driver/Src/stm32f4xx_hal_cortex.o
                0x08002c0a                HAL_NVIC_SetPriority
 .text.HAL_NVIC_EnableIRQ
                0x08002c42       0x1c ./Drivers/STM32F4xx_HAL_Driver/Src/stm32f4xx_hal_cortex.o
                0x08002c42                HAL_NVIC_EnableIRQ
 .text.HAL_SYSTICK_Config
                0x08002c5e       0x18 ./Drivers/STM32F4xx_HAL_Driver/Src/stm32f4xx_hal_cortex.o
                0x08002c5e                HAL_SYSTICK_Config
 *fill*         0x08002c76        0x2 
 .text.HAL_GPIO_Init
                0x08002c78      0x328 ./Drivers/STM32F4xx_HAL_Driver/Src/stm32f4xx_hal_gpio.o
                0x08002c78                HAL_GPIO_Init
 .text.HAL_GPIO_ReadPin
                0x08002fa0       0x30 ./Drivers/STM32F4xx_HAL_Driver/Src/stm32f4xx_hal_gpio.o
                0x08002fa0                HAL_GPIO_ReadPin
 .text.HAL_GPIO_WritePin
                0x08002fd0       0x32 ./Drivers/STM32F4xx_HAL_Driver/Src/stm32f4xx_hal_gpio.o
                0x08002fd0                HAL_GPIO_WritePin
 *fill*         0x08003002        0x2 
 .text.HAL_I2C_Init
                0x08003004      0x288 ./Drivers/STM32F4xx_HAL_Driver/Src/stm32f4xx_hal_i2c.o
                0x08003004                HAL_I2C_Init
 .text.HAL_I2C_Mem_Write
                0x0800328c      0x1f4 ./Drivers/STM32F4xx_HAL_Driver/Src/stm32f4xx_hal_i2c.o
                0x0800328c                HAL_I2C_Mem_Write
 .text.HAL_I2C_Mem_Read
                0x08003480      0x464 ./Drivers/STM32F4xx_HAL_Driver/Src/stm32f4xx_hal_i2c.o
                0x08003480                HAL_I2C_Mem_Read
 .text.HAL_I2C_IsDeviceReady
                0x080038e4      0x25c ./Drivers/STM32F4xx_HAL_Driver/Src/stm32f4xx_hal_i2c.o
                0x080038e4                HAL_I2C_IsDeviceReady
 .text.I2C_RequestMemoryWrite
                0x08003b40      0x12c ./Drivers/STM32F4xx_HAL_Driver/Src/stm32f4xx_hal_i2c.o
 .text.I2C_RequestMemoryRead
                0x08003c6c      0x1d0 ./Drivers/STM32F4xx_HAL_Driver/Src/stm32f4xx_hal_i2c.o
 .text.I2C_WaitOnFlagUntilTimeout
                0x08003e3c       0xf4 ./Drivers/STM32F4xx_HAL_Driver/Src/stm32f4xx_hal_i2c.o
 .text.I2C_WaitOnMasterAddressFlagUntilTimeout
                0x08003f30      0x140 ./Drivers/STM32F4xx_HAL_Driver/Src/stm32f4xx_hal_i2c.o
 .text.I2C_WaitOnTXEFlagUntilTimeout
                0x08004070       0x90 ./Drivers/STM32F4xx_HAL_Driver/Src/stm32f4xx_hal_i2c.o
 .text.I2C_WaitOnBTFFlagUntilTimeout
                0x08004100       0x90 ./Drivers/STM32F4xx_HAL_Driver/Src/stm32f4xx_hal_i2c.o
 .text.I2C_WaitOnRXNEFlagUntilTimeout
                0x08004190       0xba ./Drivers/STM32F4xx_HAL_Driver/Src/stm32f4xx_hal_i2c.o
 .text.I2C_IsAcknowledgeFailed
                0x0800424a       0x5e ./Drivers/STM32F4xx_HAL_Driver/Src/stm32f4xx_hal_i2c.o
 .text.HAL_RCC_ClockConfig
                0x080042a8      0x1cc ./Drivers/STM32F4xx_HAL_Driver/Src/stm32f4xx_hal_rcc.o
                0x080042a8                HAL_RCC_ClockConfig
 .text.HAL_RCC_GetHCLKFreq
                0x08004474       0x18 ./Drivers/STM32F4xx_HAL_Driver/Src/stm32f4xx_hal_rcc.o
                0x08004474                HAL_RCC_GetHCLKFreq
 .text.HAL_RCC_GetPCLK1Freq
                0x0800448c       0x28 ./Drivers/STM32F4xx_HAL_Driver/Src/stm32f4xx_hal_rcc.o
                0x0800448c                HAL_RCC_GetPCLK1Freq
 .text.HAL_RCC_GetSysClockFreq
                0x080044b4      0x354 ./Drivers/STM32F4xx_HAL_Driver/Src/stm32f4xx_hal_rcc_ex.o
                0x080044b4                HAL_RCC_GetSysClockFreq
 .text.HAL_RCC_OscConfig
                0x08004808      0x53c ./Drivers/STM32F4xx_HAL_Driver/Src/stm32f4xx_hal_rcc_ex.o
                0x08004808                HAL_RCC_OscConfig
 .text.HAL_TIM_Base_Init
                0x08004d44       0x9e ./Drivers/STM32F4xx_HAL_Driver/Src/stm32f4xx_hal_tim.o
                0x08004d44                HAL_TIM_Base_Init
 *fill*         0x08004de2        0x2 
 .text.HAL_TIM_Base_Start
                0x08004de4       0xd0 ./Drivers/STM32F4xx_HAL_Driver/Src/stm32f4xx_hal_tim.o
                0x08004de4                HAL_TIM_Base_Start
 .text.HAL_TIM_Base_Start_IT
                0x08004eb4       0xe0 ./Drivers/STM32F4xx_HAL_Driver/Src/stm32f4xx_hal_tim.o
                0x08004eb4                HAL_TIM_Base_Start_IT
 .text.HAL_TIM_PWM_Init
                0x08004f94       0x9e ./Drivers/STM32F4xx_HAL_Driver/Src/stm32f4xx_hal_tim.o
                0x08004f94                HAL_TIM_PWM_Init
 *fill*         0x08005032        0x2 
 .text.HAL_TIM_PWM_Start
                0x08005034      0x190 ./Drivers/STM32F4xx_HAL_Driver/Src/stm32f4xx_hal_tim.o
                0x08005034                HAL_TIM_PWM_Start
 .text.HAL_TIM_Encoder_Init
                0x080051c4      0x14c ./Drivers/STM32F4xx_HAL_Driver/Src/stm32f4xx_hal_tim.o
                0x080051c4                HAL_TIM_Encoder_Init
 .text.HAL_TIM_Encoder_Start
                0x08005310      0x11c ./Drivers/STM32F4xx_HAL_Driver/Src/stm32f4xx_hal_tim.o
                0x08005310                HAL_TIM_Encoder_Start
 .text.HAL_TIM_IRQHandler
                0x0800542c      0x1e0 ./Drivers/STM32F4xx_HAL_Driver/Src/stm32f4xx_hal_tim.o
                0x0800542c                HAL_TIM_IRQHandler
 .text.HAL_TIM_PWM_ConfigChannel
                0x0800560c      0x184 ./Drivers/STM32F4xx_HAL_Driver/Src/stm32f4xx_hal_tim.o
                0x0800560c                HAL_TIM_PWM_ConfigChannel
 .text.HAL_TIM_ConfigClockSource
                0x08005790      0x18e ./Drivers/STM32F4xx_HAL_Driver/Src/stm32f4xx_hal_tim.o
                0x08005790                HAL_TIM_ConfigClockSource
 .text.HAL_TIM_OC_DelayElapsedCallback
                0x0800591e       0x14 ./Drivers/STM32F4xx_HAL_Driver/Src/stm32f4xx_hal_tim.o
                0x0800591e                HAL_TIM_OC_DelayElapsedCallback
 .text.HAL_TIM_IC_CaptureCallback
                0x08005932       0x14 ./Drivers/STM32F4xx_HAL_Driver/Src/stm32f4xx_hal_tim.o
                0x08005932                HAL_TIM_IC_CaptureCallback
 .text.HAL_TIM_PWM_PulseFinishedCallback
                0x08005946       0x14 ./Drivers/STM32F4xx_HAL_Driver/Src/stm32f4xx_hal_tim.o
                0x08005946                HAL_TIM_PWM_PulseFinishedCallback
 .text.HAL_TIM_TriggerCallback
                0x0800595a       0x14 ./Drivers/STM32F4xx_HAL_Driver/Src/stm32f4xx_hal_tim.o
                0x0800595a                HAL_TIM_TriggerCallback
 *fill*         0x0800596e        0x2 
 .text.TIM_Base_SetConfig
                0x08005970      0x158 ./Drivers/STM32F4xx_HAL_Driver/Src/stm32f4xx_hal_tim.o
                0x08005970                TIM_Base_SetConfig
 .text.TIM_OC1_SetConfig
                0x08005ac8       0xe0 ./Drivers/STM32F4xx_HAL_Driver/Src/stm32f4xx_hal_tim.o
 .text.TIM_OC2_SetConfig
                0x08005ba8       0xec ./Drivers/STM32F4xx_HAL_Driver/Src/stm32f4xx_hal_tim.o
                0x08005ba8                TIM_OC2_SetConfig
 .text.TIM_OC3_SetConfig
                0x08005c94       0xe8 ./Drivers/STM32F4xx_HAL_Driver/Src/stm32f4xx_hal_tim.o
 .text.TIM_OC4_SetConfig
                0x08005d7c       0xac ./Drivers/STM32F4xx_HAL_Driver/Src/stm32f4xx_hal_tim.o
 .text.TIM_TI1_ConfigInputStage
                0x08005e28       0x5e ./Drivers/STM32F4xx_HAL_Driver/Src/stm32f4xx_hal_tim.o
 .text.TIM_TI2_ConfigInputStage
                0x08005e86       0x60 ./Drivers/STM32F4xx_HAL_Driver/Src/stm32f4xx_hal_tim.o
 .text.TIM_ITRx_SetConfig
                0x08005ee6       0x36 ./Drivers/STM32F4xx_HAL_Driver/Src/stm32f4xx_hal_tim.o
 .text.TIM_ETR_SetConfig
                0x08005f1c       0x40 ./Drivers/STM32F4xx_HAL_Driver/Src/stm32f4xx_hal_tim.o
                0x08005f1c                TIM_ETR_SetConfig
 .text.TIM_CCxChannelCmd
                0x08005f5c       0x4a ./Drivers/STM32F4xx_HAL_Driver/Src/stm32f4xx_hal_tim.o
                0x08005f5c                TIM_CCxChannelCmd
 *fill*         0x08005fa6        0x2 
 .text.HAL_TIMEx_MasterConfigSynchronization
                0x08005fa8       0xf8 ./Drivers/STM32F4xx_HAL_Driver/Src/stm32f4xx_hal_tim_ex.o
                0x08005fa8                HAL_TIMEx_MasterConfigSynchronization
 .text.HAL_TIMEx_CommutCallback
                0x080060a0       0x14 ./Drivers/STM32F4xx_HAL_Driver/Src/stm32f4xx_hal_tim_ex.o
                0x080060a0                HAL_TIMEx_CommutCallback
 .text.HAL_TIMEx_BreakCallback
                0x080060b4       0x14 ./Drivers/STM32F4xx_HAL_Driver/Src/stm32f4xx_hal_tim_ex.o
                0x080060b4                HAL_TIMEx_BreakCallback
 .text.memset   0x080060c8       0x10 C:/ST/STM32CubeIDE_1.16.0/STM32CubeIDE/plugins/com.st.stm32cube.ide.mcu.externaltools.gnu-tools-for-stm32.12.3.rel1.win32_1.0.200.202406191623/tools/bin/../lib/gcc/arm-none-eabi/12.3.1/../../../../arm-none-eabi/lib/thumb/v7e-m+fp/hard\libc_nano.a(libc_a-memset.o)
                0x080060c8                memset
 .text.__errno  0x080060d8        0xc C:/ST/STM32CubeIDE_1.16.0/STM32CubeIDE/plugins/com.st.stm32cube.ide.mcu.externaltools.gnu-tools-for-stm32.12.3.rel1.win32_1.0.200.202406191623/tools/bin/../lib/gcc/arm-none-eabi/12.3.1/../../../../arm-none-eabi/lib/thumb/v7e-m+fp/hard\libc_nano.a(libc_a-errno.o)
                0x080060d8                __errno
 .text.__libc_init_array
                0x080060e4       0x48 C:/ST/STM32CubeIDE_1.16.0/STM32CubeIDE/plugins/com.st.stm32cube.ide.mcu.externaltools.gnu-tools-for-stm32.12.3.rel1.win32_1.0.200.202406191623/tools/bin/../lib/gcc/arm-none-eabi/12.3.1/../../../../arm-none-eabi/lib/thumb/v7e-m+fp/hard\libc_nano.a(libc_a-init.o)
                0x080060e4                __libc_init_array
 .text.sqrt     0x0800612c       0x58 C:/ST/STM32CubeIDE_1.16.0/STM32CubeIDE/plugins/com.st.stm32cube.ide.mcu.externaltools.gnu-tools-for-stm32.12.3.rel1.win32_1.0.200.202406191623/tools/bin/../lib/gcc/arm-none-eabi/12.3.1/../../../../arm-none-eabi/lib/thumb/v7e-m+fp/hard\libm.a(libm_a-w_sqrt.o)
                0x0800612c                sqrt
 *fill*         0x08006184        0x4 
 .text.atan     0x08006188      0x330 C:/ST/STM32CubeIDE_1.16.0/STM32CubeIDE/plugins/com.st.stm32cube.ide.mcu.externaltools.gnu-tools-for-stm32.12.3.rel1.win32_1.0.200.202406191623/tools/bin/../lib/gcc/arm-none-eabi/12.3.1/../../../../arm-none-eabi/lib/thumb/v7e-m+fp/hard\libm.a(libm_a-s_atan.o)
                0x08006188                atan
 .text.fabs     0x080064b8       0x10 C:/ST/STM32CubeIDE_1.16.0/STM32CubeIDE/plugins/com.st.stm32cube.ide.mcu.externaltools.gnu-tools-for-stm32.12.3.rel1.win32_1.0.200.202406191623/tools/bin/../lib/gcc/arm-none-eabi/12.3.1/../../../../arm-none-eabi/lib/thumb/v7e-m+fp/hard\libm.a(libm_a-s_fabs.o)
                0x080064b8                fabs
 .text.__ieee754_sqrt
                0x080064c8      0x1b4 C:/ST/STM32CubeIDE_1.16.0/STM32CubeIDE/plugins/com.st.stm32cube.ide.mcu.externaltools.gnu-tools-for-stm32.12.3.rel1.win32_1.0.200.202406191623/tools/bin/../lib/gcc/arm-none-eabi/12.3.1/../../../../arm-none-eabi/lib/thumb/v7e-m+fp/hard\libm.a(libm_a-e_sqrt.o)
                0x080064c8                __ieee754_sqrt
 *(.glue_7)
 .glue_7        0x0800667c        0x0 linker stubs
 *(.glue_7t)
 .glue_7t       0x0800667c        0x0 linker stubs
 *(.eh_frame)
 .eh_frame      0x0800667c        0x0 C:/ST/STM32CubeIDE_1.16.0/STM32CubeIDE/plugins/com.st.stm32cube.ide.mcu.externaltools.gnu-tools-for-stm32.12.3.rel1.win32_1.0.200.202406191623/tools/bin/../lib/gcc/arm-none-eabi/12.3.1/thumb/v7e-m+fp/hard/crtbegin.o
 *(.init)
 .init          0x0800667c        0x4 C:/ST/STM32CubeIDE_1.16.0/STM32CubeIDE/plugins/com.st.stm32cube.ide.mcu.externaltools.gnu-tools-for-stm32.12.3.rel1.win32_1.0.200.202406191623/tools/bin/../lib/gcc/arm-none-eabi/12.3.1/thumb/v7e-m+fp/hard/crti.o
                0x0800667c                _init
 .init          0x08006680        0x8 C:/ST/STM32CubeIDE_1.16.0/STM32CubeIDE/plugins/com.st.stm32cube.ide.mcu.externaltools.gnu-tools-for-stm32.12.3.rel1.win32_1.0.200.202406191623/tools/bin/../lib/gcc/arm-none-eabi/12.3.1/thumb/v7e-m+fp/hard/crtn.o
 *(.fini)
 .fini          0x08006688        0x4 C:/ST/STM32CubeIDE_1.16.0/STM32CubeIDE/plugins/com.st.stm32cube.ide.mcu.externaltools.gnu-tools-for-stm32.12.3.rel1.win32_1.0.200.202406191623/tools/bin/../lib/gcc/arm-none-eabi/12.3.1/thumb/v7e-m+fp/hard/crti.o
                0x08006688                _fini
 .fini          0x0800668c        0x8 C:/ST/STM32CubeIDE_1.16.0/STM32CubeIDE/plugins/com.st.stm32cube.ide.mcu.externaltools.gnu-tools-for-stm32.12.3.rel1.win32_1.0.200.202406191623/tools/bin/../lib/gcc/arm-none-eabi/12.3.1/thumb/v7e-m+fp/hard/crtn.o
                0x08006694                        . = ALIGN (0x4)
                0x08006694                        _etext = .

.vfp11_veneer   0x08006694        0x0
 .vfp11_veneer  0x08006694        0x0 linker stubs

.v4_bx          0x08006694        0x0
 .v4_bx         0x08006694        0x0 linker stubs

.iplt           0x08006694        0x0
 .iplt          0x08006694        0x0 C:/ST/STM32CubeIDE_1.16.0/STM32CubeIDE/plugins/com.st.stm32cube.ide.mcu.externaltools.gnu-tools-for-stm32.12.3.rel1.win32_1.0.200.202406191623/tools/bin/../lib/gcc/arm-none-eabi/12.3.1/thumb/v7e-m+fp/hard/crtbegin.o

.rodata         0x08006698       0x58
                0x08006698                        . = ALIGN (0x4)
 *(.rodata)
 *(.rodata*)
 .rodata.AHBPrescTable
                0x08006698       0x10 ./Core/Src/system_stm32f4xx.o
                0x08006698                AHBPrescTable
 .rodata.APBPrescTable
                0x080066a8        0x8 ./Core/Src/system_stm32f4xx.o
                0x080066a8                APBPrescTable
 .rodata.atanlo
                0x080066b0       0x20 C:/ST/STM32CubeIDE_1.16.0/STM32CubeIDE/plugins/com.st.stm32cube.ide.mcu.externaltools.gnu-tools-for-stm32.12.3.rel1.win32_1.0.200.202406191623/tools/bin/../lib/gcc/arm-none-eabi/12.3.1/../../../../arm-none-eabi/lib/thumb/v7e-m+fp/hard\libm.a(libm_a-s_atan.o)
 .rodata.atanhi
                0x080066d0       0x20 C:/ST/STM32CubeIDE_1.16.0/STM32CubeIDE/plugins/com.st.stm32cube.ide.mcu.externaltools.gnu-tools-for-stm32.12.3.rel1.win32_1.0.200.202406191623/tools/bin/../lib/gcc/arm-none-eabi/12.3.1/../../../../arm-none-eabi/lib/thumb/v7e-m+fp/hard\libm.a(libm_a-s_atan.o)
                0x080066f0                        . = ALIGN (0x4)

.ARM.extab      0x080066f0        0x0
                0x080066f0                        . = ALIGN (0x4)
 *(.ARM.extab* .gnu.linkonce.armextab.*)
                0x080066f0                        . = ALIGN (0x4)

.ARM            0x080066f0        0x8
                0x080066f0                        . = ALIGN (0x4)
                0x080066f0                        __exidx_start = .
 *(.ARM.exidx*)
 .ARM.exidx     0x080066f0        0x8 C:/ST/STM32CubeIDE_1.16.0/STM32CubeIDE/plugins/com.st.stm32cube.ide.mcu.externaltools.gnu-tools-for-stm32.12.3.rel1.win32_1.0.200.202406191623/tools/bin/../lib/gcc/arm-none-eabi/12.3.1/thumb/v7e-m+fp/hard\libgcc.a(_udivmoddi4.o)
                0x080066f8                        __exidx_end = .
                0x080066f8                        . = ALIGN (0x4)

.preinit_array  0x080066f8        0x0
                0x080066f8                        . = ALIGN (0x4)
                0x080066f8                        PROVIDE (__preinit_array_start = .)
 *(.preinit_array*)
                0x080066f8                        PROVIDE (__preinit_array_end = .)
                0x080066f8                        . = ALIGN (0x4)

.init_array     0x080066f8        0x4
                0x080066f8                        . = ALIGN (0x4)
                0x080066f8                        PROVIDE (__init_array_start = .)
 *(SORT_BY_NAME(.init_array.*))
 *(.init_array*)
 .init_array    0x080066f8        0x4 C:/ST/STM32CubeIDE_1.16.0/STM32CubeIDE/plugins/com.st.stm32cube.ide.mcu.externaltools.gnu-tools-for-stm32.12.3.rel1.win32_1.0.200.202406191623/tools/bin/../lib/gcc/arm-none-eabi/12.3.1/thumb/v7e-m+fp/hard/crtbegin.o
                0x080066fc                        PROVIDE (__init_array_end = .)
                0x080066fc                        . = ALIGN (0x4)

.fini_array     0x080066fc        0x4
                0x080066fc                        . = ALIGN (0x4)
                [!provide]                        PROVIDE (__fini_array_start = .)
 *(SORT_BY_NAME(.fini_array.*))
 *(.fini_array*)
 .fini_array    0x080066fc        0x4 C:/ST/STM32CubeIDE_1.16.0/STM32CubeIDE/plugins/com.st.stm32cube.ide.mcu.externaltools.gnu-tools-for-stm32.12.3.rel1.win32_1.0.200.202406191623/tools/bin/../lib/gcc/arm-none-eabi/12.3.1/thumb/v7e-m+fp/hard/crtbegin.o
                [!provide]                        PROVIDE (__fini_array_end = .)
                0x08006700                        . = ALIGN (0x4)
                0x08006700                        _sidata = LOADADDR (.data)

.rel.dyn        0x08006700        0x0
 .rel.iplt      0x08006700        0x0 C:/ST/STM32CubeIDE_1.16.0/STM32CubeIDE/plugins/com.st.stm32cube.ide.mcu.externaltools.gnu-tools-for-stm32.12.3.rel1.win32_1.0.200.202406191623/tools/bin/../lib/gcc/arm-none-eabi/12.3.1/thumb/v7e-m+fp/hard/crtbegin.o

.data           0x20000000       0xa0 load address 0x08006700
                0x20000000                        . = ALIGN (0x4)
                0x20000000                        _sdata = .
 *(.data)
 *(.data*)
 .data.Kp_in    0x20000000        0x4 ./Core/Src/main.o
                0x20000000                Kp_in
 .data.Ki_in    0x20000004        0x4 ./Core/Src/main.o
                0x20000004                Ki_in
 .data.Kd_in    0x20000008        0x4 ./Core/Src/main.o
                0x20000008                Kd_in
 .data.Kp_ex    0x2000000c        0x4 ./Core/Src/main.o
                0x2000000c                Kp_ex
 .data.set_point_angle
                0x20000010        0x4 ./Core/Src/main.o
                0x20000010                set_point_angle
 .data.max_angle
                0x20000014        0x4 ./Core/Src/main.o
                0x20000014                max_angle
 .data.max_rpm  0x20000018        0x4 ./Core/Src/main.o
                0x20000018                max_rpm
 .data.max_pwm  0x2000001c        0x4 ./Core/Src/main.o
                0x2000001c                max_pwm
 .data.gy_bias  0x20000020        0x4 ./Core/Src/mpu6050.o
                0x20000020                gy_bias
 .data.gz_bias  0x20000024        0x4 ./Core/Src/mpu6050.o
                0x20000024                gz_bias
 .data.ax_bias  0x20000028        0x4 ./Core/Src/mpu6050.o
                0x20000028                ax_bias
 .data.ay_bias  0x2000002c        0x4 ./Core/Src/mpu6050.o
                0x2000002c                ay_bias
 .data.az_bias  0x20000030        0x4 ./Core/Src/mpu6050.o
                0x20000030                az_bias
 .data.SystemCoreClock
                0x20000034        0x4 ./Core/Src/system_stm32f4xx.o
                0x20000034                SystemCoreClock
 .data.uwTickPrio
                0x20000038        0x4 ./Drivers/STM32F4xx_HAL_Driver/Src/stm32f4xx_hal.o
                0x20000038                uwTickPrio
 .data.uwTickFreq
                0x2000003c        0x1 ./Drivers/STM32F4xx_HAL_Driver/Src/stm32f4xx_hal.o
                0x2000003c                uwTickFreq
 *fill*         0x2000003d        0x3 
 .data._impure_ptr
                0x20000040        0x4 C:/ST/STM32CubeIDE_1.16.0/STM32CubeIDE/plugins/com.st.stm32cube.ide.mcu.externaltools.gnu-tools-for-stm32.12.3.rel1.win32_1.0.200.202406191623/tools/bin/../lib/gcc/arm-none-eabi/12.3.1/../../../../arm-none-eabi/lib/thumb/v7e-m+fp/hard\libc_nano.a(libc_a-impure.o)
                0x20000040                _impure_ptr
 .data._impure_data
                0x20000044       0x4c C:/ST/STM32CubeIDE_1.16.0/STM32CubeIDE/plugins/com.st.stm32cube.ide.mcu.externaltools.gnu-tools-for-stm32.12.3.rel1.win32_1.0.200.202406191623/tools/bin/../lib/gcc/arm-none-eabi/12.3.1/../../../../arm-none-eabi/lib/thumb/v7e-m+fp/hard\libc_nano.a(libc_a-impure.o)
                0x20000044                _impure_data
 .data.tiny     0x20000090        0x8 C:/ST/STM32CubeIDE_1.16.0/STM32CubeIDE/plugins/com.st.stm32cube.ide.mcu.externaltools.gnu-tools-for-stm32.12.3.rel1.win32_1.0.200.202406191623/tools/bin/../lib/gcc/arm-none-eabi/12.3.1/../../../../arm-none-eabi/lib/thumb/v7e-m+fp/hard\libm.a(libm_a-e_sqrt.o)
 .data.one      0x20000098        0x8 C:/ST/STM32CubeIDE_1.16.0/STM32CubeIDE/plugins/com.st.stm32cube.ide.mcu.externaltools.gnu-tools-for-stm32.12.3.rel1.win32_1.0.200.202406191623/tools/bin/../lib/gcc/arm-none-eabi/12.3.1/../../../../arm-none-eabi/lib/thumb/v7e-m+fp/hard\libm.a(libm_a-e_sqrt.o)
 *(.RamFunc)
 *(.RamFunc*)
                0x200000a0                        . = ALIGN (0x4)
                0x200000a0                        _edata = .

.igot.plt       0x200000a0        0x0 load address 0x080067a0
 .igot.plt      0x200000a0        0x0 C:/ST/STM32CubeIDE_1.16.0/STM32CubeIDE/plugins/com.st.stm32cube.ide.mcu.externaltools.gnu-tools-for-stm32.12.3.rel1.win32_1.0.200.202406191623/tools/bin/../lib/gcc/arm-none-eabi/12.3.1/thumb/v7e-m+fp/hard/crtbegin.o
                0x200000a0                        . = ALIGN (0x4)

.bss            0x200000a0      0x3cc load address 0x080067a0
                0x200000a0                        _sbss = .
                0x200000a0                        __bss_start__ = _sbss
 *(.bss)
 .bss           0x200000a0       0x1c C:/ST/STM32CubeIDE_1.16.0/STM32CubeIDE/plugins/com.st.stm32cube.ide.mcu.externaltools.gnu-tools-for-stm32.12.3.rel1.win32_1.0.200.202406191623/tools/bin/../lib/gcc/arm-none-eabi/12.3.1/thumb/v7e-m+fp/hard/crtbegin.o
 *(.bss*)
 .bss.hi2c1     0x200000bc       0x54 ./Core/Src/i2c.o
                0x200000bc                hi2c1
 .bss.filter    0x20000110       0x28 ./Core/Src/kalman_filter.o
                0x20000110                filter
 .bss.pitch     0x20000138        0x4 ./Core/Src/main.o
                0x20000138                pitch
 .bss.new_angle
                0x2000013c        0x4 ./Core/Src/main.o
                0x2000013c                new_angle
 .bss.data      0x20000140       0x18 ./Core/Src/main.o
                0x20000140                data
 .bss.status    0x20000158        0x1 ./Core/Src/main.o
                0x20000158                status
 *fill*         0x20000159        0x3 
 .bss.enc       0x2000015c       0x14 ./Core/Src/main.o
                0x2000015c                enc
 .bss.pid_in    0x20000170       0x38 ./Core/Src/main.o
                0x20000170                pid_in
 .bss.pid_ex    0x200001a8       0x38 ./Core/Src/main.o
                0x200001a8                pid_ex
 .bss.Ki_ex     0x200001e0        0x4 ./Core/Src/main.o
                0x200001e0                Ki_ex
 .bss.Kd_ex     0x200001e4        0x4 ./Core/Src/main.o
                0x200001e4                Kd_ex
 .bss.pwm       0x200001e8        0x4 ./Core/Src/main.o
                0x200001e8                pwm
 .bss.rpm_y     0x200001ec        0x4 ./Core/Src/main.o
                0x200001ec                rpm_y
 .bss.rpm_r     0x200001f0        0x4 ./Core/Src/main.o
                0x200001f0                rpm_r
 .bss.vertical  0x200001f4        0x4 ./Core/Src/main.o
                0x200001f4                vertical
 .bss.gx_bias   0x200001f8        0x4 ./Core/Src/mpu6050.o
                0x200001f8                gx_bias
 .bss.p_action  0x200001fc        0x4 ./Core/Src/pid.o
                0x200001fc                p_action
 .bss.i_action  0x20000200        0x4 ./Core/Src/pid.o
                0x20000200                i_action
 .bss.d_action  0x20000204        0x4 ./Core/Src/pid.o
                0x20000204                d_action
 .bss.error_debug
                0x20000208        0x4 ./Core/Src/pid.o
                0x20000208                error_debug
 .bss.last_u    0x2000020c        0x4 ./Core/Src/pid.o
 .bss.htim1     0x20000210       0x48 ./Core/Src/tim.o
                0x20000210                htim1
 .bss.htim2     0x20000258       0x48 ./Core/Src/tim.o
                0x20000258                htim2
 .bss.htim3     0x200002a0       0x48 ./Core/Src/tim.o
                0x200002a0                htim3
 .bss.htim5     0x200002e8       0x48 ./Core/Src/tim.o
                0x200002e8                htim5
 .bss.uwTick    0x20000330        0x4 ./Drivers/STM32F4xx_HAL_Driver/Src/stm32f4xx_hal.o
                0x20000330                uwTick
 .bss.__sf      0x20000334      0x138 C:/ST/STM32CubeIDE_1.16.0/STM32CubeIDE/plugins/com.st.stm32cube.ide.mcu.externaltools.gnu-tools-for-stm32.12.3.rel1.win32_1.0.200.202406191623/tools/bin/../lib/gcc/arm-none-eabi/12.3.1/../../../../arm-none-eabi/lib/thumb/v7e-m+fp/hard\libc_nano.a(libc_a-findfp.o)
                0x20000334                __sf
 *(COMMON)
                0x2000046c                        . = ALIGN (0x4)
                0x2000046c                        _ebss = .
                0x2000046c                        __bss_end__ = _ebss

._user_heap_stack
                0x2000046c      0x604 load address 0x080067a0
                0x20000470                        . = ALIGN (0x8)
 *fill*         0x2000046c        0x4 
                [!provide]                        PROVIDE (end = .)
                0x20000470                        PROVIDE (_end = .)
                0x20000670                        . = (. + _Min_Heap_Size)
 *fill*         0x20000470      0x200 
                0x20000a70                        . = (. + _Min_Stack_Size)
 *fill*         0x20000670      0x400 
                0x20000a70                        . = ALIGN (0x8)

/DISCARD/
 libc.a(*)
 libm.a(*)
 libgcc.a(*)

.ARM.attributes
                0x00000000       0x30
 *(.ARM.attributes)
 .ARM.attributes
                0x00000000       0x22 C:/ST/STM32CubeIDE_1.16.0/STM32CubeIDE/plugins/com.st.stm32cube.ide.mcu.externaltools.gnu-tools-for-stm32.12.3.rel1.win32_1.0.200.202406191623/tools/bin/../lib/gcc/arm-none-eabi/12.3.1/thumb/v7e-m+fp/hard/crti.o
 .ARM.attributes
                0x00000022       0x34 C:/ST/STM32CubeIDE_1.16.0/STM32CubeIDE/plugins/com.st.stm32cube.ide.mcu.externaltools.gnu-tools-for-stm32.12.3.rel1.win32_1.0.200.202406191623/tools/bin/../lib/gcc/arm-none-eabi/12.3.1/thumb/v7e-m+fp/hard/crtbegin.o
 .ARM.attributes
                0x00000056       0x34 ./Core/Src/encoder.o
 .ARM.attributes
                0x0000008a       0x34 ./Core/Src/gpio.o
 .ARM.attributes
                0x000000be       0x34 ./Core/Src/i2c.o
 .ARM.attributes
                0x000000f2       0x34 ./Core/Src/kalman_filter.o
 .ARM.attributes
                0x00000126       0x34 ./Core/Src/main.o
 .ARM.attributes
                0x0000015a       0x34 ./Core/Src/mpu6050.o
 .ARM.attributes
                0x0000018e       0x34 ./Core/Src/nidec_h24.o
 .ARM.attributes
                0x000001c2       0x34 ./Core/Src/pid.o
 .ARM.attributes
                0x000001f6       0x34 ./Core/Src/stm32f4xx_hal_msp.o
 .ARM.attributes
                0x0000022a       0x34 ./Core/Src/stm32f4xx_it.o
 .ARM.attributes
                0x0000025e       0x34 ./Core/Src/system_stm32f4xx.o
 .ARM.attributes
                0x00000292       0x34 ./Core/Src/tim.o
 .ARM.attributes
                0x000002c6       0x21 ./Core/Startup/startup_stm32f446retx.o
 .ARM.attributes
                0x000002e7       0x34 ./Drivers/STM32F4xx_HAL_Driver/Src/stm32f4xx_hal.o
 .ARM.attributes
                0x0000031b       0x34 ./Drivers/STM32F4xx_HAL_Driver/Src/stm32f4xx_hal_cortex.o
 .ARM.attributes
                0x0000034f       0x34 ./Drivers/STM32F4xx_HAL_Driver/Src/stm32f4xx_hal_gpio.o
 .ARM.attributes
                0x00000383       0x34 ./Drivers/STM32F4xx_HAL_Driver/Src/stm32f4xx_hal_i2c.o
 .ARM.attributes
                0x000003b7       0x34 ./Drivers/STM32F4xx_HAL_Driver/Src/stm32f4xx_hal_rcc.o
 .ARM.attributes
                0x000003eb       0x34 ./Drivers/STM32F4xx_HAL_Driver/Src/stm32f4xx_hal_rcc_ex.o
 .ARM.attributes
                0x0000041f       0x34 ./Drivers/STM32F4xx_HAL_Driver/Src/stm32f4xx_hal_tim.o
 .ARM.attributes
                0x00000453       0x34 ./Drivers/STM32F4xx_HAL_Driver/Src/stm32f4xx_hal_tim_ex.o
 .ARM.attributes
                0x00000487       0x34 C:/ST/STM32CubeIDE_1.16.0/STM32CubeIDE/plugins/com.st.stm32cube.ide.mcu.externaltools.gnu-tools-for-stm32.12.3.rel1.win32_1.0.200.202406191623/tools/bin/../lib/gcc/arm-none-eabi/12.3.1/../../../../arm-none-eabi/lib/thumb/v7e-m+fp/hard\libc_nano.a(libc_a-findfp.o)
 .ARM.attributes
                0x000004bb       0x34 C:/ST/STM32CubeIDE_1.16.0/STM32CubeIDE/plugins/com.st.stm32cube.ide.mcu.externaltools.gnu-tools-for-stm32.12.3.rel1.win32_1.0.200.202406191623/tools/bin/../lib/gcc/arm-none-eabi/12.3.1/../../../../arm-none-eabi/lib/thumb/v7e-m+fp/hard\libc_nano.a(libc_a-memset.o)
 .ARM.attributes
                0x000004ef       0x34 C:/ST/STM32CubeIDE_1.16.0/STM32CubeIDE/plugins/com.st.stm32cube.ide.mcu.externaltools.gnu-tools-for-stm32.12.3.rel1.win32_1.0.200.202406191623/tools/bin/../lib/gcc/arm-none-eabi/12.3.1/../../../../arm-none-eabi/lib/thumb/v7e-m+fp/hard\libc_nano.a(libc_a-impure.o)
 .ARM.attributes
                0x00000523       0x34 C:/ST/STM32CubeIDE_1.16.0/STM32CubeIDE/plugins/com.st.stm32cube.ide.mcu.externaltools.gnu-tools-for-stm32.12.3.rel1.win32_1.0.200.202406191623/tools/bin/../lib/gcc/arm-none-eabi/12.3.1/../../../../arm-none-eabi/lib/thumb/v7e-m+fp/hard\libc_nano.a(libc_a-errno.o)
 .ARM.attributes
                0x00000557       0x34 C:/ST/STM32CubeIDE_1.16.0/STM32CubeIDE/plugins/com.st.stm32cube.ide.mcu.externaltools.gnu-tools-for-stm32.12.3.rel1.win32_1.0.200.202406191623/tools/bin/../lib/gcc/arm-none-eabi/12.3.1/../../../../arm-none-eabi/lib/thumb/v7e-m+fp/hard\libc_nano.a(libc_a-init.o)
 .ARM.attributes
                0x0000058b       0x34 C:/ST/STM32CubeIDE_1.16.0/STM32CubeIDE/plugins/com.st.stm32cube.ide.mcu.externaltools.gnu-tools-for-stm32.12.3.rel1.win32_1.0.200.202406191623/tools/bin/../lib/gcc/arm-none-eabi/12.3.1/../../../../arm-none-eabi/lib/thumb/v7e-m+fp/hard\libm.a(libm_a-w_sqrt.o)
 .ARM.attributes
                0x000005bf       0x34 C:/ST/STM32CubeIDE_1.16.0/STM32CubeIDE/plugins/com.st.stm32cube.ide.mcu.externaltools.gnu-tools-for-stm32.12.3.rel1.win32_1.0.200.202406191623/tools/bin/../lib/gcc/arm-none-eabi/12.3.1/../../../../arm-none-eabi/lib/thumb/v7e-m+fp/hard\libm.a(libm_a-s_atan.o)
 .ARM.attributes
                0x000005f3       0x34 C:/ST/STM32CubeIDE_1.16.0/STM32CubeIDE/plugins/com.st.stm32cube.ide.mcu.externaltools.gnu-tools-for-stm32.12.3.rel1.win32_1.0.200.202406191623/tools/bin/../lib/gcc/arm-none-eabi/12.3.1/../../../../arm-none-eabi/lib/thumb/v7e-m+fp/hard\libm.a(libm_a-s_fabs.o)
 .ARM.attributes
                0x00000627       0x34 C:/ST/STM32CubeIDE_1.16.0/STM32CubeIDE/plugins/com.st.stm32cube.ide.mcu.externaltools.gnu-tools-for-stm32.12.3.rel1.win32_1.0.200.202406191623/tools/bin/../lib/gcc/arm-none-eabi/12.3.1/../../../../arm-none-eabi/lib/thumb/v7e-m+fp/hard\libm.a(libm_a-e_sqrt.o)
 .ARM.attributes
                0x0000065b       0x22 C:/ST/STM32CubeIDE_1.16.0/STM32CubeIDE/plugins/com.st.stm32cube.ide.mcu.externaltools.gnu-tools-for-stm32.12.3.rel1.win32_1.0.200.202406191623/tools/bin/../lib/gcc/arm-none-eabi/12.3.1/thumb/v7e-m+fp/hard\libgcc.a(_arm_addsubdf3.o)
 .ARM.attributes
                0x0000067d       0x22 C:/ST/STM32CubeIDE_1.16.0/STM32CubeIDE/plugins/com.st.stm32cube.ide.mcu.externaltools.gnu-tools-for-stm32.12.3.rel1.win32_1.0.200.202406191623/tools/bin/../lib/gcc/arm-none-eabi/12.3.1/thumb/v7e-m+fp/hard\libgcc.a(_arm_muldivdf3.o)
 .ARM.attributes
                0x0000069f       0x22 C:/ST/STM32CubeIDE_1.16.0/STM32CubeIDE/plugins/com.st.stm32cube.ide.mcu.externaltools.gnu-tools-for-stm32.12.3.rel1.win32_1.0.200.202406191623/tools/bin/../lib/gcc/arm-none-eabi/12.3.1/thumb/v7e-m+fp/hard\libgcc.a(_arm_cmpdf2.o)
 .ARM.attributes
                0x000006c1       0x22 C:/ST/STM32CubeIDE_1.16.0/STM32CubeIDE/plugins/com.st.stm32cube.ide.mcu.externaltools.gnu-tools-for-stm32.12.3.rel1.win32_1.0.200.202406191623/tools/bin/../lib/gcc/arm-none-eabi/12.3.1/thumb/v7e-m+fp/hard\libgcc.a(_arm_unorddf2.o)
 .ARM.attributes
                0x000006e3       0x22 C:/ST/STM32CubeIDE_1.16.0/STM32CubeIDE/plugins/com.st.stm32cube.ide.mcu.externaltools.gnu-tools-for-stm32.12.3.rel1.win32_1.0.200.202406191623/tools/bin/../lib/gcc/arm-none-eabi/12.3.1/thumb/v7e-m+fp/hard\libgcc.a(_arm_fixdfsi.o)
 .ARM.attributes
                0x00000705       0x22 C:/ST/STM32CubeIDE_1.16.0/STM32CubeIDE/plugins/com.st.stm32cube.ide.mcu.externaltools.gnu-tools-for-stm32.12.3.rel1.win32_1.0.200.202406191623/tools/bin/../lib/gcc/arm-none-eabi/12.3.1/thumb/v7e-m+fp/hard\libgcc.a(_arm_fixunsdfsi.o)
 .ARM.attributes
                0x00000727       0x22 C:/ST/STM32CubeIDE_1.16.0/STM32CubeIDE/plugins/com.st.stm32cube.ide.mcu.externaltools.gnu-tools-for-stm32.12.3.rel1.win32_1.0.200.202406191623/tools/bin/../lib/gcc/arm-none-eabi/12.3.1/thumb/v7e-m+fp/hard\libgcc.a(_arm_truncdfsf2.o)
 .ARM.attributes
                0x00000749       0x22 C:/ST/STM32CubeIDE_1.16.0/STM32CubeIDE/plugins/com.st.stm32cube.ide.mcu.externaltools.gnu-tools-for-stm32.12.3.rel1.win32_1.0.200.202406191623/tools/bin/../lib/gcc/arm-none-eabi/12.3.1/thumb/v7e-m+fp/hard\libgcc.a(_aeabi_uldivmod.o)
 .ARM.attributes
                0x0000076b       0x34 C:/ST/STM32CubeIDE_1.16.0/STM32CubeIDE/plugins/com.st.stm32cube.ide.mcu.externaltools.gnu-tools-for-stm32.12.3.rel1.win32_1.0.200.202406191623/tools/bin/../lib/gcc/arm-none-eabi/12.3.1/thumb/v7e-m+fp/hard\libgcc.a(_udivmoddi4.o)
 .ARM.attributes
                0x0000079f       0x22 C:/ST/STM32CubeIDE_1.16.0/STM32CubeIDE/plugins/com.st.stm32cube.ide.mcu.externaltools.gnu-tools-for-stm32.12.3.rel1.win32_1.0.200.202406191623/tools/bin/../lib/gcc/arm-none-eabi/12.3.1/thumb/v7e-m+fp/hard\libgcc.a(_dvmd_tls.o)
 .ARM.attributes
                0x000007c1       0x22 C:/ST/STM32CubeIDE_1.16.0/STM32CubeIDE/plugins/com.st.stm32cube.ide.mcu.externaltools.gnu-tools-for-stm32.12.3.rel1.win32_1.0.200.202406191623/tools/bin/../lib/gcc/arm-none-eabi/12.3.1/thumb/v7e-m+fp/hard/crtn.o
OUTPUT(main_test.elf elf32-littlearm)
LOAD linker stubs
LOAD C:/ST/STM32CubeIDE_1.16.0/STM32CubeIDE/plugins/com.st.stm32cube.ide.mcu.externaltools.gnu-tools-for-stm32.12.3.rel1.win32_1.0.200.202406191623/tools/bin/../lib/gcc/arm-none-eabi/12.3.1/../../../../arm-none-eabi/lib/thumb/v7e-m+fp/hard\libc.a
LOAD C:/ST/STM32CubeIDE_1.16.0/STM32CubeIDE/plugins/com.st.stm32cube.ide.mcu.externaltools.gnu-tools-for-stm32.12.3.rel1.win32_1.0.200.202406191623/tools/bin/../lib/gcc/arm-none-eabi/12.3.1/../../../../arm-none-eabi/lib/thumb/v7e-m+fp/hard\libm.a
LOAD C:/ST/STM32CubeIDE_1.16.0/STM32CubeIDE/plugins/com.st.stm32cube.ide.mcu.externaltools.gnu-tools-for-stm32.12.3.rel1.win32_1.0.200.202406191623/tools/bin/../lib/gcc/arm-none-eabi/12.3.1/thumb/v7e-m+fp/hard\libgcc.a

.debug_info     0x00000000     0xf70b
 .debug_info    0x00000000      0x845 ./Core/Src/encoder.o
 .debug_info    0x00000845      0x41d ./Core/Src/gpio.o
 .debug_info    0x00000c62      0xa4f ./Core/Src/i2c.o
 .debug_info    0x000016b1      0x2c2 ./Core/Src/kalman_filter.o
 .debug_info    0x00001973     0x10a0 ./Core/Src/main.o
 .debug_info    0x00002a13      0xae7 ./Core/Src/mpu6050.o
 .debug_info    0x000034fa      0xafc ./Core/Src/nidec_h24.o
 .debug_info    0x00003ff6      0x3a1 ./Core/Src/pid.o
 .debug_info    0x00004397      0x299 ./Core/Src/stm32f4xx_hal_msp.o
 .debug_info    0x00004630      0x6f9 ./Core/Src/stm32f4xx_it.o
 .debug_info    0x00004d29      0x54a ./Core/Src/system_stm32f4xx.o
 .debug_info    0x00005273     0x113f ./Core/Src/tim.o
 .debug_info    0x000063b2       0x30 ./Core/Startup/startup_stm32f446retx.o
 .debug_info    0x000063e2      0x99a ./Drivers/STM32F4xx_HAL_Driver/Src/stm32f4xx_hal.o
 .debug_info    0x00006d7c      0xdaa ./Drivers/STM32F4xx_HAL_Driver/Src/stm32f4xx_hal_cortex.o
 .debug_info    0x00007b26      0x70b ./Drivers/STM32F4xx_HAL_Driver/Src/stm32f4xx_hal_gpio.o
 .debug_info    0x00008231     0x2421 ./Drivers/STM32F4xx_HAL_Driver/Src/stm32f4xx_hal_i2c.o
 .debug_info    0x0000a652      0x8eb ./Drivers/STM32F4xx_HAL_Driver/Src/stm32f4xx_hal_rcc.o
 .debug_info    0x0000af3d      0x956 ./Drivers/STM32F4xx_HAL_Driver/Src/stm32f4xx_hal_rcc_ex.o
 .debug_info    0x0000b893     0x299d ./Drivers/STM32F4xx_HAL_Driver/Src/stm32f4xx_hal_tim.o
 .debug_info    0x0000e230     0x14db ./Drivers/STM32F4xx_HAL_Driver/Src/stm32f4xx_hal_tim_ex.o

.debug_abbrev   0x00000000     0x289b
 .debug_abbrev  0x00000000      0x1eb ./Core/Src/encoder.o
 .debug_abbrev  0x000001eb      0x152 ./Core/Src/gpio.o
 .debug_abbrev  0x0000033d      0x217 ./Core/Src/i2c.o
 .debug_abbrev  0x00000554      0x14f ./Core/Src/kalman_filter.o
 .debug_abbrev  0x000006a3      0x2bd ./Core/Src/main.o
 .debug_abbrev  0x00000960      0x1d9 ./Core/Src/mpu6050.o
 .debug_abbrev  0x00000b39      0x22c ./Core/Src/nidec_h24.o
 .debug_abbrev  0x00000d65      0x192 ./Core/Src/pid.o
 .debug_abbrev  0x00000ef7       0xd8 ./Core/Src/stm32f4xx_hal_msp.o
 .debug_abbrev  0x00000fcf      0x194 ./Core/Src/stm32f4xx_it.o
 .debug_abbrev  0x00001163      0x11a ./Core/Src/system_stm32f4xx.o
 .debug_abbrev  0x0000127d      0x28c ./Core/Src/tim.o
 .debug_abbrev  0x00001509       0x24 ./Core/Startup/startup_stm32f446retx.o
 .debug_abbrev  0x0000152d      0x214 ./Drivers/STM32F4xx_HAL_Driver/Src/stm32f4xx_hal.o
 .debug_abbrev  0x00001741      0x31d ./Drivers/STM32F4xx_HAL_Driver/Src/stm32f4xx_hal_cortex.o
 .debug_abbrev  0x00001a5e      0x1d4 ./Drivers/STM32F4xx_HAL_Driver/Src/stm32f4xx_hal_gpio.o
 .debug_abbrev  0x00001c32      0x2ad ./Drivers/STM32F4xx_HAL_Driver/Src/stm32f4xx_hal_i2c.o
 .debug_abbrev  0x00001edf      0x2b7 ./Drivers/STM32F4xx_HAL_Driver/Src/stm32f4xx_hal_rcc.o
 .debug_abbrev  0x00002196      0x20a ./Drivers/STM32F4xx_HAL_Driver/Src/stm32f4xx_hal_rcc_ex.o
 .debug_abbrev  0x000023a0      0x278 ./Drivers/STM32F4xx_HAL_Driver/Src/stm32f4xx_hal_tim.o
 .debug_abbrev  0x00002618      0x283 ./Drivers/STM32F4xx_HAL_Driver/Src/stm32f4xx_hal_tim_ex.o

.debug_aranges  0x00000000      0xee8
 .debug_aranges
                0x00000000       0x40 ./Core/Src/encoder.o
 .debug_aranges
                0x00000040       0x20 ./Core/Src/gpio.o
 .debug_aranges
                0x00000060       0x38 ./Core/Src/i2c.o
 .debug_aranges
                0x00000098       0x68 ./Core/Src/kalman_filter.o
 .debug_aranges
                0x00000100       0x38 ./Core/Src/main.o
 .debug_aranges
                0x00000138       0x68 ./Core/Src/mpu6050.o
 .debug_aranges
                0x000001a0       0x48 ./Core/Src/nidec_h24.o
 .debug_aranges
                0x000001e8       0x58 ./Core/Src/pid.o
 .debug_aranges
                0x00000240       0x20 ./Core/Src/stm32f4xx_hal_msp.o
 .debug_aranges
                0x00000260       0x70 ./Core/Src/stm32f4xx_it.o
 .debug_aranges
                0x000002d0       0x28 ./Core/Src/system_stm32f4xx.o
 .debug_aranges
                0x000002f8       0x70 ./Core/Src/tim.o
 .debug_aranges
                0x00000368       0x28 ./Core/Startup/startup_stm32f446retx.o
 .debug_aranges
                0x00000390       0xf0 ./Drivers/STM32F4xx_HAL_Driver/Src/stm32f4xx_hal.o
 .debug_aranges
                0x00000480      0x130 ./Drivers/STM32F4xx_HAL_Driver/Src/stm32f4xx_hal_cortex.o
 .debug_aranges
                0x000005b0       0x58 ./Drivers/STM32F4xx_HAL_Driver/Src/stm32f4xx_hal_gpio.o
 .debug_aranges
                0x00000608      0x2a8 ./Drivers/STM32F4xx_HAL_Driver/Src/stm32f4xx_hal_i2c.o
 .debug_aranges
                0x000008b0       0x88 ./Drivers/STM32F4xx_HAL_Driver/Src/stm32f4xx_hal_rcc.o
 .debug_aranges
                0x00000938       0x78 ./Drivers/STM32F4xx_HAL_Driver/Src/stm32f4xx_hal_rcc_ex.o
 .debug_aranges
                0x000009b0      0x3d0 ./Drivers/STM32F4xx_HAL_Driver/Src/stm32f4xx_hal_tim.o
 .debug_aranges
                0x00000d80      0x168 ./Drivers/STM32F4xx_HAL_Driver/Src/stm32f4xx_hal_tim_ex.o

.debug_rnglists
                0x00000000      0xb92
 .debug_rnglists
                0x00000000       0x2d ./Core/Src/encoder.o
 .debug_rnglists
                0x0000002d       0x14 ./Core/Src/gpio.o
 .debug_rnglists
                0x00000041       0x27 ./Core/Src/i2c.o
 .debug_rnglists
                0x00000068       0x4a ./Core/Src/kalman_filter.o
 .debug_rnglists
                0x000000b2       0x28 ./Core/Src/main.o
 .debug_rnglists
                0x000000da       0x50 ./Core/Src/mpu6050.o
 .debug_rnglists
                0x0000012a       0x33 ./Core/Src/nidec_h24.o
 .debug_rnglists
                0x0000015d       0x3e ./Core/Src/pid.o
 .debug_rnglists
                0x0000019b       0x13 ./Core/Src/stm32f4xx_hal_msp.o
 .debug_rnglists
                0x000001ae       0x4f ./Core/Src/stm32f4xx_it.o
 .debug_rnglists
                0x000001fd       0x1a ./Core/Src/system_stm32f4xx.o
 .debug_rnglists
                0x00000217       0x55 ./Core/Src/tim.o
 .debug_rnglists
                0x0000026c       0x19 ./Core/Startup/startup_stm32f446retx.o
 .debug_rnglists
                0x00000285       0xaf ./Drivers/STM32F4xx_HAL_Driver/Src/stm32f4xx_hal.o
 .debug_rnglists
                0x00000334       0xe0 ./Drivers/STM32F4xx_HAL_Driver/Src/stm32f4xx_hal_cortex.o
 .debug_rnglists
                0x00000414       0x3f ./Drivers/STM32F4xx_HAL_Driver/Src/stm32f4xx_hal_gpio.o
 .debug_rnglists
                0x00000453      0x23c ./Drivers/STM32F4xx_HAL_Driver/Src/stm32f4xx_hal_i2c.o
 .debug_rnglists
                0x0000068f       0x66 ./Drivers/STM32F4xx_HAL_Driver/Src/stm32f4xx_hal_rcc.o
 .debug_rnglists
                0x000006f5       0x5e ./Drivers/STM32F4xx_HAL_Driver/Src/stm32f4xx_hal_rcc_ex.o
 .debug_rnglists
                0x00000753      0x31a ./Drivers/STM32F4xx_HAL_Driver/Src/stm32f4xx_hal_tim.o
 .debug_rnglists
                0x00000a6d      0x125 ./Drivers/STM32F4xx_HAL_Driver/Src/stm32f4xx_hal_tim_ex.o

.debug_macro    0x00000000    0x21a00
 .debug_macro   0x00000000      0x2aa ./Core/Src/encoder.o
 .debug_macro   0x000002aa      0x29b ./Core/Src/encoder.o
 .debug_macro   0x00000545       0x2e ./Core/Src/encoder.o
 .debug_macro   0x00000573       0x28 ./Core/Src/encoder.o
 .debug_macro   0x0000059b       0x8e ./Core/Src/encoder.o
 .debug_macro   0x00000629       0x51 ./Core/Src/encoder.o
 .debug_macro   0x0000067a      0x103 ./Core/Src/encoder.o
 .debug_macro   0x0000077d       0x6a ./Core/Src/encoder.o
 .debug_macro   0x000007e7      0x1df ./Core/Src/encoder.o
 .debug_macro   0x000009c6       0x1c ./Core/Src/encoder.o
 .debug_macro   0x000009e2       0x22 ./Core/Src/encoder.o
 .debug_macro   0x00000a04       0xfb ./Core/Src/encoder.o
 .debug_macro   0x00000aff     0x1011 ./Core/Src/encoder.o
 .debug_macro   0x00001b10      0x11f ./Core/Src/encoder.o
 .debug_macro   0x00001c2f    0x16749 ./Core/Src/encoder.o
 .debug_macro   0x00018378       0x6d ./Core/Src/encoder.o
 .debug_macro   0x000183e5     0x369a ./Core/Src/encoder.o
 .debug_macro   0x0001ba7f       0x5c ./Core/Src/encoder.o
 .debug_macro   0x0001badb      0xca5 ./Core/Src/encoder.o
 .debug_macro   0x0001c780      0x9e9 ./Core/Src/encoder.o
 .debug_macro   0x0001d169      0x115 ./Core/Src/encoder.o
 .debug_macro   0x0001d27e      0x1a0 ./Core/Src/encoder.o
 .debug_macro   0x0001d41e       0xa5 ./Core/Src/encoder.o
 .debug_macro   0x0001d4c3      0x16d ./Core/Src/encoder.o
 .debug_macro   0x0001d630      0x287 ./Core/Src/encoder.o
 .debug_macro   0x0001d8b7       0x5f ./Core/Src/encoder.o
 .debug_macro   0x0001d916      0x236 ./Core/Src/encoder.o
 .debug_macro   0x0001db4c      0x132 ./Core/Src/encoder.o
 .debug_macro   0x0001dc7e      0x29c ./Core/Src/encoder.o
 .debug_macro   0x0001df1a       0x2e ./Core/Src/encoder.o
 .debug_macro   0x0001df48      0x1b5 ./Core/Src/encoder.o
 .debug_macro   0x0001e0fd       0x22 ./Core/Src/encoder.o
 .debug_macro   0x0001e11f       0xd6 ./Core/Src/encoder.o
 .debug_macro   0x0001e1f5      0x127 ./Core/Src/encoder.o
 .debug_macro   0x0001e31c       0xe8 ./Core/Src/encoder.o
 .debug_macro   0x0001e404       0x89 ./Core/Src/encoder.o
 .debug_macro   0x0001e48d      0x8ed ./Core/Src/encoder.o
 .debug_macro   0x0001ed7a       0x53 ./Core/Src/encoder.o
 .debug_macro   0x0001edcd      0x126 ./Core/Src/encoder.o
 .debug_macro   0x0001eef3       0x10 ./Core/Src/encoder.o
 .debug_macro   0x0001ef03       0x10 ./Core/Src/encoder.o
 .debug_macro   0x0001ef13       0x61 ./Core/Src/encoder.o
 .debug_macro   0x0001ef74      0x1f6 ./Core/Src/gpio.o
 .debug_macro   0x0001f16a      0x1f6 ./Core/Src/i2c.o
 .debug_macro   0x0001f360       0x1a ./Core/Src/kalman_filter.o
 .debug_macro   0x0001f37a       0x10 ./Core/Src/kalman_filter.o
 .debug_macro   0x0001f38a      0x327 ./Core/Src/main.o
 .debug_macro   0x0001f6b1       0x16 ./Core/Src/main.o
 .debug_macro   0x0001f6c7       0x35 ./Core/Src/main.o
 .debug_macro   0x0001f6fc       0x10 ./Core/Src/main.o
 .debug_macro   0x0001f70c       0x16 ./Core/Src/main.o
 .debug_macro   0x0001f722       0x16 ./Core/Src/main.o
 .debug_macro   0x0001f738      0x146 ./Core/Src/main.o
 .debug_macro   0x0001f87e       0x16 ./Core/Src/main.o
 .debug_macro   0x0001f894       0xbe ./Core/Src/main.o
 .debug_macro   0x0001f952       0x22 ./Core/Src/main.o
 .debug_macro   0x0001f974      0x2cd ./Core/Src/mpu6050.o
 .debug_macro   0x0001fc41       0xb8 ./Core/Src/mpu6050.o
 .debug_macro   0x0001fcf9       0x16 ./Core/Src/mpu6050.o
 .debug_macro   0x0001fd0f      0x2da ./Core/Src/nidec_h24.o
 .debug_macro   0x0001ffe9      0x2a1 ./Core/Src/pid.o
 .debug_macro   0x0002028a      0x1ec ./Core/Src/stm32f4xx_hal_msp.o
 .debug_macro   0x00020476      0x1f6 ./Core/Src/stm32f4xx_it.o
 .debug_macro   0x0002066c      0x1dd ./Core/Src/system_stm32f4xx.o
 .debug_macro   0x00020849      0x1f6 ./Core/Src/tim.o
 .debug_macro   0x00020a3f      0x23d ./Drivers/STM32F4xx_HAL_Driver/Src/stm32f4xx_hal.o
 .debug_macro   0x00020c7c      0x1dd ./Drivers/STM32F4xx_HAL_Driver/Src/stm32f4xx_hal_cortex.o
 .debug_macro   0x00020e59      0x1e3 ./Drivers/STM32F4xx_HAL_Driver/Src/stm32f4xx_hal_gpio.o
 .debug_macro   0x0002103c      0x22b ./Drivers/STM32F4xx_HAL_Driver/Src/stm32f4xx_hal_i2c.o
 .debug_macro   0x00021267      0x201 ./Drivers/STM32F4xx_HAL_Driver/Src/stm32f4xx_hal_rcc.o
 .debug_macro   0x00021468      0x1dd ./Drivers/STM32F4xx_HAL_Driver/Src/stm32f4xx_hal_rcc_ex.o
 .debug_macro   0x00021645      0x1de ./Drivers/STM32F4xx_HAL_Driver/Src/stm32f4xx_hal_tim.o
 .debug_macro   0x00021823      0x1dd ./Drivers/STM32F4xx_HAL_Driver/Src/stm32f4xx_hal_tim_ex.o

.debug_line     0x00000000    0x13aa4
 .debug_line    0x00000000      0x9cc ./Core/Src/encoder.o
 .debug_line    0x000009cc      0x776 ./Core/Src/gpio.o
 .debug_line    0x00001142      0x83d ./Core/Src/i2c.o
 .debug_line    0x0000197f      0x21f ./Core/Src/kalman_filter.o
 .debug_line    0x00001b9e      0xa44 ./Core/Src/main.o
 .debug_line    0x000025e2      0xba0 ./Core/Src/mpu6050.o
 .debug_line    0x00003182      0x9a2 ./Core/Src/nidec_h24.o
 .debug_line    0x00003b24      0xa1c ./Core/Src/pid.o
 .debug_line    0x00004540      0x768 ./Core/Src/stm32f4xx_hal_msp.o
 .debug_line    0x00004ca8      0x85a ./Core/Src/stm32f4xx_it.o
 .debug_line    0x00005502      0x7ec ./Core/Src/system_stm32f4xx.o
 .debug_line    0x00005cee      0x9b1 ./Core/Src/tim.o
 .debug_line    0x0000669f       0x7a ./Core/Startup/startup_stm32f446retx.o
 .debug_line    0x00006719      0xa55 ./Drivers/STM32F4xx_HAL_Driver/Src/stm32f4xx_hal.o
 .debug_line    0x0000716e      0xd47 ./Drivers/STM32F4xx_HAL_Driver/Src/stm32f4xx_hal_cortex.o
 .debug_line    0x00007eb5      0xbcd ./Drivers/STM32F4xx_HAL_Driver/Src/stm32f4xx_hal_gpio.o
 .debug_line    0x00008a82     0x3b9b ./Drivers/STM32F4xx_HAL_Driver/Src/stm32f4xx_hal_i2c.o
 .debug_line    0x0000c61d      0xdea ./Drivers/STM32F4xx_HAL_Driver/Src/stm32f4xx_hal_rcc.o
 .debug_line    0x0000d407     0x1459 ./Drivers/STM32F4xx_HAL_Driver/Src/stm32f4xx_hal_rcc_ex.o
 .debug_line    0x0000e860     0x37f9 ./Drivers/STM32F4xx_HAL_Driver/Src/stm32f4xx_hal_tim.o
 .debug_line    0x00012059     0x1a4b ./Drivers/STM32F4xx_HAL_Driver/Src/stm32f4xx_hal_tim_ex.o

.debug_str      0x00000000    0xd197f
 .debug_str     0x00000000    0xccdfb ./Core/Src/encoder.o
                              0xcd162 (size before relaxing)
 .debug_str     0x000ccdfb      0x1fb ./Core/Src/gpio.o
                              0xc9406 (size before relaxing)
 .debug_str     0x000ccff6      0x32b ./Core/Src/i2c.o
                              0xc99a2 (size before relaxing)
 .debug_str     0x000cd321      0x123 ./Core/Src/kalman_filter.o
                               0x2f59 (size before relaxing)
 .debug_str     0x000cd444      0xca1 ./Core/Src/main.o
                              0xcdf85 (size before relaxing)
 .debug_str     0x000ce0e5      0x141 ./Core/Src/mpu6050.o
                              0xcd1d6 (size before relaxing)
 .debug_str     0x000ce226       0xa4 ./Core/Src/nidec_h24.o
                              0xcd9b4 (size before relaxing)
 .debug_str     0x000ce2ca       0xcb ./Core/Src/pid.o
                              0xccc69 (size before relaxing)
 .debug_str     0x000ce395       0x2c ./Core/Src/stm32f4xx_hal_msp.o
                              0xc933b (size before relaxing)
 .debug_str     0x000ce3c1       0xfc ./Core/Src/stm32f4xx_it.o
                              0xc9810 (size before relaxing)
 .debug_str     0x000ce4bd       0xdb ./Core/Src/system_stm32f4xx.o
                              0xc93b7 (size before relaxing)
 .debug_str     0x000ce598      0x84f ./Core/Src/tim.o
                              0xca201 (size before relaxing)
 .debug_str     0x000cede7       0x44 ./Core/Startup/startup_stm32f446retx.o
                                 0xb5 (size before relaxing)
 .debug_str     0x000cee2b      0x601 ./Drivers/STM32F4xx_HAL_Driver/Src/stm32f4xx_hal.o
                              0xc9f7c (size before relaxing)
 .debug_str     0x000cf42c      0x361 ./Drivers/STM32F4xx_HAL_Driver/Src/stm32f4xx_hal_cortex.o
                              0xc9cd3 (size before relaxing)
 .debug_str     0x000cf78d      0x10b ./Drivers/STM32F4xx_HAL_Driver/Src/stm32f4xx_hal_gpio.o
                              0xc9532 (size before relaxing)
 .debug_str     0x000cf898      0xb23 ./Drivers/STM32F4xx_HAL_Driver/Src/stm32f4xx_hal_i2c.o
                              0xca3b5 (size before relaxing)
 .debug_str     0x000d03bb      0x213 ./Drivers/STM32F4xx_HAL_Driver/Src/stm32f4xx_hal_rcc.o
                              0xc97f0 (size before relaxing)
 .debug_str     0x000d05ce      0x324 ./Drivers/STM32F4xx_HAL_Driver/Src/stm32f4xx_hal_rcc_ex.o
                              0xc9823 (size before relaxing)
 .debug_str     0x000d08f2      0xbfa ./Drivers/STM32F4xx_HAL_Driver/Src/stm32f4xx_hal_tim.o
                              0xca71c (size before relaxing)
 .debug_str     0x000d14ec      0x493 ./Drivers/STM32F4xx_HAL_Driver/Src/stm32f4xx_hal_tim_ex.o
                              0xc9f28 (size before relaxing)

.comment        0x00000000       0x43
 .comment       0x00000000       0x43 ./Core/Src/encoder.o
                                 0x44 (size before relaxing)
 .comment       0x00000043       0x44 ./Core/Src/gpio.o
 .comment       0x00000043       0x44 ./Core/Src/i2c.o
 .comment       0x00000043       0x44 ./Core/Src/kalman_filter.o
 .comment       0x00000043       0x44 ./Core/Src/main.o
 .comment       0x00000043       0x44 ./Core/Src/mpu6050.o
 .comment       0x00000043       0x44 ./Core/Src/nidec_h24.o
 .comment       0x00000043       0x44 ./Core/Src/pid.o
 .comment       0x00000043       0x44 ./Core/Src/stm32f4xx_hal_msp.o
 .comment       0x00000043       0x44 ./Core/Src/stm32f4xx_it.o
 .comment       0x00000043       0x44 ./Core/Src/system_stm32f4xx.o
 .comment       0x00000043       0x44 ./Core/Src/tim.o
 .comment       0x00000043       0x44 ./Drivers/STM32F4xx_HAL_Driver/Src/stm32f4xx_hal.o
 .comment       0x00000043       0x44 ./Drivers/STM32F4xx_HAL_Driver/Src/stm32f4xx_hal_cortex.o
 .comment       0x00000043       0x44 ./Drivers/STM32F4xx_HAL_Driver/Src/stm32f4xx_hal_gpio.o
 .comment       0x00000043       0x44 ./Drivers/STM32F4xx_HAL_Driver/Src/stm32f4xx_hal_i2c.o
 .comment       0x00000043       0x44 ./Drivers/STM32F4xx_HAL_Driver/Src/stm32f4xx_hal_rcc.o
 .comment       0x00000043       0x44 ./Drivers/STM32F4xx_HAL_Driver/Src/stm32f4xx_hal_rcc_ex.o
 .comment       0x00000043       0x44 ./Drivers/STM32F4xx_HAL_Driver/Src/stm32f4xx_hal_tim.o
 .comment       0x00000043       0x44 ./Drivers/STM32F4xx_HAL_Driver/Src/stm32f4xx_hal_tim_ex.o

.debug_frame    0x00000000     0x4234
 .debug_frame   0x00000000       0xc8 ./Core/Src/encoder.o
 .debug_frame   0x000000c8       0x34 ./Core/Src/gpio.o
 .debug_frame   0x000000fc       0x98 ./Core/Src/i2c.o
 .debug_frame   0x00000194      0x1a8 ./Core/Src/kalman_filter.o
 .debug_frame   0x0000033c       0x90 ./Core/Src/main.o
 .debug_frame   0x000003cc      0x188 ./Core/Src/mpu6050.o
 .debug_frame   0x00000554       0xe4 ./Core/Src/nidec_h24.o
 .debug_frame   0x00000638      0x144 ./Core/Src/pid.o
 .debug_frame   0x0000077c       0x38 ./Core/Src/stm32f4xx_hal_msp.o
 .debug_frame   0x000007b4      0x13c ./Core/Src/stm32f4xx_it.o
 .debug_frame   0x000008f0       0x58 ./Core/Src/system_stm32f4xx.o
 .debug_frame   0x00000948      0x1a4 ./Core/Src/tim.o
 .debug_frame   0x00000aec      0x374 ./Drivers/STM32F4xx_HAL_Driver/Src/stm32f4xx_hal.o
 .debug_frame   0x00000e60      0x508 ./Drivers/STM32F4xx_HAL_Driver/Src/stm32f4xx_hal_cortex.o
 .debug_frame   0x00001368      0x14c ./Drivers/STM32F4xx_HAL_Driver/Src/stm32f4xx_hal_gpio.o
 .debug_frame   0x000014b4      0xc84 ./Drivers/STM32F4xx_HAL_Driver/Src/stm32f4xx_hal_i2c.o
 .debug_frame   0x00002138      0x1f4 ./Drivers/STM32F4xx_HAL_Driver/Src/stm32f4xx_hal_rcc.o
 .debug_frame   0x0000232c      0x1e8 ./Drivers/STM32F4xx_HAL_Driver/Src/stm32f4xx_hal_rcc_ex.o
 .debug_frame   0x00002514     0x11c0 ./Drivers/STM32F4xx_HAL_Driver/Src/stm32f4xx_hal_tim.o
 .debug_frame   0x000036d4      0x638 ./Drivers/STM32F4xx_HAL_Driver/Src/stm32f4xx_hal_tim_ex.o
 .debug_frame   0x00003d0c      0x144 C:/ST/STM32CubeIDE_1.16.0/STM32CubeIDE/plugins/com.st.stm32cube.ide.mcu.externaltools.gnu-tools-for-stm32.12.3.rel1.win32_1.0.200.202406191623/tools/bin/../lib/gcc/arm-none-eabi/12.3.1/../../../../arm-none-eabi/lib/thumb/v7e-m+fp/hard\libc_nano.a(libc_a-findfp.o)
 .debug_frame   0x00003e50       0x20 C:/ST/STM32CubeIDE_1.16.0/STM32CubeIDE/plugins/com.st.stm32cube.ide.mcu.externaltools.gnu-tools-for-stm32.12.3.rel1.win32_1.0.200.202406191623/tools/bin/../lib/gcc/arm-none-eabi/12.3.1/../../../../arm-none-eabi/lib/thumb/v7e-m+fp/hard\libc_nano.a(libc_a-memset.o)
 .debug_frame   0x00003e70       0x20 C:/ST/STM32CubeIDE_1.16.0/STM32CubeIDE/plugins/com.st.stm32cube.ide.mcu.externaltools.gnu-tools-for-stm32.12.3.rel1.win32_1.0.200.202406191623/tools/bin/../lib/gcc/arm-none-eabi/12.3.1/../../../../arm-none-eabi/lib/thumb/v7e-m+fp/hard\libc_nano.a(libc_a-errno.o)
 .debug_frame   0x00003e90       0x2c C:/ST/STM32CubeIDE_1.16.0/STM32CubeIDE/plugins/com.st.stm32cube.ide.mcu.externaltools.gnu-tools-for-stm32.12.3.rel1.win32_1.0.200.202406191623/tools/bin/../lib/gcc/arm-none-eabi/12.3.1/../../../../arm-none-eabi/lib/thumb/v7e-m+fp/hard\libc_nano.a(libc_a-init.o)
 .debug_frame   0x00003ebc       0x3c C:/ST/STM32CubeIDE_1.16.0/STM32CubeIDE/plugins/com.st.stm32cube.ide.mcu.externaltools.gnu-tools-for-stm32.12.3.rel1.win32_1.0.200.202406191623/tools/bin/../lib/gcc/arm-none-eabi/12.3.1/../../../../arm-none-eabi/lib/thumb/v7e-m+fp/hard\libm.a(libm_a-w_sqrt.o)
 .debug_frame   0x00003ef8       0x38 C:/ST/STM32CubeIDE_1.16.0/STM32CubeIDE/plugins/com.st.stm32cube.ide.mcu.externaltools.gnu-tools-for-stm32.12.3.rel1.win32_1.0.200.202406191623/tools/bin/../lib/gcc/arm-none-eabi/12.3.1/../../../../arm-none-eabi/lib/thumb/v7e-m+fp/hard\libm.a(libm_a-s_atan.o)
 .debug_frame   0x00003f30       0x20 C:/ST/STM32CubeIDE_1.16.0/STM32CubeIDE/plugins/com.st.stm32cube.ide.mcu.externaltools.gnu-tools-for-stm32.12.3.rel1.win32_1.0.200.202406191623/tools/bin/../lib/gcc/arm-none-eabi/12.3.1/../../../../arm-none-eabi/lib/thumb/v7e-m+fp/hard\libm.a(libm_a-s_fabs.o)
 .debug_frame   0x00003f50       0x38 C:/ST/STM32CubeIDE_1.16.0/STM32CubeIDE/plugins/com.st.stm32cube.ide.mcu.externaltools.gnu-tools-for-stm32.12.3.rel1.win32_1.0.200.202406191623/tools/bin/../lib/gcc/arm-none-eabi/12.3.1/../../../../arm-none-eabi/lib/thumb/v7e-m+fp/hard\libm.a(libm_a-e_sqrt.o)
 .debug_frame   0x00003f88       0xac C:/ST/STM32CubeIDE_1.16.0/STM32CubeIDE/plugins/com.st.stm32cube.ide.mcu.externaltools.gnu-tools-for-stm32.12.3.rel1.win32_1.0.200.202406191623/tools/bin/../lib/gcc/arm-none-eabi/12.3.1/thumb/v7e-m+fp/hard\libgcc.a(_arm_addsubdf3.o)
 .debug_frame   0x00004034       0x50 C:/ST/STM32CubeIDE_1.16.0/STM32CubeIDE/plugins/com.st.stm32cube.ide.mcu.externaltools.gnu-tools-for-stm32.12.3.rel1.win32_1.0.200.202406191623/tools/bin/../lib/gcc/arm-none-eabi/12.3.1/thumb/v7e-m+fp/hard\libgcc.a(_arm_muldivdf3.o)
 .debug_frame   0x00004084       0xc4 C:/ST/STM32CubeIDE_1.16.0/STM32CubeIDE/plugins/com.st.stm32cube.ide.mcu.externaltools.gnu-tools-for-stm32.12.3.rel1.win32_1.0.200.202406191623/tools/bin/../lib/gcc/arm-none-eabi/12.3.1/thumb/v7e-m+fp/hard\libgcc.a(_arm_cmpdf2.o)
 .debug_frame   0x00004148       0x20 C:/ST/STM32CubeIDE_1.16.0/STM32CubeIDE/plugins/com.st.stm32cube.ide.mcu.externaltools.gnu-tools-for-stm32.12.3.rel1.win32_1.0.200.202406191623/tools/bin/../lib/gcc/arm-none-eabi/12.3.1/thumb/v7e-m+fp/hard\libgcc.a(_arm_unorddf2.o)
 .debug_frame   0x00004168       0x24 C:/ST/STM32CubeIDE_1.16.0/STM32CubeIDE/plugins/com.st.stm32cube.ide.mcu.externaltools.gnu-tools-for-stm32.12.3.rel1.win32_1.0.200.202406191623/tools/bin/../lib/gcc/arm-none-eabi/12.3.1/thumb/v7e-m+fp/hard\libgcc.a(_arm_fixdfsi.o)
 .debug_frame   0x0000418c       0x24 C:/ST/STM32CubeIDE_1.16.0/STM32CubeIDE/plugins/com.st.stm32cube.ide.mcu.externaltools.gnu-tools-for-stm32.12.3.rel1.win32_1.0.200.202406191623/tools/bin/../lib/gcc/arm-none-eabi/12.3.1/thumb/v7e-m+fp/hard\libgcc.a(_arm_fixunsdfsi.o)
 .debug_frame   0x000041b0       0x24 C:/ST/STM32CubeIDE_1.16.0/STM32CubeIDE/plugins/com.st.stm32cube.ide.mcu.externaltools.gnu-tools-for-stm32.12.3.rel1.win32_1.0.200.202406191623/tools/bin/../lib/gcc/arm-none-eabi/12.3.1/thumb/v7e-m+fp/hard\libgcc.a(_arm_truncdfsf2.o)
 .debug_frame   0x000041d4       0x2c C:/ST/STM32CubeIDE_1.16.0/STM32CubeIDE/plugins/com.st.stm32cube.ide.mcu.externaltools.gnu-tools-for-stm32.12.3.rel1.win32_1.0.200.202406191623/tools/bin/../lib/gcc/arm-none-eabi/12.3.1/thumb/v7e-m+fp/hard\libgcc.a(_aeabi_uldivmod.o)
 .debug_frame   0x00004200       0x34 C:/ST/STM32CubeIDE_1.16.0/STM32CubeIDE/plugins/com.st.stm32cube.ide.mcu.externaltools.gnu-tools-for-stm32.12.3.rel1.win32_1.0.200.202406191623/tools/bin/../lib/gcc/arm-none-eabi/12.3.1/thumb/v7e-m+fp/hard\libgcc.a(_udivmoddi4.o)

.debug_line_str
                0x00000000       0x99
 .debug_line_str
                0x00000000       0x99 ./Core/Startup/startup_stm32f446retx.o
