../Core/Src/mpu6050.c:13:6:calculate_gyroscope_bias	32	static
../Core/Src/mpu6050.c:31:6:mpu6050_init	32	static
../Core/Src/mpu6050.c:60:6:mpu6050_read_data	32	static
../Core/Src/mpu6050.c:65:9:mpu6050_raw_accx	24	static
../Core/Src/mpu6050.c:71:9:mpu6050_raw_accy	24	static
../Core/Src/mpu6050.c:77:9:mpu6050_raw_accz	24	static
../Core/Src/mpu6050.c:83:9:mpu6050_accx	8	static
../Core/Src/mpu6050.c:87:9:mpu6050_accy	8	static
../Core/Src/mpu6050.c:91:9:mpu6050_accz	8	static
../Core/Src/mpu6050.c:96:7:mpu6050_raw_temp	24	static
../Core/Src/mpu6050.c:104:9:mpu6050_raw_gyrox	24	static
../Core/Src/mpu6050.c:110:9:mpu6050_raw_gyroy	24	static
../Core/Src/mpu6050.c:116:9:mpu6050_raw_gyroz	24	static
../Core/Src/mpu6050.c:122:9:mpu6050_gyrox	8	static
../Core/Src/mpu6050.c:126:9:mpu6050_gyroy	8	static
../Core/Src/mpu6050.c:130:9:mpu6050_gyroz	8	static
../Core/Src/mpu6050.c:136:7:mpu6050_temp_celsius	16	static
../Core/Src/mpu6050.c:150:7:kalman_filter	48	static
