17:46:30 **** Incremental Build of configuration Debug for project encoder_library ****
make -j12 all 
arm-none-eabi-gcc "../Core/Src/main.c" -mcpu=cortex-m4 -std=gnu11 -g3 -DDEBUG -DUSE_HAL_DRIVER -DSTM32F446xx -c -I../Core/Inc -I../Drivers/STM32F4xx_HAL_Driver/Inc -I../Drivers/STM32F4xx_HAL_Driver/Inc/Legacy -I../Drivers/CMSIS/Device/ST/STM32F4xx/Include -I../Drivers/CMSIS/Include -O0 -ffunction-sections -fdata-sections -Wall -fstack-usage -fcyclomatic-complexity -MMD -MP -MF"Core/Src/main.d" -MT"Core/Src/main.o" --specs=nano.specs -mfpu=fpv4-sp-d16 -mfloat-abi=hard -mthumb -o "Core/Src/main.o"
arm-none-eabi-gcc -o "encoder_library.elf" @"objects.list"   -mcpu=cortex-m4 -T"C:\Users\Francesco Stasi\OneDrive - Politecnico di Bari\UNI_Embedded_Control\Self-balancing-bike\encoder_library\STM32F446RETX_FLASH.ld" --specs=nosys.specs -Wl,-Map="encoder_library.map" -Wl,--gc-sections -static --specs=nano.specs -mfpu=fpv4-sp-d16 -mfloat-abi=hard -mthumb -Wl,--start-group -lc -lm -Wl,--end-group
Finished building target: encoder_library.elf
 
arm-none-eabi-size  encoder_library.elf 
arm-none-eabi-objdump -h -S encoder_library.elf  > "encoder_library.list"
   text	   data	    bss	    dec	    hex	filename
  20724	     28	   1908	  22660	   5884	encoder_library.elf
Finished building: default.size.stdout
 
Finished building: encoder_library.list
 

17:46:31 Build Finished. 0 errors, 0 warnings. (took 858ms)

