17:22:12 **** Incremental Build of configuration Debug for project main_test ****
make -j12 all 
arm-none-eabi-gcc "../Core/Src/main.c" -mcpu=cortex-m4 -std=gnu11 -g3 -DDEBUG -DUSE_HAL_DRIVER -DSTM32F446xx -c -I../Core/Inc -I../Drivers/STM32F4xx_HAL_Driver/Inc -I../Drivers/STM32F4xx_HAL_Driver/Inc/Legacy -I../Drivers/CMSIS/Device/ST/STM32F4xx/Include -I../Drivers/CMSIS/Include -O0 -ffunction-sections -fdata-sections -Wall -fstack-usage -fcyclomatic-complexity -MMD -MP -MF"Core/Src/main.d" -MT"Core/Src/main.o" --specs=nano.specs -mfpu=fpv4-sp-d16 -mfloat-abi=hard -mthumb -o "Core/Src/main.o"
arm-none-eabi-gcc -o "main_test.elf" @"objects.list"   -mcpu=cortex-m4 -T"C:\Users\Francesco Stasi\OneDrive - Politecnico di Bari\UNI_Embedded_Control\Self-balancing-bike\main_test\STM32F446RETX_FLASH.ld" --specs=nosys.specs -Wl,-Map="main_test.map" -Wl,--gc-sections -static --specs=nano.specs -mfpu=fpv4-sp-d16 -mfloat-abi=hard -mthumb -Wl,--start-group -lc -lm -Wl,--end-group
Finished building target: main_test.elf
 
arm-none-eabi-size  main_test.elf 
arm-none-eabi-objdump -h -S main_test.elf  > "main_test.list"
   text	   data	    bss	    dec	    hex	filename
  23396	    104	   2232	  25732	   6484	main_test.elf
Finished building: default.size.stdout
 
Finished building: main_test.list
 
17:22:27 **** Incremental Build of configuration Debug for project main_test ****
make -j12 all 
arm-none-eabi-size  main_test.elf 
   text	   data	    bss	    dec	    hex	filename
  23396	    104	   2232	  25732	   6484	main_test.elf
Finished building: default.size.stdout
 
17:25:45 **** Incremental Build of configuration Debug for project main_test ****
make -j12 all 
arm-none-eabi-gcc "../Core/Src/main.c" -mcpu=cortex-m4 -std=gnu11 -g3 -DDEBUG -DUSE_HAL_DRIVER -DSTM32F446xx -c -I../Core/Inc -I../Drivers/STM32F4xx_HAL_Driver/Inc -I../Drivers/STM32F4xx_HAL_Driver/Inc/Legacy -I../Drivers/CMSIS/Device/ST/STM32F4xx/Include -I../Drivers/CMSIS/Include -O0 -ffunction-sections -fdata-sections -Wall -fstack-usage -fcyclomatic-complexity -MMD -MP -MF"Core/Src/main.d" -MT"Core/Src/main.o" --specs=nano.specs -mfpu=fpv4-sp-d16 -mfloat-abi=hard -mthumb -o "Core/Src/main.o"
arm-none-eabi-gcc -o "main_test.elf" @"objects.list"   -mcpu=cortex-m4 -T"C:\Users\Francesco Stasi\OneDrive - Politecnico di Bari\UNI_Embedded_Control\Self-balancing-bike\main_test\STM32F446RETX_FLASH.ld" --specs=nosys.specs -Wl,-Map="main_test.map" -Wl,--gc-sections -static --specs=nano.specs -mfpu=fpv4-sp-d16 -mfloat-abi=hard -mthumb -Wl,--start-group -lc -lm -Wl,--end-group
Finished building target: main_test.elf
 
arm-none-eabi-size  main_test.elf 
arm-none-eabi-objdump -h -S main_test.elf  > "main_test.list"
   text	   data	    bss	    dec	    hex	filename
  23396	    104	   2232	  25732	   6484	main_test.elf
Finished building: default.size.stdout
 
Finished building: main_test.list
 
17:29:02 **** Incremental Build of configuration Debug for project main_test ****
make -j12 all 
arm-none-eabi-gcc "../Core/Src/main.c" -mcpu=cortex-m4 -std=gnu11 -g3 -DDEBUG -DUSE_HAL_DRIVER -DSTM32F446xx -c -I../Core/Inc -I../Drivers/STM32F4xx_HAL_Driver/Inc -I../Drivers/STM32F4xx_HAL_Driver/Inc/Legacy -I../Drivers/CMSIS/Device/ST/STM32F4xx/Include -I../Drivers/CMSIS/Include -O0 -ffunction-sections -fdata-sections -Wall -fstack-usage -fcyclomatic-complexity -MMD -MP -MF"Core/Src/main.d" -MT"Core/Src/main.o" --specs=nano.specs -mfpu=fpv4-sp-d16 -mfloat-abi=hard -mthumb -o "Core/Src/main.o"
arm-none-eabi-gcc -o "main_test.elf" @"objects.list"   -mcpu=cortex-m4 -T"C:\Users\Francesco Stasi\OneDrive - Politecnico di Bari\UNI_Embedded_Control\Self-balancing-bike\main_test\STM32F446RETX_FLASH.ld" --specs=nosys.specs -Wl,-Map="main_test.map" -Wl,--gc-sections -static --specs=nano.specs -mfpu=fpv4-sp-d16 -mfloat-abi=hard -mthumb -Wl,--start-group -lc -lm -Wl,--end-group
Finished building target: main_test.elf
 
arm-none-eabi-size  main_test.elf 
arm-none-eabi-objdump -h -S main_test.elf  > "main_test.list"
   text	   data	    bss	    dec	    hex	filename
  18420	    104	   2208	  20732	   50fc	main_test.elf
Finished building: default.size.stdout
 
Finished building: main_test.list
 
17:30:09 **** Incremental Build of configuration Debug for project main_test ****
make -j12 all 
arm-none-eabi-size  main_test.elf 
   text	   data	    bss	    dec	    hex	filename
  18420	    104	   2208	  20732	   50fc	main_test.elf
Finished building: default.size.stdout
 
17:30:51 **** Incremental Build of configuration Debug for project main_test ****
make -j12 all 
arm-none-eabi-gcc "../Core/Src/main.c" -mcpu=cortex-m4 -std=gnu11 -g3 -DDEBUG -DUSE_HAL_DRIVER -DSTM32F446xx -c -I../Core/Inc -I../Drivers/STM32F4xx_HAL_Driver/Inc -I../Drivers/STM32F4xx_HAL_Driver/Inc/Legacy -I../Drivers/CMSIS/Device/ST/STM32F4xx/Include -I../Drivers/CMSIS/Include -O0 -ffunction-sections -fdata-sections -Wall -fstack-usage -fcyclomatic-complexity -MMD -MP -MF"Core/Src/main.d" -MT"Core/Src/main.o" --specs=nano.specs -mfpu=fpv4-sp-d16 -mfloat-abi=hard -mthumb -o "Core/Src/main.o"
arm-none-eabi-gcc -o "main_test.elf" @"objects.list"   -mcpu=cortex-m4 -T"C:\Users\Francesco Stasi\OneDrive - Politecnico di Bari\UNI_Embedded_Control\Self-balancing-bike\main_test\STM32F446RETX_FLASH.ld" --specs=nosys.specs -Wl,-Map="main_test.map" -Wl,--gc-sections -static --specs=nano.specs -mfpu=fpv4-sp-d16 -mfloat-abi=hard -mthumb -Wl,--start-group -lc -lm -Wl,--end-group
Finished building target: main_test.elf
 
arm-none-eabi-size  main_test.elf 
arm-none-eabi-objdump -h -S main_test.elf  > "main_test.list"
   text	   data	    bss	    dec	    hex	filename
  18420	    104	   2208	  20732	   50fc	main_test.elf
Finished building: default.size.stdout
 
Finished building: main_test.list
 
17:39:53 **** Incremental Build of configuration Debug for project main_test ****
make -j12 all 
arm-none-eabi-gcc "../Core/Src/main.c" -mcpu=cortex-m4 -std=gnu11 -g3 -DDEBUG -DUSE_HAL_DRIVER -DSTM32F446xx -c -I../Core/Inc -I../Drivers/STM32F4xx_HAL_Driver/Inc -I../Drivers/STM32F4xx_HAL_Driver/Inc/Legacy -I../Drivers/CMSIS/Device/ST/STM32F4xx/Include -I../Drivers/CMSIS/Include -O0 -ffunction-sections -fdata-sections -Wall -fstack-usage -fcyclomatic-complexity -MMD -MP -MF"Core/Src/main.d" -MT"Core/Src/main.o" --specs=nano.specs -mfpu=fpv4-sp-d16 -mfloat-abi=hard -mthumb -o "Core/Src/main.o"
arm-none-eabi-gcc -o "main_test.elf" @"objects.list"   -mcpu=cortex-m4 -T"C:\Users\Francesco Stasi\OneDrive - Politecnico di Bari\UNI_Embedded_Control\Self-balancing-bike\main_test\STM32F446RETX_FLASH.ld" --specs=nosys.specs -Wl,-Map="main_test.map" -Wl,--gc-sections -static --specs=nano.specs -mfpu=fpv4-sp-d16 -mfloat-abi=hard -mthumb -Wl,--start-group -lc -lm -Wl,--end-group
Finished building target: main_test.elf
 
arm-none-eabi-size  main_test.elf 
arm-none-eabi-objdump -h -S main_test.elf  > "main_test.list"
   text	   data	    bss	    dec	    hex	filename
  23396	    104	   2232	  25732	   6484	main_test.elf
Finished building: default.size.stdout
 
Finished building: main_test.list
 
17:44:43 **** Incremental Build of configuration Debug for project main_test ****
make -j12 all 
arm-none-eabi-gcc "../Core/Src/nidec_h24.c" -mcpu=cortex-m4 -std=gnu11 -g3 -DDEBUG -DUSE_HAL_DRIVER -DSTM32F446xx -c -I../Core/Inc -I../Drivers/STM32F4xx_HAL_Driver/Inc -I../Drivers/STM32F4xx_HAL_Driver/Inc/Legacy -I../Drivers/CMSIS/Device/ST/STM32F4xx/Include -I../Drivers/CMSIS/Include -O0 -ffunction-sections -fdata-sections -Wall -fstack-usage -fcyclomatic-complexity -MMD -MP -MF"Core/Src/nidec_h24.d" -MT"Core/Src/nidec_h24.o" --specs=nano.specs -mfpu=fpv4-sp-d16 -mfloat-abi=hard -mthumb -o "Core/Src/nidec_h24.o"
../Core/Src/nidec_h24.c: In function 'nidec_h24_Move':
../Core/Src/nidec_h24.c:64:18: warning: implicit declaration of function 'abs' [-Wimplicit-function-declaration]
   64 |     TIM5->CCR1 = abs(dutyCycle);
      |                  ^~~
../Core/Src/nidec_h24.c:5:1: note: include '<stdlib.h>' or provide a declaration of 'abs'
    4 | #include <stdio.h>
  +++ |+#include <stdlib.h>
    5 | #include <stdint.h>
../Core/Src/nidec_h24.c:64:22: warning: 'abs' argument 1 promotes to 'int32_t' {aka 'long int'} where 'int' is expected in a call to built-in function declared without prototype [-Wbuiltin-declaration-mismatch]
   64 |     TIM5->CCR1 = abs(dutyCycle);
      |                      ^~~~~~~~~
<built-in>: note: built-in 'abs' declared here
arm-none-eabi-gcc -o "main_test.elf" @"objects.list"   -mcpu=cortex-m4 -T"C:\Users\Francesco Stasi\OneDrive - Politecnico di Bari\UNI_Embedded_Control\Self-balancing-bike\main_test\STM32F446RETX_FLASH.ld" --specs=nosys.specs -Wl,-Map="main_test.map" -Wl,--gc-sections -static --specs=nano.specs -mfpu=fpv4-sp-d16 -mfloat-abi=hard -mthumb -Wl,--start-group -lc -lm -Wl,--end-group
Finished building target: main_test.elf
 
arm-none-eabi-size  main_test.elf 
arm-none-eabi-objdump -h -S main_test.elf  > "main_test.list"
   text	   data	    bss	    dec	    hex	filename
  23392	    104	   2232	  25728	   6480	main_test.elf
Finished building: default.size.stdout
 
Finished building: main_test.list
 
17:45:35 **** Incremental Build of configuration Debug for project main_test ****
make -j12 all 
arm-none-eabi-gcc "../Core/Src/main.c" -mcpu=cortex-m4 -std=gnu11 -g3 -DDEBUG -DUSE_HAL_DRIVER -DSTM32F446xx -c -I../Core/Inc -I../Drivers/STM32F4xx_HAL_Driver/Inc -I../Drivers/STM32F4xx_HAL_Driver/Inc/Legacy -I../Drivers/CMSIS/Device/ST/STM32F4xx/Include -I../Drivers/CMSIS/Include -O0 -ffunction-sections -fdata-sections -Wall -fstack-usage -fcyclomatic-complexity -MMD -MP -MF"Core/Src/main.d" -MT"Core/Src/main.o" --specs=nano.specs -mfpu=fpv4-sp-d16 -mfloat-abi=hard -mthumb -o "Core/Src/main.o"
arm-none-eabi-gcc -o "main_test.elf" @"objects.list"   -mcpu=cortex-m4 -T"C:\Users\Francesco Stasi\OneDrive - Politecnico di Bari\UNI_Embedded_Control\Self-balancing-bike\main_test\STM32F446RETX_FLASH.ld" --specs=nosys.specs -Wl,-Map="main_test.map" -Wl,--gc-sections -static --specs=nano.specs -mfpu=fpv4-sp-d16 -mfloat-abi=hard -mthumb -Wl,--start-group -lc -lm -Wl,--end-group
Finished building target: main_test.elf
 
arm-none-eabi-size  main_test.elf 
arm-none-eabi-objdump -h -S main_test.elf  > "main_test.list"
   text	   data	    bss	    dec	    hex	filename
  23384	    104	   2232	  25720	   6478	main_test.elf
Finished building: default.size.stdout
 
Finished building: main_test.list
 
