14:16:57 **** Incremental Build of configuration Debug for project main_test ****
make -j12 all 
arm-none-eabi-size  main_test.elf 
   text	   data	    bss	    dec	    hex	filename
  23816	    112	   2264	  26192	   6650	main_test.elf
Finished building: default.size.stdout
 
14:35:58 **** Incremental Build of configuration Debug for project main_test ****
make -j12 all 
arm-none-eabi-size  main_test.elf 
   text	   data	    bss	    dec	    hex	filename
  23816	    112	   2264	  26192	   6650	main_test.elf
Finished building: default.size.stdout
 
14:37:12 **** Incremental Build of configuration Debug for project main_test ****
make -j12 all 
arm-none-eabi-size  main_test.elf 
   text	   data	    bss	    dec	    hex	filename
  23816	    112	   2264	  26192	   6650	main_test.elf
Finished building: default.size.stdout
 
14:40:45 **** Incremental Build of configuration Debug for project main_test ****
make -j12 all 
arm-none-eabi-size  main_test.elf 
   text	   data	    bss	    dec	    hex	filename
  23816	    112	   2264	  26192	   6650	main_test.elf
Finished building: default.size.stdout
 
14:51:13 **** Incremental Build of configuration Debug for project main_test ****
make -j12 all 
arm-none-eabi-size  main_test.elf 
   text	   data	    bss	    dec	    hex	filename
  23816	    112	   2264	  26192	   6650	main_test.elf
Finished building: default.size.stdout
 
14:53:40 **** Incremental Build of configuration Debug for project main_test ****
make -j12 all 
arm-none-eabi-gcc "../Core/Src/main.c" -mcpu=cortex-m4 -std=gnu11 -g3 -DDEBUG -DUSE_HAL_DRIVER -DSTM32F446xx -c -I../Core/Inc -I../Drivers/STM32F4xx_HAL_Driver/Inc -I../Drivers/STM32F4xx_HAL_Driver/Inc/Legacy -I../Drivers/CMSIS/Device/ST/STM32F4xx/Include -I../Drivers/CMSIS/Include -O0 -ffunction-sections -fdata-sections -Wall -fstack-usage -fcyclomatic-complexity -MMD -MP -MF"Core/Src/main.d" -MT"Core/Src/main.o" --specs=nano.specs -mfpu=fpv4-sp-d16 -mfloat-abi=hard -mthumb -o "Core/Src/main.o"
In file included from ../Core/Src/main.c:32:
../Core/Inc/pid.h:35:14: warning: 'pid_get_current_sampling_time' declared 'static' but never defined [-Wunused-function]
   35 | static float pid_get_current_sampling_time(PID_t *p);
      |              ^~~~~~~~~~~~~~~~~~~~~~~~~~~~~
arm-none-eabi-gcc -o "main_test.elf" @"objects.list"   -mcpu=cortex-m4 -T"C:\Users\Francesco Stasi\OneDrive - Politecnico di Bari\UNI_Embedded_Control\Self-balancing-bike\main_test\STM32F446RETX_FLASH.ld" --specs=nosys.specs -Wl,-Map="main_test.map" -Wl,--gc-sections -static --specs=nano.specs -mfpu=fpv4-sp-d16 -mfloat-abi=hard -mthumb -Wl,--start-group -lc -lm -Wl,--end-group
Finished building target: main_test.elf
 
arm-none-eabi-size  main_test.elf 
arm-none-eabi-objdump -h -S main_test.elf  > "main_test.list"
   text	   data	    bss	    dec	    hex	filename
  23816	    112	   2264	  26192	   6650	main_test.elf
Finished building: default.size.stdout
 
Finished building: main_test.list
 
14:56:11 **** Incremental Build of configuration Debug for project main_test ****
make -j12 all 
arm-none-eabi-size  main_test.elf 
   text	   data	    bss	    dec	    hex	filename
  23816	    112	   2264	  26192	   6650	main_test.elf
Finished building: default.size.stdout
 
