20:07:52 **** Incremental Build of configuration Debug for project main_test ****
make -j12 all 
arm-none-eabi-size  main_test.elf 
   text	   data	    bss	    dec	    hex	filename
  25744	    152	   2480	  28376	   6ed8	main_test.elf
Finished building: default.size.stdout
 
20:08:32 **** Incremental Build of configuration Debug for project main_test ****
make -j12 all 
arm-none-eabi-size  main_test.elf 
   text	   data	    bss	    dec	    hex	filename
  25744	    152	   2480	  28376	   6ed8	main_test.elf
Finished building: default.size.stdout
 
20:17:23 **** Incremental Build of configuration Debug for project main_test ****
make -j12 all 
arm-none-eabi-size  main_test.elf 
   text	   data	    bss	    dec	    hex	filename
  25744	    152	   2480	  28376	   6ed8	main_test.elf
Finished building: default.size.stdout
 
20:18:09 **** Incremental Build of configuration Debug for project main_test ****
make -j12 all 
arm-none-eabi-gcc "../Core/Src/main.c" -mcpu=cortex-m4 -std=gnu11 -g3 -DDEBUG -DUSE_HAL_DRIVER -DSTM32F446xx -c -I../Core/Inc -I../Drivers/STM32F4xx_HAL_Driver/Inc -I../Drivers/STM32F4xx_HAL_Driver/Inc/Legacy -I../Drivers/CMSIS/Device/ST/STM32F4xx/Include -I../Drivers/CMSIS/Include -O0 -ffunction-sections -fdata-sections -Wall -fstack-usage -fcyclomatic-complexity -MMD -MP -MF"Core/Src/main.d" -MT"Core/Src/main.o" --specs=nano.specs -mfpu=fpv4-sp-d16 -mfloat-abi=hard -mthumb -o "Core/Src/main.o"
arm-none-eabi-gcc -o "main_test.elf" @"objects.list"   -mcpu=cortex-m4 -T"C:\Users\Francesco Stasi\OneDrive - Politecnico di Bari\UNI_Embedded_Control\Self-balancing-bike\main_test\STM32F446RETX_FLASH.ld" --specs=nosys.specs -Wl,-Map="main_test.map" -Wl,--gc-sections -static --specs=nano.specs -mfpu=fpv4-sp-d16 -mfloat-abi=hard -mthumb -Wl,--start-group -lc -lm -Wl,--end-group
Finished building target: main_test.elf
 
arm-none-eabi-size  main_test.elf 
arm-none-eabi-objdump -h -S main_test.elf  > "main_test.list"
   text	   data	    bss	    dec	    hex	filename
  25480	    152	   2480	  28112	   6dd0	main_test.elf
Finished building: default.size.stdout
 
Finished building: main_test.list
 
20:26:35 **** Incremental Build of configuration Debug for project main_test ****
make -j12 all 
arm-none-eabi-gcc "../Core/Src/main.c" -mcpu=cortex-m4 -std=gnu11 -g3 -DDEBUG -DUSE_HAL_DRIVER -DSTM32F446xx -c -I../Core/Inc -I../Drivers/STM32F4xx_HAL_Driver/Inc -I../Drivers/STM32F4xx_HAL_Driver/Inc/Legacy -I../Drivers/CMSIS/Device/ST/STM32F4xx/Include -I../Drivers/CMSIS/Include -O0 -ffunction-sections -fdata-sections -Wall -fstack-usage -fcyclomatic-complexity -MMD -MP -MF"Core/Src/main.d" -MT"Core/Src/main.o" --specs=nano.specs -mfpu=fpv4-sp-d16 -mfloat-abi=hard -mthumb -o "Core/Src/main.o"
arm-none-eabi-gcc -o "main_test.elf" @"objects.list"   -mcpu=cortex-m4 -T"C:\Users\Francesco Stasi\OneDrive - Politecnico di Bari\UNI_Embedded_Control\Self-balancing-bike\main_test\STM32F446RETX_FLASH.ld" --specs=nosys.specs -Wl,-Map="main_test.map" -Wl,--gc-sections -static --specs=nano.specs -mfpu=fpv4-sp-d16 -mfloat-abi=hard -mthumb -Wl,--start-group -lc -lm -Wl,--end-group
Finished building target: main_test.elf
 
arm-none-eabi-size  main_test.elf 
arm-none-eabi-objdump -h -S main_test.elf  > "main_test.list"
   text	   data	    bss	    dec	    hex	filename
  25384	    144	   2480	  28008	   6d68	main_test.elf
Finished building: default.size.stdout
 
Finished building: main_test.list
 
20:29:18 **** Incremental Build of configuration Debug for project main_test ****
make -j12 all 
arm-none-eabi-gcc "../Core/Src/main.c" -mcpu=cortex-m4 -std=gnu11 -g3 -DDEBUG -DUSE_HAL_DRIVER -DSTM32F446xx -c -I../Core/Inc -I../Drivers/STM32F4xx_HAL_Driver/Inc -I../Drivers/STM32F4xx_HAL_Driver/Inc/Legacy -I../Drivers/CMSIS/Device/ST/STM32F4xx/Include -I../Drivers/CMSIS/Include -O0 -ffunction-sections -fdata-sections -Wall -fstack-usage -fcyclomatic-complexity -MMD -MP -MF"Core/Src/main.d" -MT"Core/Src/main.o" --specs=nano.specs -mfpu=fpv4-sp-d16 -mfloat-abi=hard -mthumb -o "Core/Src/main.o"
arm-none-eabi-gcc -o "main_test.elf" @"objects.list"   -mcpu=cortex-m4 -T"C:\Users\Francesco Stasi\OneDrive - Politecnico di Bari\UNI_Embedded_Control\Self-balancing-bike\main_test\STM32F446RETX_FLASH.ld" --specs=nosys.specs -Wl,-Map="main_test.map" -Wl,--gc-sections -static --specs=nano.specs -mfpu=fpv4-sp-d16 -mfloat-abi=hard -mthumb -Wl,--start-group -lc -lm -Wl,--end-group
Finished building target: main_test.elf
 
arm-none-eabi-size  main_test.elf 
arm-none-eabi-objdump -h -S main_test.elf  > "main_test.list"
   text	   data	    bss	    dec	    hex	filename
  25776	    152	   2480	  28408	   6ef8	main_test.elf
Finished building: default.size.stdout
 
Finished building: main_test.list
 
20:30:20 **** Incremental Build of configuration Debug for project main_test ****
make -j12 all 
arm-none-eabi-gcc "../Core/Src/main.c" -mcpu=cortex-m4 -std=gnu11 -g3 -DDEBUG -DUSE_HAL_DRIVER -DSTM32F446xx -c -I../Core/Inc -I../Drivers/STM32F4xx_HAL_Driver/Inc -I../Drivers/STM32F4xx_HAL_Driver/Inc/Legacy -I../Drivers/CMSIS/Device/ST/STM32F4xx/Include -I../Drivers/CMSIS/Include -O0 -ffunction-sections -fdata-sections -Wall -fstack-usage -fcyclomatic-complexity -MMD -MP -MF"Core/Src/main.d" -MT"Core/Src/main.o" --specs=nano.specs -mfpu=fpv4-sp-d16 -mfloat-abi=hard -mthumb -o "Core/Src/main.o"
arm-none-eabi-gcc -o "main_test.elf" @"objects.list"   -mcpu=cortex-m4 -T"C:\Users\Francesco Stasi\OneDrive - Politecnico di Bari\UNI_Embedded_Control\Self-balancing-bike\main_test\STM32F446RETX_FLASH.ld" --specs=nosys.specs -Wl,-Map="main_test.map" -Wl,--gc-sections -static --specs=nano.specs -mfpu=fpv4-sp-d16 -mfloat-abi=hard -mthumb -Wl,--start-group -lc -lm -Wl,--end-group
Finished building target: main_test.elf
 
arm-none-eabi-size  main_test.elf 
arm-none-eabi-objdump -h -S main_test.elf  > "main_test.list"
   text	   data	    bss	    dec	    hex	filename
  25752	    152	   2480	  28384	   6ee0	main_test.elf
Finished building: default.size.stdout
 
Finished building: main_test.list
 
20:34:51 **** Incremental Build of configuration Debug for project main_test ****
make -j12 all 
arm-none-eabi-gcc "../Core/Src/main.c" -mcpu=cortex-m4 -std=gnu11 -g3 -DDEBUG -DUSE_HAL_DRIVER -DSTM32F446xx -c -I../Core/Inc -I../Drivers/STM32F4xx_HAL_Driver/Inc -I../Drivers/STM32F4xx_HAL_Driver/Inc/Legacy -I../Drivers/CMSIS/Device/ST/STM32F4xx/Include -I../Drivers/CMSIS/Include -O0 -ffunction-sections -fdata-sections -Wall -fstack-usage -fcyclomatic-complexity -MMD -MP -MF"Core/Src/main.d" -MT"Core/Src/main.o" --specs=nano.specs -mfpu=fpv4-sp-d16 -mfloat-abi=hard -mthumb -o "Core/Src/main.o"
arm-none-eabi-gcc -o "main_test.elf" @"objects.list"   -mcpu=cortex-m4 -T"C:\Users\Francesco Stasi\OneDrive - Politecnico di Bari\UNI_Embedded_Control\Self-balancing-bike\main_test\STM32F446RETX_FLASH.ld" --specs=nosys.specs -Wl,-Map="main_test.map" -Wl,--gc-sections -static --specs=nano.specs -mfpu=fpv4-sp-d16 -mfloat-abi=hard -mthumb -Wl,--start-group -lc -lm -Wl,--end-group
Finished building target: main_test.elf
 
arm-none-eabi-size  main_test.elf 
arm-none-eabi-objdump -h -S main_test.elf  > "main_test.list"
   text	   data	    bss	    dec	    hex	filename
  25712	    152	   2480	  28344	   6eb8	main_test.elf
Finished building: default.size.stdout
 
Finished building: main_test.list
 
20:41:57 **** Incremental Build of configuration Debug for project main_test ****
make -j12 all 
arm-none-eabi-gcc "../Core/Src/main.c" -mcpu=cortex-m4 -std=gnu11 -g3 -DDEBUG -DUSE_HAL_DRIVER -DSTM32F446xx -c -I../Core/Inc -I../Drivers/STM32F4xx_HAL_Driver/Inc -I../Drivers/STM32F4xx_HAL_Driver/Inc/Legacy -I../Drivers/CMSIS/Device/ST/STM32F4xx/Include -I../Drivers/CMSIS/Include -O0 -ffunction-sections -fdata-sections -Wall -fstack-usage -fcyclomatic-complexity -MMD -MP -MF"Core/Src/main.d" -MT"Core/Src/main.o" --specs=nano.specs -mfpu=fpv4-sp-d16 -mfloat-abi=hard -mthumb -o "Core/Src/main.o"
arm-none-eabi-gcc "../Core/Src/tim.c" -mcpu=cortex-m4 -std=gnu11 -g3 -DDEBUG -DUSE_HAL_DRIVER -DSTM32F446xx -c -I../Core/Inc -I../Drivers/STM32F4xx_HAL_Driver/Inc -I../Drivers/STM32F4xx_HAL_Driver/Inc/Legacy -I../Drivers/CMSIS/Device/ST/STM32F4xx/Include -I../Drivers/CMSIS/Include -O0 -ffunction-sections -fdata-sections -Wall -fstack-usage -fcyclomatic-complexity -MMD -MP -MF"Core/Src/tim.d" -MT"Core/Src/tim.o" --specs=nano.specs -mfpu=fpv4-sp-d16 -mfloat-abi=hard -mthumb -o "Core/Src/tim.o"
arm-none-eabi-gcc -o "main_test.elf" @"objects.list"   -mcpu=cortex-m4 -T"C:\Users\Francesco Stasi\OneDrive - Politecnico di Bari\UNI_Embedded_Control\Self-balancing-bike\main_test\STM32F446RETX_FLASH.ld" --specs=nosys.specs -Wl,-Map="main_test.map" -Wl,--gc-sections -static --specs=nano.specs -mfpu=fpv4-sp-d16 -mfloat-abi=hard -mthumb -Wl,--start-group -lc -lm -Wl,--end-group
Finished building target: main_test.elf
 
arm-none-eabi-size  main_test.elf 
arm-none-eabi-objdump -h -S main_test.elf  > "main_test.list"
   text	   data	    bss	    dec	    hex	filename
  25712	    152	   2480	  28344	   6eb8	main_test.elf
Finished building: default.size.stdout
 
Finished building: main_test.list
 
20:42:38 **** Incremental Build of configuration Debug for project main_test ****
make -j12 all 
arm-none-eabi-size  main_test.elf 
   text	   data	    bss	    dec	    hex	filename
  25712	    152	   2480	  28344	   6eb8	main_test.elf
Finished building: default.size.stdout
 
20:59:24 **** Incremental Build of configuration Debug for project main_test ****
make -j12 all 
arm-none-eabi-gcc "../Core/Src/main.c" -mcpu=cortex-m4 -std=gnu11 -g3 -DDEBUG -DUSE_HAL_DRIVER -DSTM32F446xx -c -I../Core/Inc -I../Drivers/STM32F4xx_HAL_Driver/Inc -I../Drivers/STM32F4xx_HAL_Driver/Inc/Legacy -I../Drivers/CMSIS/Device/ST/STM32F4xx/Include -I../Drivers/CMSIS/Include -O0 -ffunction-sections -fdata-sections -Wall -fstack-usage -fcyclomatic-complexity -MMD -MP -MF"Core/Src/main.d" -MT"Core/Src/main.o" --specs=nano.specs -mfpu=fpv4-sp-d16 -mfloat-abi=hard -mthumb -o "Core/Src/main.o"
arm-none-eabi-gcc -o "main_test.elf" @"objects.list"   -mcpu=cortex-m4 -T"C:\Users\Francesco Stasi\OneDrive - Politecnico di Bari\UNI_Embedded_Control\Self-balancing-bike\main_test\STM32F446RETX_FLASH.ld" --specs=nosys.specs -Wl,-Map="main_test.map" -Wl,--gc-sections -static --specs=nano.specs -mfpu=fpv4-sp-d16 -mfloat-abi=hard -mthumb -Wl,--start-group -lc -lm -Wl,--end-group
Finished building target: main_test.elf
 
arm-none-eabi-size  main_test.elf 
arm-none-eabi-objdump -h -S main_test.elf  > "main_test.list"
   text	   data	    bss	    dec	    hex	filename
  25792	    152	   2480	  28424	   6f08	main_test.elf
Finished building: default.size.stdout
 
Finished building: main_test.list
 
21:00:20 **** Incremental Build of configuration Debug for project main_test ****
make -j12 all 
arm-none-eabi-size  main_test.elf 
   text	   data	    bss	    dec	    hex	filename
  25792	    152	   2480	  28424	   6f08	main_test.elf
Finished building: default.size.stdout
 
21:02:51 **** Incremental Build of configuration Debug for project main_test ****
make -j12 all 
arm-none-eabi-gcc "../Core/Src/main.c" -mcpu=cortex-m4 -std=gnu11 -g3 -DDEBUG -DUSE_HAL_DRIVER -DSTM32F446xx -c -I../Core/Inc -I../Drivers/STM32F4xx_HAL_Driver/Inc -I../Drivers/STM32F4xx_HAL_Driver/Inc/Legacy -I../Drivers/CMSIS/Device/ST/STM32F4xx/Include -I../Drivers/CMSIS/Include -O0 -ffunction-sections -fdata-sections -Wall -fstack-usage -fcyclomatic-complexity -MMD -MP -MF"Core/Src/main.d" -MT"Core/Src/main.o" --specs=nano.specs -mfpu=fpv4-sp-d16 -mfloat-abi=hard -mthumb -o "Core/Src/main.o"
arm-none-eabi-gcc -o "main_test.elf" @"objects.list"   -mcpu=cortex-m4 -T"C:\Users\Francesco Stasi\OneDrive - Politecnico di Bari\UNI_Embedded_Control\Self-balancing-bike\main_test\STM32F446RETX_FLASH.ld" --specs=nosys.specs -Wl,-Map="main_test.map" -Wl,--gc-sections -static --specs=nano.specs -mfpu=fpv4-sp-d16 -mfloat-abi=hard -mthumb -Wl,--start-group -lc -lm -Wl,--end-group
Finished building target: main_test.elf
 
arm-none-eabi-size  main_test.elf 
arm-none-eabi-objdump -h -S main_test.elf  > "main_test.list"
   text	   data	    bss	    dec	    hex	filename
  25832	    152	   2480	  28464	   6f30	main_test.elf
Finished building: default.size.stdout
 
Finished building: main_test.list
 
