17:30:45 **** Incremental Build of configuration Debug for project kalman_sf ****
make -j12 all 
arm-none-eabi-gcc "../Core/Src/filter.c" -mcpu=cortex-m4 -std=gnu11 -g3 -DDEBUG -DUSE_HAL_DRIVER -DSTM32F446xx -c -I../Core/Inc -I../Drivers/STM32F4xx_HAL_Driver/Inc -I../Drivers/STM32F4xx_HAL_Driver/Inc/Legacy -I../Drivers/CMSIS/Device/ST/STM32F4xx/Include -I../Drivers/CMSIS/Include -O0 -ffunction-sections -fdata-sections -Wall -fstack-usage -fcyclomatic-complexity -MMD -MP -MF"Core/Src/filter.d" -MT"Core/Src/filter.o" --specs=nano.specs -mfpu=fpv4-sp-d16 -mfloat-abi=hard -mthumb -o "Core/Src/filter.o"
arm-none-eabi-gcc "../Core/Src/main.c" -mcpu=cortex-m4 -std=gnu11 -g3 -DDEBUG -DUSE_HAL_DRIVER -DSTM32F446xx -c -I../Core/Inc -I../Drivers/STM32F4xx_HAL_Driver/Inc -I../Drivers/STM32F4xx_HAL_Driver/Inc/Legacy -I../Drivers/CMSIS/Device/ST/STM32F4xx/Include -I../Drivers/CMSIS/Include -O0 -ffunction-sections -fdata-sections -Wall -fstack-usage -fcyclomatic-complexity -MMD -MP -MF"Core/Src/main.d" -MT"Core/Src/main.o" --specs=nano.specs -mfpu=fpv4-sp-d16 -mfloat-abi=hard -mthumb -o "Core/Src/main.o"
../Core/Src/filter.c:10:1: error: unknown type name 'Orientation'
   10 | Orientation or;
      | ^~~~~~~~~~~
../Core/Src/filter.c: In function 'updateOrientation':
../Core/Src/filter.c:20:5: error: request for member 'pitch' in something not a structure or union
   20 |   or.pitch = ALPHA * (or.pitch + gyroX * DT) + (1 - ALPHA) * pitchAcc;
      |     ^
../Core/Src/filter.c:20:14: error: 'ALPHA' undeclared (first use in this function)
   20 |   or.pitch = ALPHA * (or.pitch + gyroX * DT) + (1 - ALPHA) * pitchAcc;
      |              ^~~~~
../Core/Src/filter.c:20:14: note: each undeclared identifier is reported only once for each function it appears in
../Core/Src/filter.c:20:25: error: request for member 'pitch' in something not a structure or union
   20 |   or.pitch = ALPHA * (or.pitch + gyroX * DT) + (1 - ALPHA) * pitchAcc;
      |                         ^
../Core/Src/filter.c:20:42: error: 'DT' undeclared (first use in this function); did you mean 'dt'?
   20 |   or.pitch = ALPHA * (or.pitch + gyroX * DT) + (1 - ALPHA) * pitchAcc;
      |                                          ^~
      |                                          dt
../Core/Src/filter.c:21:5: error: request for member 'roll' in something not a structure or union
   21 |   or.roll = ALPHA * (or.roll + gyroY * DT) + (1 - ALPHA) * rollAcc;
      |     ^
../Core/Src/filter.c:21:24: error: request for member 'roll' in something not a structure or union
   21 |   or.roll = ALPHA * (or.roll + gyroY * DT) + (1 - ALPHA) * rollAcc;
      |                        ^
../Core/Src/filter.c:23:5: error: request for member 'yaw' in something not a structure or union
   23 |   or.yaw += gyroZ * DT;
      |     ^
../Core/Src/filter.c:24:9: error: request for member 'yaw' in something not a structure or union
   24 |   if (or.yaw < 0) or.yaw += 360;
      |         ^
../Core/Src/filter.c:24:21: error: request for member 'yaw' in something not a structure or union
   24 |   if (or.yaw < 0) or.yaw += 360;
      |                     ^
../Core/Src/filter.c:25:14: error: request for member 'yaw' in something not a structure or union
   25 |   else if (or.yaw > 359) or.yaw -= 360;
      |              ^
../Core/Src/filter.c:25:28: error: request for member 'yaw' in something not a structure or union
   25 |   else if (or.yaw > 359) or.yaw -= 360;
      |                            ^
../Core/Src/filter.c: In function 'getPitch':
../Core/Src/filter.c:30:12: error: request for member 'pitch' in something not a structure or union
   30 |   return or.pitch;
      |            ^
../Core/Src/filter.c: In function 'getRoll':
../Core/Src/filter.c:33:12: error: request for member 'roll' in something not a structure or union
   33 |   return or.roll;
      |            ^
../Core/Src/filter.c: In function 'getYaw':
../Core/Src/filter.c:37:12: error: request for member 'yaw' in something not a structure or union
   37 |   return or.yaw;
      |            ^
../Core/Src/filter.c: In function 'getPitch':
../Core/Src/filter.c:31:1: warning: control reaches end of non-void function [-Wreturn-type]
   31 | }
      | ^
../Core/Src/filter.c: In function 'getRoll':
../Core/Src/filter.c:34:1: warning: control reaches end of non-void function [-Wreturn-type]
   34 | }
      | ^
../Core/Src/filter.c: In function 'getYaw':
../Core/Src/filter.c:38:1: warning: control reaches end of non-void function [-Wreturn-type]
   38 | }
      | ^
make: *** [Core/Src/subdir.mk:49: Core/Src/filter.o] Error 1
make: *** Waiting for unfinished jobs....
../Core/Src/main.c:61:20: error: expected '=', ',', ';', 'asm' or '__attribute__' before 'or'
   61 | extern Orientation or;
      |                    ^~
../Core/Src/main.c: In function 'main':
../Core/Src/main.c:102:3: error: 'or' undeclared (first use in this function)
  102 |   or.roll = 0;
      |   ^~
../Core/Src/main.c:102:3: note: each undeclared identifier is reported only once for each function it appears in
make: *** [Core/Src/subdir.mk:49: Core/Src/main.o] Error 1
"make -j12 all" terminated with exit code 2. Build might be incomplete.
17:35:53 **** Incremental Build of configuration Debug for project kalman_sf ****
make -j12 all 
arm-none-eabi-gcc "../Core/Src/filter.c" -mcpu=cortex-m4 -std=gnu11 -g3 -DDEBUG -DUSE_HAL_DRIVER -DSTM32F446xx -c -I../Core/Inc -I../Drivers/STM32F4xx_HAL_Driver/Inc -I../Drivers/STM32F4xx_HAL_Driver/Inc/Legacy -I../Drivers/CMSIS/Device/ST/STM32F4xx/Include -I../Drivers/CMSIS/Include -O0 -ffunction-sections -fdata-sections -Wall -fstack-usage -fcyclomatic-complexity -MMD -MP -MF"Core/Src/filter.d" -MT"Core/Src/filter.o" --specs=nano.specs -mfpu=fpv4-sp-d16 -mfloat-abi=hard -mthumb -o "Core/Src/filter.o"
arm-none-eabi-gcc "../Core/Src/main.c" -mcpu=cortex-m4 -std=gnu11 -g3 -DDEBUG -DUSE_HAL_DRIVER -DSTM32F446xx -c -I../Core/Inc -I../Drivers/STM32F4xx_HAL_Driver/Inc -I../Drivers/STM32F4xx_HAL_Driver/Inc/Legacy -I../Drivers/CMSIS/Device/ST/STM32F4xx/Include -I../Drivers/CMSIS/Include -O0 -ffunction-sections -fdata-sections -Wall -fstack-usage -fcyclomatic-complexity -MMD -MP -MF"Core/Src/main.d" -MT"Core/Src/main.o" --specs=nano.specs -mfpu=fpv4-sp-d16 -mfloat-abi=hard -mthumb -o "Core/Src/main.o"
../Core/Src/filter.c:10:1: error: unknown type name 'Orientation'
   10 | Orientation or;
      | ^~~~~~~~~~~
../Core/Src/filter.c: In function 'updateOrientation':
../Core/Src/filter.c:20:5: error: request for member 'pitch' in something not a structure or union
   20 |   or.pitch = ALPHA * (or.pitch + gyroX * DT) + (1 - ALPHA) * pitchAcc;
      |     ^
../Core/Src/filter.c:20:14: error: 'ALPHA' undeclared (first use in this function)
   20 |   or.pitch = ALPHA * (or.pitch + gyroX * DT) + (1 - ALPHA) * pitchAcc;
      |              ^~~~~
../Core/Src/filter.c:20:14: note: each undeclared identifier is reported only once for each function it appears in
../Core/Src/filter.c:20:25: error: request for member 'pitch' in something not a structure or union
   20 |   or.pitch = ALPHA * (or.pitch + gyroX * DT) + (1 - ALPHA) * pitchAcc;
      |                         ^
../Core/Src/filter.c:20:42: error: 'DT' undeclared (first use in this function); did you mean 'dt'?
   20 |   or.pitch = ALPHA * (or.pitch + gyroX * DT) + (1 - ALPHA) * pitchAcc;
      |                                          ^~
      |                                          dt
../Core/Src/filter.c:21:5: error: request for member 'roll' in something not a structure or union
   21 |   or.roll = ALPHA * (or.roll + gyroY * DT) + (1 - ALPHA) * rollAcc;
      |     ^
../Core/Src/filter.c:21:24: error: request for member 'roll' in something not a structure or union
   21 |   or.roll = ALPHA * (or.roll + gyroY * DT) + (1 - ALPHA) * rollAcc;
      |                        ^
../Core/Src/filter.c:23:5: error: request for member 'yaw' in something not a structure or union
   23 |   or.yaw += gyroZ * DT;
      |     ^
../Core/Src/filter.c:24:9: error: request for member 'yaw' in something not a structure or union
   24 |   if (or.yaw < 0) or.yaw += 360;
      |         ^
../Core/Src/filter.c:24:21: error: request for member 'yaw' in something not a structure or union
   24 |   if (or.yaw < 0) or.yaw += 360;
      |                     ^
../Core/Src/filter.c:25:14: error: request for member 'yaw' in something not a structure or union
   25 |   else if (or.yaw > 359) or.yaw -= 360;
      |              ^
../Core/Src/filter.c:25:28: error: request for member 'yaw' in something not a structure or union
   25 |   else if (or.yaw > 359) or.yaw -= 360;
      |                            ^
../Core/Src/filter.c: In function 'getPitch':
../Core/Src/filter.c:30:12: error: request for member 'pitch' in something not a structure or union
   30 |   return or.pitch;
      |            ^
../Core/Src/filter.c: In function 'getRoll':
../Core/Src/filter.c:33:12: error: request for member 'roll' in something not a structure or union
   33 |   return or.roll;
      |            ^
../Core/Src/filter.c: In function 'getYaw':
../Core/Src/filter.c:37:12: error: request for member 'yaw' in something not a structure or union
   37 |   return or.yaw;
      |            ^
../Core/Src/filter.c: In function 'getPitch':
../Core/Src/filter.c:31:1: warning: control reaches end of non-void function [-Wreturn-type]
   31 | }
      | ^
../Core/Src/filter.c: In function 'getRoll':
../Core/Src/filter.c:34:1: warning: control reaches end of non-void function [-Wreturn-type]
   34 | }
      | ^
../Core/Src/filter.c: In function 'getYaw':
../Core/Src/filter.c:38:1: warning: control reaches end of non-void function [-Wreturn-type]
   38 | }
      | ^
make: *** [Core/Src/subdir.mk:49: Core/Src/filter.o] Error 1
make: *** Waiting for unfinished jobs....
../Core/Src/main.c:61:20: error: expected '=', ',', ';', 'asm' or '__attribute__' before 'or'
   61 | extern Orientation or;
      |                    ^~
../Core/Src/main.c: In function 'main':
../Core/Src/main.c:102:3: error: 'or' undeclared (first use in this function)
  102 |   or.roll = 0;
      |   ^~
../Core/Src/main.c:102:3: note: each undeclared identifier is reported only once for each function it appears in
../Core/Src/main.c: In function 'HAL_TIM_PeriodElapsedCallback':
../Core/Src/main.c:167:17: error: 'gx' undeclared (first use in this function)
  167 |                 gx = mpu6050_gyrox();
      |                 ^~
../Core/Src/main.c:168:17: error: 'gy' undeclared (first use in this function)
  168 |                 gy = mpu6050_gyroy();
      |                 ^~
../Core/Src/main.c:169:17: error: 'gz' undeclared (first use in this function)
  169 |                 gz = mpu6050_gyroz();
      |                 ^~
../Core/Src/main.c:170:17: error: 'ax' undeclared (first use in this function)
  170 |                 ax = mpu6050_accx();
      |                 ^~
../Core/Src/main.c:171:17: error: 'ay' undeclared (first use in this function)
  171 |                 ay = mpu6050_accy();
      |                 ^~
../Core/Src/main.c:172:17: error: 'az' undeclared (first use in this function)
  172 |                 az = mpu6050_accz();
      |                 ^~
make: *** [Core/Src/subdir.mk:49: Core/Src/main.o] Error 1
"make -j12 all" terminated with exit code 2. Build might be incomplete.
17:37:49 **** Incremental Build of configuration Debug for project kalman_sf ****
make -j12 all 
arm-none-eabi-gcc "../Core/Src/filter.c" -mcpu=cortex-m4 -std=gnu11 -g3 -DDEBUG -DUSE_HAL_DRIVER -DSTM32F446xx -c -I../Core/Inc -I../Drivers/STM32F4xx_HAL_Driver/Inc -I../Drivers/STM32F4xx_HAL_Driver/Inc/Legacy -I../Drivers/CMSIS/Device/ST/STM32F4xx/Include -I../Drivers/CMSIS/Include -O0 -ffunction-sections -fdata-sections -Wall -fstack-usage -fcyclomatic-complexity -MMD -MP -MF"Core/Src/filter.d" -MT"Core/Src/filter.o" --specs=nano.specs -mfpu=fpv4-sp-d16 -mfloat-abi=hard -mthumb -o "Core/Src/filter.o"
arm-none-eabi-gcc "../Core/Src/main.c" -mcpu=cortex-m4 -std=gnu11 -g3 -DDEBUG -DUSE_HAL_DRIVER -DSTM32F446xx -c -I../Core/Inc -I../Drivers/STM32F4xx_HAL_Driver/Inc -I../Drivers/STM32F4xx_HAL_Driver/Inc/Legacy -I../Drivers/CMSIS/Device/ST/STM32F4xx/Include -I../Drivers/CMSIS/Include -O0 -ffunction-sections -fdata-sections -Wall -fstack-usage -fcyclomatic-complexity -MMD -MP -MF"Core/Src/main.d" -MT"Core/Src/main.o" --specs=nano.specs -mfpu=fpv4-sp-d16 -mfloat-abi=hard -mthumb -o "Core/Src/main.o"
arm-none-eabi-gcc -o "kalman_sf.elf" @"objects.list"   -mcpu=cortex-m4 -T"C:\Users\Francesco Stasi\OneDrive - Politecnico di Bari\UNI_Embedded_Control\Self-balancing-bike\kalman_sf\STM32F446RETX_FLASH.ld" --specs=nosys.specs -Wl,-Map="kalman_sf.map" -Wl,--gc-sections -static --specs=nano.specs -mfpu=fpv4-sp-d16 -mfloat-abi=hard -mthumb -Wl,--start-group -lc -lm -Wl,--end-group
Finished building target: kalman_sf.elf
 
arm-none-eabi-size  kalman_sf.elf 
arm-none-eabi-objdump -h -S kalman_sf.elf  > "kalman_sf.list"
   text	   data	    bss	    dec	    hex	filename
  23028	    120	   2104	  25252	   62a4	kalman_sf.elf
Finished building: default.size.stdout
 
Finished building: kalman_sf.list
 
17:38:51 **** Incremental Build of configuration Debug for project kalman_sf ****
make -j12 all 
arm-none-eabi-size  kalman_sf.elf 
   text	   data	    bss	    dec	    hex	filename
  23028	    120	   2104	  25252	   62a4	kalman_sf.elf
Finished building: default.size.stdout
 
17:43:14 **** Incremental Build of configuration Debug for project kalman_sf ****
make -j12 all 
arm-none-eabi-gcc "../Core/Src/main.c" -mcpu=cortex-m4 -std=gnu11 -g3 -DDEBUG -DUSE_HAL_DRIVER -DSTM32F446xx -c -I../Core/Inc -I../Drivers/STM32F4xx_HAL_Driver/Inc -I../Drivers/STM32F4xx_HAL_Driver/Inc/Legacy -I../Drivers/CMSIS/Device/ST/STM32F4xx/Include -I../Drivers/CMSIS/Include -O0 -ffunction-sections -fdata-sections -Wall -fstack-usage -fcyclomatic-complexity -MMD -MP -MF"Core/Src/main.d" -MT"Core/Src/main.o" --specs=nano.specs -mfpu=fpv4-sp-d16 -mfloat-abi=hard -mthumb -o "Core/Src/main.o"
arm-none-eabi-gcc -o "kalman_sf.elf" @"objects.list"   -mcpu=cortex-m4 -T"C:\Users\Francesco Stasi\OneDrive - Politecnico di Bari\UNI_Embedded_Control\Self-balancing-bike\kalman_sf\STM32F446RETX_FLASH.ld" --specs=nosys.specs -Wl,-Map="kalman_sf.map" -Wl,--gc-sections -static --specs=nano.specs -mfpu=fpv4-sp-d16 -mfloat-abi=hard -mthumb -Wl,--start-group -lc -lm -Wl,--end-group
Finished building target: kalman_sf.elf
 
arm-none-eabi-size  kalman_sf.elf 
arm-none-eabi-objdump -h -S kalman_sf.elf  > "kalman_sf.list"
   text	   data	    bss	    dec	    hex	filename
  22956	    120	   2104	  25180	   625c	kalman_sf.elf
Finished building: default.size.stdout
 
Finished building: kalman_sf.list
 
17:45:31 **** Incremental Build of configuration Debug for project kalman_sf ****
make -j12 all 
arm-none-eabi-size  kalman_sf.elf 
   text	   data	    bss	    dec	    hex	filename
  22956	    120	   2104	  25180	   625c	kalman_sf.elf
Finished building: default.size.stdout
 
17:48:37 **** Build of configuration Debug for project kalman_sf ****
make -j12 all 
arm-none-eabi-size  kalman_sf.elf 
   text	   data	    bss	    dec	    hex	filename
  22956	    120	   2104	  25180	   625c	kalman_sf.elf
Finished building: default.size.stdout
 
17:49:33 **** Incremental Build of configuration Debug for project kalman_sf ****
make -j12 all 
arm-none-eabi-size  kalman_sf.elf 
   text	   data	    bss	    dec	    hex	filename
  22956	    120	   2104	  25180	   625c	kalman_sf.elf
Finished building: default.size.stdout
 
17:49:39 **** Incremental Build of configuration Debug for project kalman_sf ****
make -j12 all 
arm-none-eabi-size  kalman_sf.elf 
   text	   data	    bss	    dec	    hex	filename
  22956	    120	   2104	  25180	   625c	kalman_sf.elf
Finished building: default.size.stdout
 
17:50:17 **** Incremental Build of configuration Debug for project kalman_sf ****
make -j12 all 
arm-none-eabi-size  kalman_sf.elf 
   text	   data	    bss	    dec	    hex	filename
  22956	    120	   2104	  25180	   625c	kalman_sf.elf
Finished building: default.size.stdout
 
17:50:46 **** Incremental Build of configuration Debug for project kalman_sf ****
make -j12 all 
arm-none-eabi-size  kalman_sf.elf 
   text	   data	    bss	    dec	    hex	filename
  22956	    120	   2104	  25180	   625c	kalman_sf.elf
Finished building: default.size.stdout
 
17:51:02 **** Incremental Build of configuration Debug for project kalman_sf ****
make -j12 all 
arm-none-eabi-size  kalman_sf.elf 
   text	   data	    bss	    dec	    hex	filename
  22956	    120	   2104	  25180	   625c	kalman_sf.elf
Finished building: default.size.stdout
 
17:52:00 **** Incremental Build of configuration Debug for project kalman_sf ****
make -j12 all 
arm-none-eabi-gcc "../Core/Src/main.c" -mcpu=cortex-m4 -std=gnu11 -g3 -DDEBUG -DUSE_HAL_DRIVER -DSTM32F446xx -c -I../Core/Inc -I../Drivers/STM32F4xx_HAL_Driver/Inc -I../Drivers/STM32F4xx_HAL_Driver/Inc/Legacy -I../Drivers/CMSIS/Device/ST/STM32F4xx/Include -I../Drivers/CMSIS/Include -O0 -ffunction-sections -fdata-sections -Wall -fstack-usage -fcyclomatic-complexity -MMD -MP -MF"Core/Src/main.d" -MT"Core/Src/main.o" --specs=nano.specs -mfpu=fpv4-sp-d16 -mfloat-abi=hard -mthumb -o "Core/Src/main.o"
arm-none-eabi-gcc -o "kalman_sf.elf" @"objects.list"   -mcpu=cortex-m4 -T"C:\Users\Francesco Stasi\OneDrive - Politecnico di Bari\UNI_Embedded_Control\Self-balancing-bike\kalman_sf\STM32F446RETX_FLASH.ld" --specs=nosys.specs -Wl,-Map="kalman_sf.map" -Wl,--gc-sections -static --specs=nano.specs -mfpu=fpv4-sp-d16 -mfloat-abi=hard -mthumb -Wl,--start-group -lc -lm -Wl,--end-group
Finished building target: kalman_sf.elf
 
arm-none-eabi-size  kalman_sf.elf 
arm-none-eabi-objdump -h -S kalman_sf.elf  > "kalman_sf.list"
   text	   data	    bss	    dec	    hex	filename
  23044	    120	   2104	  25268	   62b4	kalman_sf.elf
Finished building: default.size.stdout
 
Finished building: kalman_sf.list
 
17:58:37 **** Incremental Build of configuration Debug for project kalman_sf ****
make -j12 all 
arm-none-eabi-gcc "../Core/Src/main.c" -mcpu=cortex-m4 -std=gnu11 -g3 -DDEBUG -DUSE_HAL_DRIVER -DSTM32F446xx -c -I../Core/Inc -I../Drivers/STM32F4xx_HAL_Driver/Inc -I../Drivers/STM32F4xx_HAL_Driver/Inc/Legacy -I../Drivers/CMSIS/Device/ST/STM32F4xx/Include -I../Drivers/CMSIS/Include -O0 -ffunction-sections -fdata-sections -Wall -fstack-usage -fcyclomatic-complexity -MMD -MP -MF"Core/Src/main.d" -MT"Core/Src/main.o" --specs=nano.specs -mfpu=fpv4-sp-d16 -mfloat-abi=hard -mthumb -o "Core/Src/main.o"
arm-none-eabi-gcc -o "kalman_sf.elf" @"objects.list"   -mcpu=cortex-m4 -T"C:\Users\Francesco Stasi\OneDrive - Politecnico di Bari\UNI_Embedded_Control\Self-balancing-bike\kalman_sf\STM32F446RETX_FLASH.ld" --specs=nosys.specs -Wl,-Map="kalman_sf.map" -Wl,--gc-sections -static --specs=nano.specs -mfpu=fpv4-sp-d16 -mfloat-abi=hard -mthumb -Wl,--start-group -lc -lm -Wl,--end-group
Finished building target: kalman_sf.elf
 
arm-none-eabi-size  kalman_sf.elf 
arm-none-eabi-objdump -h -S kalman_sf.elf  > "kalman_sf.list"
   text	   data	    bss	    dec	    hex	filename
  23116	    120	   2104	  25340	   62fc	kalman_sf.elf
Finished building: default.size.stdout
 
Finished building: kalman_sf.list
 
18:00:15 **** Incremental Build of configuration Debug for project kalman_sf ****
make -j12 all 
arm-none-eabi-size  kalman_sf.elf 
   text	   data	    bss	    dec	    hex	filename
  23116	    120	   2104	  25340	   62fc	kalman_sf.elf
Finished building: default.size.stdout
 
18:00:21 **** Incremental Build of configuration Debug for project kalman_sf ****
make -j12 all 
arm-none-eabi-size  kalman_sf.elf 
   text	   data	    bss	    dec	    hex	filename
  23116	    120	   2104	  25340	   62fc	kalman_sf.elf
Finished building: default.size.stdout
 
18:01:13 **** Incremental Build of configuration Debug for project kalman_sf ****
make -j12 all 
arm-none-eabi-size  kalman_sf.elf 
   text	   data	    bss	    dec	    hex	filename
  23116	    120	   2104	  25340	   62fc	kalman_sf.elf
Finished building: default.size.stdout
 
18:04:10 **** Incremental Build of configuration Debug for project kalman_sf ****
make -j12 all 
arm-none-eabi-gcc "../Core/Src/mpu6050.c" -mcpu=cortex-m4 -std=gnu11 -g3 -DDEBUG -DUSE_HAL_DRIVER -DSTM32F446xx -c -I../Core/Inc -I../Drivers/STM32F4xx_HAL_Driver/Inc -I../Drivers/STM32F4xx_HAL_Driver/Inc/Legacy -I../Drivers/CMSIS/Device/ST/STM32F4xx/Include -I../Drivers/CMSIS/Include -O0 -ffunction-sections -fdata-sections -Wall -fstack-usage -fcyclomatic-complexity -MMD -MP -MF"Core/Src/mpu6050.d" -MT"Core/Src/mpu6050.o" --specs=nano.specs -mfpu=fpv4-sp-d16 -mfloat-abi=hard -mthumb -o "Core/Src/mpu6050.o"
arm-none-eabi-gcc -o "kalman_sf.elf" @"objects.list"   -mcpu=cortex-m4 -T"C:\Users\Francesco Stasi\OneDrive - Politecnico di Bari\UNI_Embedded_Control\Self-balancing-bike\kalman_sf\STM32F446RETX_FLASH.ld" --specs=nosys.specs -Wl,-Map="kalman_sf.map" -Wl,--gc-sections -static --specs=nano.specs -mfpu=fpv4-sp-d16 -mfloat-abi=hard -mthumb -Wl,--start-group -lc -lm -Wl,--end-group
Finished building target: kalman_sf.elf
 
arm-none-eabi-size  kalman_sf.elf 
arm-none-eabi-objdump -h -S kalman_sf.elf  > "kalman_sf.list"
   text	   data	    bss	    dec	    hex	filename
  23052	    120	   2104	  25276	   62bc	kalman_sf.elf
Finished building: default.size.stdout
 
Finished building: kalman_sf.list
 
18:05:54 **** Incremental Build of configuration Debug for project kalman_sf ****
make -j12 all 
arm-none-eabi-gcc "../Core/Src/main.c" -mcpu=cortex-m4 -std=gnu11 -g3 -DDEBUG -DUSE_HAL_DRIVER -DSTM32F446xx -c -I../Core/Inc -I../Drivers/STM32F4xx_HAL_Driver/Inc -I../Drivers/STM32F4xx_HAL_Driver/Inc/Legacy -I../Drivers/CMSIS/Device/ST/STM32F4xx/Include -I../Drivers/CMSIS/Include -O0 -ffunction-sections -fdata-sections -Wall -fstack-usage -fcyclomatic-complexity -MMD -MP -MF"Core/Src/main.d" -MT"Core/Src/main.o" --specs=nano.specs -mfpu=fpv4-sp-d16 -mfloat-abi=hard -mthumb -o "Core/Src/main.o"
arm-none-eabi-gcc -o "kalman_sf.elf" @"objects.list"   -mcpu=cortex-m4 -T"C:\Users\Francesco Stasi\OneDrive - Politecnico di Bari\UNI_Embedded_Control\Self-balancing-bike\kalman_sf\STM32F446RETX_FLASH.ld" --specs=nosys.specs -Wl,-Map="kalman_sf.map" -Wl,--gc-sections -static --specs=nano.specs -mfpu=fpv4-sp-d16 -mfloat-abi=hard -mthumb -Wl,--start-group -lc -lm -Wl,--end-group
Finished building target: kalman_sf.elf
 
arm-none-eabi-size  kalman_sf.elf 
arm-none-eabi-objdump -h -S kalman_sf.elf  > "kalman_sf.list"
   text	   data	    bss	    dec	    hex	filename
  23052	    120	   2104	  25276	   62bc	kalman_sf.elf
Finished building: default.size.stdout
 
Finished building: kalman_sf.list
 
18:08:48 **** Incremental Build of configuration Debug for project kalman_sf ****
make -j12 all 
arm-none-eabi-gcc "../Core/Src/main.c" -mcpu=cortex-m4 -std=gnu11 -g3 -DDEBUG -DUSE_HAL_DRIVER -DSTM32F446xx -c -I../Core/Inc -I../Drivers/STM32F4xx_HAL_Driver/Inc -I../Drivers/STM32F4xx_HAL_Driver/Inc/Legacy -I../Drivers/CMSIS/Device/ST/STM32F4xx/Include -I../Drivers/CMSIS/Include -O0 -ffunction-sections -fdata-sections -Wall -fstack-usage -fcyclomatic-complexity -MMD -MP -MF"Core/Src/main.d" -MT"Core/Src/main.o" --specs=nano.specs -mfpu=fpv4-sp-d16 -mfloat-abi=hard -mthumb -o "Core/Src/main.o"
arm-none-eabi-gcc "../Core/Src/mpu6050.c" -mcpu=cortex-m4 -std=gnu11 -g3 -DDEBUG -DUSE_HAL_DRIVER -DSTM32F446xx -c -I../Core/Inc -I../Drivers/STM32F4xx_HAL_Driver/Inc -I../Drivers/STM32F4xx_HAL_Driver/Inc/Legacy -I../Drivers/CMSIS/Device/ST/STM32F4xx/Include -I../Drivers/CMSIS/Include -O0 -ffunction-sections -fdata-sections -Wall -fstack-usage -fcyclomatic-complexity -MMD -MP -MF"Core/Src/mpu6050.d" -MT"Core/Src/mpu6050.o" --specs=nano.specs -mfpu=fpv4-sp-d16 -mfloat-abi=hard -mthumb -o "Core/Src/mpu6050.o"
arm-none-eabi-gcc -o "kalman_sf.elf" @"objects.list"   -mcpu=cortex-m4 -T"C:\Users\Francesco Stasi\OneDrive - Politecnico di Bari\UNI_Embedded_Control\Self-balancing-bike\kalman_sf\STM32F446RETX_FLASH.ld" --specs=nosys.specs -Wl,-Map="kalman_sf.map" -Wl,--gc-sections -static --specs=nano.specs -mfpu=fpv4-sp-d16 -mfloat-abi=hard -mthumb -Wl,--start-group -lc -lm -Wl,--end-group
Finished building target: kalman_sf.elf
 
arm-none-eabi-size  kalman_sf.elf 
arm-none-eabi-objdump -h -S kalman_sf.elf  > "kalman_sf.list"
   text	   data	    bss	    dec	    hex	filename
  23116	    120	   2104	  25340	   62fc	kalman_sf.elf
Finished building: default.size.stdout
 
Finished building: kalman_sf.list
 
18:10:14 **** Incremental Build of configuration Debug for project kalman_sf ****
make -j12 all 
arm-none-eabi-gcc "../Core/Src/main.c" -mcpu=cortex-m4 -std=gnu11 -g3 -DDEBUG -DUSE_HAL_DRIVER -DSTM32F446xx -c -I../Core/Inc -I../Drivers/STM32F4xx_HAL_Driver/Inc -I../Drivers/STM32F4xx_HAL_Driver/Inc/Legacy -I../Drivers/CMSIS/Device/ST/STM32F4xx/Include -I../Drivers/CMSIS/Include -O0 -ffunction-sections -fdata-sections -Wall -fstack-usage -fcyclomatic-complexity -MMD -MP -MF"Core/Src/main.d" -MT"Core/Src/main.o" --specs=nano.specs -mfpu=fpv4-sp-d16 -mfloat-abi=hard -mthumb -o "Core/Src/main.o"
arm-none-eabi-gcc -o "kalman_sf.elf" @"objects.list"   -mcpu=cortex-m4 -T"C:\Users\Francesco Stasi\OneDrive - Politecnico di Bari\UNI_Embedded_Control\Self-balancing-bike\kalman_sf\STM32F446RETX_FLASH.ld" --specs=nosys.specs -Wl,-Map="kalman_sf.map" -Wl,--gc-sections -static --specs=nano.specs -mfpu=fpv4-sp-d16 -mfloat-abi=hard -mthumb -Wl,--start-group -lc -lm -Wl,--end-group
Finished building target: kalman_sf.elf
 
arm-none-eabi-size  kalman_sf.elf 
arm-none-eabi-objdump -h -S kalman_sf.elf  > "kalman_sf.list"
   text	   data	    bss	    dec	    hex	filename
  23116	    120	   2104	  25340	   62fc	kalman_sf.elf
Finished building: default.size.stdout
 
Finished building: kalman_sf.list
 
18:10:52 **** Incremental Build of configuration Debug for project kalman_sf ****
make -j12 all 
arm-none-eabi-size  kalman_sf.elf 
   text	   data	    bss	    dec	    hex	filename
  23116	    120	   2104	  25340	   62fc	kalman_sf.elf
Finished building: default.size.stdout
 
18:11:57 **** Incremental Build of configuration Debug for project kalman_sf ****
make -j12 all 
arm-none-eabi-size  kalman_sf.elf 
   text	   data	    bss	    dec	    hex	filename
  23116	    120	   2104	  25340	   62fc	kalman_sf.elf
Finished building: default.size.stdout
 
18:22:31 **** Incremental Build of configuration Debug for project kalman_sf ****
make -j12 all 
arm-none-eabi-gcc "../Core/Src/filter.c" -mcpu=cortex-m4 -std=gnu11 -g3 -DDEBUG -DUSE_HAL_DRIVER -DSTM32F446xx -c -I../Core/Inc -I../Drivers/STM32F4xx_HAL_Driver/Inc -I../Drivers/STM32F4xx_HAL_Driver/Inc/Legacy -I../Drivers/CMSIS/Device/ST/STM32F4xx/Include -I../Drivers/CMSIS/Include -O0 -ffunction-sections -fdata-sections -Wall -fstack-usage -fcyclomatic-complexity -MMD -MP -MF"Core/Src/filter.d" -MT"Core/Src/filter.o" --specs=nano.specs -mfpu=fpv4-sp-d16 -mfloat-abi=hard -mthumb -o "Core/Src/filter.o"
../Core/Src/filter.c: In function 'updateOrientation':
../Core/Src/filter.c:19:3: error: 'old_roll' undeclared (first use in this function)
   19 |   old_roll = or.roll;
      |   ^~~~~~~~
../Core/Src/filter.c:19:3: note: each undeclared identifier is reported only once for each function it appears in
make: *** [Core/Src/subdir.mk:49: Core/Src/filter.o] Error 1
"make -j12 all" terminated with exit code 2. Build might be incomplete.
18:23:19 **** Incremental Build of configuration Debug for project kalman_sf ****
make -j12 all 
arm-none-eabi-gcc "../Core/Src/filter.c" -mcpu=cortex-m4 -std=gnu11 -g3 -DDEBUG -DUSE_HAL_DRIVER -DSTM32F446xx -c -I../Core/Inc -I../Drivers/STM32F4xx_HAL_Driver/Inc -I../Drivers/STM32F4xx_HAL_Driver/Inc/Legacy -I../Drivers/CMSIS/Device/ST/STM32F4xx/Include -I../Drivers/CMSIS/Include -O0 -ffunction-sections -fdata-sections -Wall -fstack-usage -fcyclomatic-complexity -MMD -MP -MF"Core/Src/filter.d" -MT"Core/Src/filter.o" --specs=nano.specs -mfpu=fpv4-sp-d16 -mfloat-abi=hard -mthumb -o "Core/Src/filter.o"
arm-none-eabi-gcc -o "kalman_sf.elf" @"objects.list"   -mcpu=cortex-m4 -T"C:\Users\Francesco Stasi\OneDrive - Politecnico di Bari\UNI_Embedded_Control\Self-balancing-bike\kalman_sf\STM32F446RETX_FLASH.ld" --specs=nosys.specs -Wl,-Map="kalman_sf.map" -Wl,--gc-sections -static --specs=nano.specs -mfpu=fpv4-sp-d16 -mfloat-abi=hard -mthumb -Wl,--start-group -lc -lm -Wl,--end-group
Finished building target: kalman_sf.elf
 
arm-none-eabi-size  kalman_sf.elf 
arm-none-eabi-objdump -h -S kalman_sf.elf  > "kalman_sf.list"
   text	   data	    bss	    dec	    hex	filename
  23132	    120	   2104	  25356	   630c	kalman_sf.elf
Finished building: default.size.stdout
 
Finished building: kalman_sf.list
 
18:24:05 **** Incremental Build of configuration Debug for project kalman_sf ****
make -j12 all 
arm-none-eabi-size  kalman_sf.elf 
   text	   data	    bss	    dec	    hex	filename
  23132	    120	   2104	  25356	   630c	kalman_sf.elf
Finished building: default.size.stdout
 
18:24:12 **** Incremental Build of configuration Debug for project kalman_sf ****
make -j12 all 
arm-none-eabi-size  kalman_sf.elf 
   text	   data	    bss	    dec	    hex	filename
  23132	    120	   2104	  25356	   630c	kalman_sf.elf
Finished building: default.size.stdout
 
18:25:41 **** Incremental Build of configuration Debug for project kalman_sf ****
make -j12 all 
arm-none-eabi-size  kalman_sf.elf 
   text	   data	    bss	    dec	    hex	filename
  23132	    120	   2104	  25356	   630c	kalman_sf.elf
Finished building: default.size.stdout
 
18:26:46 **** Incremental Build of configuration Debug for project kalman_sf ****
make -j12 all 
arm-none-eabi-size  kalman_sf.elf 
   text	   data	    bss	    dec	    hex	filename
  23132	    120	   2104	  25356	   630c	kalman_sf.elf
Finished building: default.size.stdout
 
18:29:55 **** Incremental Build of configuration Debug for project kalman_sf ****
make -j12 all 
arm-none-eabi-size  kalman_sf.elf 
   text	   data	    bss	    dec	    hex	filename
  23132	    120	   2104	  25356	   630c	kalman_sf.elf
Finished building: default.size.stdout
 
18:31:08 **** Incremental Build of configuration Debug for project kalman_sf ****
make -j12 all 
arm-none-eabi-size  kalman_sf.elf 
   text	   data	    bss	    dec	    hex	filename
  23132	    120	   2104	  25356	   630c	kalman_sf.elf
Finished building: default.size.stdout
 
18:31:22 **** Incremental Build of configuration Debug for project kalman_sf ****
make -j12 all 
arm-none-eabi-size  kalman_sf.elf 
   text	   data	    bss	    dec	    hex	filename
  23132	    120	   2104	  25356	   630c	kalman_sf.elf
Finished building: default.size.stdout
 
18:32:06 **** Incremental Build of configuration Debug for project kalman_sf ****
make -j12 all 
arm-none-eabi-size  kalman_sf.elf 
   text	   data	    bss	    dec	    hex	filename
  23132	    120	   2104	  25356	   630c	kalman_sf.elf
Finished building: default.size.stdout
 
18:32:18 **** Incremental Build of configuration Debug for project kalman_sf ****
make -j12 all 
arm-none-eabi-size  kalman_sf.elf 
   text	   data	    bss	    dec	    hex	filename
  23132	    120	   2104	  25356	   630c	kalman_sf.elf
Finished building: default.size.stdout
 
18:32:37 **** Incremental Build of configuration Debug for project kalman_sf ****
make -j12 all 
arm-none-eabi-size  kalman_sf.elf 
   text	   data	    bss	    dec	    hex	filename
  23132	    120	   2104	  25356	   630c	kalman_sf.elf
Finished building: default.size.stdout
 
18:34:03 **** Incremental Build of configuration Debug for project kalman_sf ****
make -j12 all 
arm-none-eabi-size  kalman_sf.elf 
   text	   data	    bss	    dec	    hex	filename
  23132	    120	   2104	  25356	   630c	kalman_sf.elf
Finished building: default.size.stdout
 
18:35:27 **** Incremental Build of configuration Debug for project kalman_sf ****
make -j12 all 
arm-none-eabi-gcc "../Core/Src/main.c" -mcpu=cortex-m4 -std=gnu11 -g3 -DDEBUG -DUSE_HAL_DRIVER -DSTM32F446xx -c -I../Core/Inc -I../Drivers/STM32F4xx_HAL_Driver/Inc -I../Drivers/STM32F4xx_HAL_Driver/Inc/Legacy -I../Drivers/CMSIS/Device/ST/STM32F4xx/Include -I../Drivers/CMSIS/Include -O0 -ffunction-sections -fdata-sections -Wall -fstack-usage -fcyclomatic-complexity -MMD -MP -MF"Core/Src/main.d" -MT"Core/Src/main.o" --specs=nano.specs -mfpu=fpv4-sp-d16 -mfloat-abi=hard -mthumb -o "Core/Src/main.o"
arm-none-eabi-gcc -o "kalman_sf.elf" @"objects.list"   -mcpu=cortex-m4 -T"C:\Users\Francesco Stasi\OneDrive - Politecnico di Bari\UNI_Embedded_Control\Self-balancing-bike\kalman_sf\STM32F446RETX_FLASH.ld" --specs=nosys.specs -Wl,-Map="kalman_sf.map" -Wl,--gc-sections -static --specs=nano.specs -mfpu=fpv4-sp-d16 -mfloat-abi=hard -mthumb -Wl,--start-group -lc -lm -Wl,--end-group
Finished building target: kalman_sf.elf
 
arm-none-eabi-size  kalman_sf.elf 
arm-none-eabi-objdump -h -S kalman_sf.elf  > "kalman_sf.list"
   text	   data	    bss	    dec	    hex	filename
  22972	    120	   2104	  25196	   626c	kalman_sf.elf
Finished building: default.size.stdout
 
Finished building: kalman_sf.list
 
18:37:15 **** Incremental Build of configuration Debug for project kalman_sf ****
make -j12 all 
arm-none-eabi-size  kalman_sf.elf 
   text	   data	    bss	    dec	    hex	filename
  22972	    120	   2104	  25196	   626c	kalman_sf.elf
Finished building: default.size.stdout
 
18:38:11 **** Incremental Build of configuration Debug for project kalman_sf ****
make -j12 all 
arm-none-eabi-size  kalman_sf.elf 
   text	   data	    bss	    dec	    hex	filename
  22972	    120	   2104	  25196	   626c	kalman_sf.elf
Finished building: default.size.stdout
 
18:38:15 **** Incremental Build of configuration Debug for project kalman_sf ****
make -j12 all 
arm-none-eabi-size  kalman_sf.elf 
   text	   data	    bss	    dec	    hex	filename
  22972	    120	   2104	  25196	   626c	kalman_sf.elf
Finished building: default.size.stdout
 
18:40:04 **** Incremental Build of configuration Debug for project kalman_sf ****
make -j12 all 
arm-none-eabi-size  kalman_sf.elf 
   text	   data	    bss	    dec	    hex	filename
  22972	    120	   2104	  25196	   626c	kalman_sf.elf
Finished building: default.size.stdout
 
18:41:57 **** Incremental Build of configuration Debug for project kalman_sf ****
make -j12 all 
arm-none-eabi-size  kalman_sf.elf 
   text	   data	    bss	    dec	    hex	filename
  22972	    120	   2104	  25196	   626c	kalman_sf.elf
Finished building: default.size.stdout
 
18:42:27 **** Incremental Build of configuration Debug for project kalman_sf ****
make -j12 all 
arm-none-eabi-size  kalman_sf.elf 
   text	   data	    bss	    dec	    hex	filename
  22972	    120	   2104	  25196	   626c	kalman_sf.elf
Finished building: default.size.stdout
 
18:44:02 **** Build of configuration Debug for project kalman_sf ****
make -j12 all 
arm-none-eabi-size  kalman_sf.elf 
   text	   data	    bss	    dec	    hex	filename
  22972	    120	   2104	  25196	   626c	kalman_sf.elf
Finished building: default.size.stdout
 
18:44:57 **** Build of configuration Debug for project main_test ****
make -j12 all 
arm-none-eabi-size  main_test.elf 
   text	   data	    bss	    dec	    hex	filename
  23396	    104	   2232	  25732	   6484	main_test.elf
Finished building: default.size.stdout
 
18:47:26 **** Incremental Build of configuration Debug for project main_test ****
make -j12 all 
arm-none-eabi-gcc "../Core/Src/main.c" -mcpu=cortex-m4 -std=gnu11 -g3 -DDEBUG -DUSE_HAL_DRIVER -DSTM32F446xx -c -I../Core/Inc -I../Drivers/STM32F4xx_HAL_Driver/Inc -I../Drivers/STM32F4xx_HAL_Driver/Inc/Legacy -I../Drivers/CMSIS/Device/ST/STM32F4xx/Include -I../Drivers/CMSIS/Include -O0 -ffunction-sections -fdata-sections -Wall -fstack-usage -fcyclomatic-complexity -MMD -MP -MF"Core/Src/main.d" -MT"Core/Src/main.o" --specs=nano.specs -mfpu=fpv4-sp-d16 -mfloat-abi=hard -mthumb -o "Core/Src/main.o"
arm-none-eabi-gcc -o "main_test.elf" @"objects.list"   -mcpu=cortex-m4 -T"C:\Users\Francesco Stasi\OneDrive - Politecnico di Bari\UNI_Embedded_Control\Self-balancing-bike\main_test\STM32F446RETX_FLASH.ld" --specs=nosys.specs -Wl,-Map="main_test.map" -Wl,--gc-sections -static --specs=nano.specs -mfpu=fpv4-sp-d16 -mfloat-abi=hard -mthumb -Wl,--start-group -lc -lm -Wl,--end-group
Finished building target: main_test.elf
 
arm-none-eabi-size  main_test.elf 
arm-none-eabi-objdump -h -S main_test.elf  > "main_test.list"
   text	   data	    bss	    dec	    hex	filename
  23692	    104	   2240	  26036	   65b4	main_test.elf
Finished building: default.size.stdout
 
Finished building: main_test.list
 
18:49:01 **** Incremental Build of configuration Debug for project main_test ****
make -j12 all 
arm-none-eabi-size  main_test.elf 
   text	   data	    bss	    dec	    hex	filename
  23692	    104	   2240	  26036	   65b4	main_test.elf
Finished building: default.size.stdout
 
18:51:18 **** Incremental Build of configuration Debug for project main_test ****
make -j12 all 
arm-none-eabi-size  main_test.elf 
   text	   data	    bss	    dec	    hex	filename
  23692	    104	   2240	  26036	   65b4	main_test.elf
Finished building: default.size.stdout
 
18:52:12 **** Incremental Build of configuration Debug for project kalman_sf ****
make -j12 all 
arm-none-eabi-size  kalman_sf.elf 
   text	   data	    bss	    dec	    hex	filename
  22972	    120	   2104	  25196	   626c	kalman_sf.elf
Finished building: default.size.stdout
 
19:09:13 **** Incremental Build of configuration Debug for project kalman_sf ****
make -j12 all 
arm-none-eabi-gcc "../Core/Src/filter.c" -mcpu=cortex-m4 -std=gnu11 -g3 -DDEBUG -DUSE_HAL_DRIVER -DSTM32F446xx -c -I../Core/Inc -I../Drivers/STM32F4xx_HAL_Driver/Inc -I../Drivers/STM32F4xx_HAL_Driver/Inc/Legacy -I../Drivers/CMSIS/Device/ST/STM32F4xx/Include -I../Drivers/CMSIS/Include -O0 -ffunction-sections -fdata-sections -Wall -fstack-usage -fcyclomatic-complexity -MMD -MP -MF"Core/Src/filter.d" -MT"Core/Src/filter.o" --specs=nano.specs -mfpu=fpv4-sp-d16 -mfloat-abi=hard -mthumb -o "Core/Src/filter.o"
arm-none-eabi-gcc "../Core/Src/main.c" -mcpu=cortex-m4 -std=gnu11 -g3 -DDEBUG -DUSE_HAL_DRIVER -DSTM32F446xx -c -I../Core/Inc -I../Drivers/STM32F4xx_HAL_Driver/Inc -I../Drivers/STM32F4xx_HAL_Driver/Inc/Legacy -I../Drivers/CMSIS/Device/ST/STM32F4xx/Include -I../Drivers/CMSIS/Include -O0 -ffunction-sections -fdata-sections -Wall -fstack-usage -fcyclomatic-complexity -MMD -MP -MF"Core/Src/main.d" -MT"Core/Src/main.o" --specs=nano.specs -mfpu=fpv4-sp-d16 -mfloat-abi=hard -mthumb -o "Core/Src/main.o"
arm-none-eabi-gcc -o "kalman_sf.elf" @"objects.list"   -mcpu=cortex-m4 -T"C:\Users\Francesco Stasi\OneDrive - Politecnico di Bari\UNI_Embedded_Control\Self-balancing-bike\kalman_sf\STM32F446RETX_FLASH.ld" --specs=nosys.specs -Wl,-Map="kalman_sf.map" -Wl,--gc-sections -static --specs=nano.specs -mfpu=fpv4-sp-d16 -mfloat-abi=hard -mthumb -Wl,--start-group -lc -lm -Wl,--end-group
Finished building target: kalman_sf.elf
 
arm-none-eabi-size  kalman_sf.elf 
arm-none-eabi-objdump -h -S kalman_sf.elf  > "kalman_sf.list"
   text	   data	    bss	    dec	    hex	filename
  22972	    120	   2104	  25196	   626c	kalman_sf.elf
Finished building: default.size.stdout
 
Finished building: kalman_sf.list
 
19:17:19 **** Incremental Build of configuration Debug for project kalman_sf ****
make -j12 all 
arm-none-eabi-gcc "../Core/Src/filter.c" -mcpu=cortex-m4 -std=gnu11 -g3 -DDEBUG -DUSE_HAL_DRIVER -DSTM32F446xx -c -I../Core/Inc -I../Drivers/STM32F4xx_HAL_Driver/Inc -I../Drivers/STM32F4xx_HAL_Driver/Inc/Legacy -I../Drivers/CMSIS/Device/ST/STM32F4xx/Include -I../Drivers/CMSIS/Include -O0 -ffunction-sections -fdata-sections -Wall -fstack-usage -fcyclomatic-complexity -MMD -MP -MF"Core/Src/filter.d" -MT"Core/Src/filter.o" --specs=nano.specs -mfpu=fpv4-sp-d16 -mfloat-abi=hard -mthumb -o "Core/Src/filter.o"
arm-none-eabi-gcc "../Core/Src/main.c" -mcpu=cortex-m4 -std=gnu11 -g3 -DDEBUG -DUSE_HAL_DRIVER -DSTM32F446xx -c -I../Core/Inc -I../Drivers/STM32F4xx_HAL_Driver/Inc -I../Drivers/STM32F4xx_HAL_Driver/Inc/Legacy -I../Drivers/CMSIS/Device/ST/STM32F4xx/Include -I../Drivers/CMSIS/Include -O0 -ffunction-sections -fdata-sections -Wall -fstack-usage -fcyclomatic-complexity -MMD -MP -MF"Core/Src/main.d" -MT"Core/Src/main.o" --specs=nano.specs -mfpu=fpv4-sp-d16 -mfloat-abi=hard -mthumb -o "Core/Src/main.o"
arm-none-eabi-gcc -o "kalman_sf.elf" @"objects.list"   -mcpu=cortex-m4 -T"C:\Users\Francesco Stasi\OneDrive - Politecnico di Bari\UNI_Embedded_Control\Self-balancing-bike\kalman_sf\STM32F446RETX_FLASH.ld" --specs=nosys.specs -Wl,-Map="kalman_sf.map" -Wl,--gc-sections -static --specs=nano.specs -mfpu=fpv4-sp-d16 -mfloat-abi=hard -mthumb -Wl,--start-group -lc -lm -Wl,--end-group
Finished building target: kalman_sf.elf
 
arm-none-eabi-size  kalman_sf.elf 
arm-none-eabi-objdump -h -S kalman_sf.elf  > "kalman_sf.list"
   text	   data	    bss	    dec	    hex	filename
  22972	    120	   2104	  25196	   626c	kalman_sf.elf
Finished building: default.size.stdout
 
Finished building: kalman_sf.list
 
19:18:07 **** Incremental Build of configuration Debug for project kalman_sf ****
make -j12 all 
arm-none-eabi-size  kalman_sf.elf 
   text	   data	    bss	    dec	    hex	filename
  22972	    120	   2104	  25196	   626c	kalman_sf.elf
Finished building: default.size.stdout
 
19:18:24 **** Incremental Build of configuration Debug for project kalman_sf ****
make -j12 all 
arm-none-eabi-size  kalman_sf.elf 
   text	   data	    bss	    dec	    hex	filename
  22972	    120	   2104	  25196	   626c	kalman_sf.elf
Finished building: default.size.stdout
 
19:18:59 **** Incremental Build of configuration Debug for project kalman_sf ****
make -j12 all 
arm-none-eabi-size  kalman_sf.elf 
   text	   data	    bss	    dec	    hex	filename
  22972	    120	   2104	  25196	   626c	kalman_sf.elf
Finished building: default.size.stdout
 
19:23:34 **** Incremental Build of configuration Debug for project kalman_sf ****
make -j12 all 
arm-none-eabi-gcc "../Core/Src/filter.c" -mcpu=cortex-m4 -std=gnu11 -g3 -DDEBUG -DUSE_HAL_DRIVER -DSTM32F446xx -c -I../Core/Inc -I../Drivers/STM32F4xx_HAL_Driver/Inc -I../Drivers/STM32F4xx_HAL_Driver/Inc/Legacy -I../Drivers/CMSIS/Device/ST/STM32F4xx/Include -I../Drivers/CMSIS/Include -O0 -ffunction-sections -fdata-sections -Wall -fstack-usage -fcyclomatic-complexity -MMD -MP -MF"Core/Src/filter.d" -MT"Core/Src/filter.o" --specs=nano.specs -mfpu=fpv4-sp-d16 -mfloat-abi=hard -mthumb -o "Core/Src/filter.o"
arm-none-eabi-gcc "../Core/Src/main.c" -mcpu=cortex-m4 -std=gnu11 -g3 -DDEBUG -DUSE_HAL_DRIVER -DSTM32F446xx -c -I../Core/Inc -I../Drivers/STM32F4xx_HAL_Driver/Inc -I../Drivers/STM32F4xx_HAL_Driver/Inc/Legacy -I../Drivers/CMSIS/Device/ST/STM32F4xx/Include -I../Drivers/CMSIS/Include -O0 -ffunction-sections -fdata-sections -Wall -fstack-usage -fcyclomatic-complexity -MMD -MP -MF"Core/Src/main.d" -MT"Core/Src/main.o" --specs=nano.specs -mfpu=fpv4-sp-d16 -mfloat-abi=hard -mthumb -o "Core/Src/main.o"
arm-none-eabi-gcc -o "kalman_sf.elf" @"objects.list"   -mcpu=cortex-m4 -T"C:\Users\Francesco Stasi\OneDrive - Politecnico di Bari\UNI_Embedded_Control\Self-balancing-bike\kalman_sf\STM32F446RETX_FLASH.ld" --specs=nosys.specs -Wl,-Map="kalman_sf.map" -Wl,--gc-sections -static --specs=nano.specs -mfpu=fpv4-sp-d16 -mfloat-abi=hard -mthumb -Wl,--start-group -lc -lm -Wl,--end-group
Finished building target: kalman_sf.elf
 
arm-none-eabi-size  kalman_sf.elf 
arm-none-eabi-objdump -h -S kalman_sf.elf  > "kalman_sf.list"
   text	   data	    bss	    dec	    hex	filename
  22972	    120	   2104	  25196	   626c	kalman_sf.elf
Finished building: default.size.stdout
 
Finished building: kalman_sf.list
 
19:25:08 **** Incremental Build of configuration Debug for project kalman_sf ****
make -j12 all 
arm-none-eabi-gcc "../Drivers/STM32F4xx_HAL_Driver/Src/stm32f4xx_hal_i2c.c" -mcpu=cortex-m4 -std=gnu11 -g3 -DDEBUG -DUSE_HAL_DRIVER -DSTM32F446xx -c -I../Core/Inc -I../Drivers/STM32F4xx_HAL_Driver/Inc -I../Drivers/STM32F4xx_HAL_Driver/Inc/Legacy -I../Drivers/CMSIS/Device/ST/STM32F4xx/Include -I../Drivers/CMSIS/Include -O0 -ffunction-sections -fdata-sections -Wall -fstack-usage -fcyclomatic-complexity -MMD -MP -MF"Drivers/STM32F4xx_HAL_Driver/Src/stm32f4xx_hal_i2c.d" -MT"Drivers/STM32F4xx_HAL_Driver/Src/stm32f4xx_hal_i2c.o" --specs=nano.specs -mfpu=fpv4-sp-d16 -mfloat-abi=hard -mthumb -o "Drivers/STM32F4xx_HAL_Driver/Src/stm32f4xx_hal_i2c.o"
arm-none-eabi-gcc -o "kalman_sf.elf" @"objects.list"   -mcpu=cortex-m4 -T"C:\Users\Francesco Stasi\OneDrive - Politecnico di Bari\UNI_Embedded_Control\Self-balancing-bike\kalman_sf\STM32F446RETX_FLASH.ld" --specs=nosys.specs -Wl,-Map="kalman_sf.map" -Wl,--gc-sections -static --specs=nano.specs -mfpu=fpv4-sp-d16 -mfloat-abi=hard -mthumb -Wl,--start-group -lc -lm -Wl,--end-group
Finished building target: kalman_sf.elf
 
arm-none-eabi-size  kalman_sf.elf 
arm-none-eabi-objdump -h -S kalman_sf.elf  > "kalman_sf.list"
   text	   data	    bss	    dec	    hex	filename
  22972	    120	   2104	  25196	   626c	kalman_sf.elf
Finished building: default.size.stdout
 
Finished building: kalman_sf.list
 
19:26:33 **** Incremental Build of configuration Debug for project kalman_sf ****
make -j12 all 
arm-none-eabi-size  kalman_sf.elf 
   text	   data	    bss	    dec	    hex	filename
  22972	    120	   2104	  25196	   626c	kalman_sf.elf
Finished building: default.size.stdout
 
19:27:06 **** Incremental Build of configuration Debug for project kalman_sf ****
make -j12 all 
arm-none-eabi-size  kalman_sf.elf 
   text	   data	    bss	    dec	    hex	filename
  22972	    120	   2104	  25196	   626c	kalman_sf.elf
Finished building: default.size.stdout
 
19:28:29 **** Incremental Build of configuration Debug for project kalman_sf ****
make -j12 all 
arm-none-eabi-size  kalman_sf.elf 
   text	   data	    bss	    dec	    hex	filename
  22972	    120	   2104	  25196	   626c	kalman_sf.elf
Finished building: default.size.stdout
 
23:42:00 **** Build of configuration Debug for project measuring_angles ****
make -j12 all 
arm-none-eabi-gcc "../Drivers/STM32F4xx_HAL_Driver/Src/stm32f4xx_hal.c" -mcpu=cortex-m4 -std=gnu11 -g3 -DDEBUG -DUSE_HAL_DRIVER -DSTM32F446xx -c -I../Core/Inc -I../Drivers/STM32F4xx_HAL_Driver/Inc -I../Drivers/STM32F4xx_HAL_Driver/Inc/Legacy -I../Drivers/CMSIS/Device/ST/STM32F4xx/Include -I../Drivers/CMSIS/Include -O0 -ffunction-sections -fdata-sections -Wall -fstack-usage -fcyclomatic-complexity -MMD -MP -MF"Drivers/STM32F4xx_HAL_Driver/Src/stm32f4xx_hal.d" -MT"Drivers/STM32F4xx_HAL_Driver/Src/stm32f4xx_hal.o" --specs=nano.specs -mfpu=fpv4-sp-d16 -mfloat-abi=hard -mthumb -o "Drivers/STM32F4xx_HAL_Driver/Src/stm32f4xx_hal.o"
arm-none-eabi-gcc "../Drivers/STM32F4xx_HAL_Driver/Src/stm32f4xx_hal_cortex.c" -mcpu=cortex-m4 -std=gnu11 -g3 -DDEBUG -DUSE_HAL_DRIVER -DSTM32F446xx -c -I../Core/Inc -I../Drivers/STM32F4xx_HAL_Driver/Inc -I../Drivers/STM32F4xx_HAL_Driver/Inc/Legacy -I../Drivers/CMSIS/Device/ST/STM32F4xx/Include -I../Drivers/CMSIS/Include -O0 -ffunction-sections -fdata-sections -Wall -fstack-usage -fcyclomatic-complexity -MMD -MP -MF"Drivers/STM32F4xx_HAL_Driver/Src/stm32f4xx_hal_cortex.d" -MT"Drivers/STM32F4xx_HAL_Driver/Src/stm32f4xx_hal_cortex.o" --specs=nano.specs -mfpu=fpv4-sp-d16 -mfloat-abi=hard -mthumb -o "Drivers/STM32F4xx_HAL_Driver/Src/stm32f4xx_hal_cortex.o"
arm-none-eabi-gcc "../Drivers/STM32F4xx_HAL_Driver/Src/stm32f4xx_hal_dma.c" -mcpu=cortex-m4 -std=gnu11 -g3 -DDEBUG -DUSE_HAL_DRIVER -DSTM32F446xx -c -I../Core/Inc -I../Drivers/STM32F4xx_HAL_Driver/Inc -I../Drivers/STM32F4xx_HAL_Driver/Inc/Legacy -I../Drivers/CMSIS/Device/ST/STM32F4xx/Include -I../Drivers/CMSIS/Include -O0 -ffunction-sections -fdata-sections -Wall -fstack-usage -fcyclomatic-complexity -MMD -MP -MF"Drivers/STM32F4xx_HAL_Driver/Src/stm32f4xx_hal_dma.d" -MT"Drivers/STM32F4xx_HAL_Driver/Src/stm32f4xx_hal_dma.o" --specs=nano.specs -mfpu=fpv4-sp-d16 -mfloat-abi=hard -mthumb -o "Drivers/STM32F4xx_HAL_Driver/Src/stm32f4xx_hal_dma.o"
arm-none-eabi-gcc "../Drivers/STM32F4xx_HAL_Driver/Src/stm32f4xx_hal_dma_ex.c" -mcpu=cortex-m4 -std=gnu11 -g3 -DDEBUG -DUSE_HAL_DRIVER -DSTM32F446xx -c -I../Core/Inc -I../Drivers/STM32F4xx_HAL_Driver/Inc -I../Drivers/STM32F4xx_HAL_Driver/Inc/Legacy -I../Drivers/CMSIS/Device/ST/STM32F4xx/Include -I../Drivers/CMSIS/Include -O0 -ffunction-sections -fdata-sections -Wall -fstack-usage -fcyclomatic-complexity -MMD -MP -MF"Drivers/STM32F4xx_HAL_Driver/Src/stm32f4xx_hal_dma_ex.d" -MT"Drivers/STM32F4xx_HAL_Driver/Src/stm32f4xx_hal_dma_ex.o" --specs=nano.specs -mfpu=fpv4-sp-d16 -mfloat-abi=hard -mthumb -o "Drivers/STM32F4xx_HAL_Driver/Src/stm32f4xx_hal_dma_ex.o"
arm-none-eabi-gcc "../Drivers/STM32F4xx_HAL_Driver/Src/stm32f4xx_hal_exti.c" -mcpu=cortex-m4 -std=gnu11 -g3 -DDEBUG -DUSE_HAL_DRIVER -DSTM32F446xx -c -I../Core/Inc -I../Drivers/STM32F4xx_HAL_Driver/Inc -I../Drivers/STM32F4xx_HAL_Driver/Inc/Legacy -I../Drivers/CMSIS/Device/ST/STM32F4xx/Include -I../Drivers/CMSIS/Include -O0 -ffunction-sections -fdata-sections -Wall -fstack-usage -fcyclomatic-complexity -MMD -MP -MF"Drivers/STM32F4xx_HAL_Driver/Src/stm32f4xx_hal_exti.d" -MT"Drivers/STM32F4xx_HAL_Driver/Src/stm32f4xx_hal_exti.o" --specs=nano.specs -mfpu=fpv4-sp-d16 -mfloat-abi=hard -mthumb -o "Drivers/STM32F4xx_HAL_Driver/Src/stm32f4xx_hal_exti.o"
arm-none-eabi-gcc "../Drivers/STM32F4xx_HAL_Driver/Src/stm32f4xx_hal_flash.c" -mcpu=cortex-m4 -std=gnu11 -g3 -DDEBUG -DUSE_HAL_DRIVER -DSTM32F446xx -c -I../Core/Inc -I../Drivers/STM32F4xx_HAL_Driver/Inc -I../Drivers/STM32F4xx_HAL_Driver/Inc/Legacy -I../Drivers/CMSIS/Device/ST/STM32F4xx/Include -I../Drivers/CMSIS/Include -O0 -ffunction-sections -fdata-sections -Wall -fstack-usage -fcyclomatic-complexity -MMD -MP -MF"Drivers/STM32F4xx_HAL_Driver/Src/stm32f4xx_hal_flash.d" -MT"Drivers/STM32F4xx_HAL_Driver/Src/stm32f4xx_hal_flash.o" --specs=nano.specs -mfpu=fpv4-sp-d16 -mfloat-abi=hard -mthumb -o "Drivers/STM32F4xx_HAL_Driver/Src/stm32f4xx_hal_flash.o"
arm-none-eabi-gcc "../Drivers/STM32F4xx_HAL_Driver/Src/stm32f4xx_hal_flash_ex.c" -mcpu=cortex-m4 -std=gnu11 -g3 -DDEBUG -DUSE_HAL_DRIVER -DSTM32F446xx -c -I../Core/Inc -I../Drivers/STM32F4xx_HAL_Driver/Inc -I../Drivers/STM32F4xx_HAL_Driver/Inc/Legacy -I../Drivers/CMSIS/Device/ST/STM32F4xx/Include -I../Drivers/CMSIS/Include -O0 -ffunction-sections -fdata-sections -Wall -fstack-usage -fcyclomatic-complexity -MMD -MP -MF"Drivers/STM32F4xx_HAL_Driver/Src/stm32f4xx_hal_flash_ex.d" -MT"Drivers/STM32F4xx_HAL_Driver/Src/stm32f4xx_hal_flash_ex.o" --specs=nano.specs -mfpu=fpv4-sp-d16 -mfloat-abi=hard -mthumb -o "Drivers/STM32F4xx_HAL_Driver/Src/stm32f4xx_hal_flash_ex.o"
arm-none-eabi-gcc "../Drivers/STM32F4xx_HAL_Driver/Src/stm32f4xx_hal_flash_ramfunc.c" -mcpu=cortex-m4 -std=gnu11 -g3 -DDEBUG -DUSE_HAL_DRIVER -DSTM32F446xx -c -I../Core/Inc -I../Drivers/STM32F4xx_HAL_Driver/Inc -I../Drivers/STM32F4xx_HAL_Driver/Inc/Legacy -I../Drivers/CMSIS/Device/ST/STM32F4xx/Include -I../Drivers/CMSIS/Include -O0 -ffunction-sections -fdata-sections -Wall -fstack-usage -fcyclomatic-complexity -MMD -MP -MF"Drivers/STM32F4xx_HAL_Driver/Src/stm32f4xx_hal_flash_ramfunc.d" -MT"Drivers/STM32F4xx_HAL_Driver/Src/stm32f4xx_hal_flash_ramfunc.o" --specs=nano.specs -mfpu=fpv4-sp-d16 -mfloat-abi=hard -mthumb -o "Drivers/STM32F4xx_HAL_Driver/Src/stm32f4xx_hal_flash_ramfunc.o"
arm-none-eabi-gcc "../Drivers/STM32F4xx_HAL_Driver/Src/stm32f4xx_hal_gpio.c" -mcpu=cortex-m4 -std=gnu11 -g3 -DDEBUG -DUSE_HAL_DRIVER -DSTM32F446xx -c -I../Core/Inc -I../Drivers/STM32F4xx_HAL_Driver/Inc -I../Drivers/STM32F4xx_HAL_Driver/Inc/Legacy -I../Drivers/CMSIS/Device/ST/STM32F4xx/Include -I../Drivers/CMSIS/Include -O0 -ffunction-sections -fdata-sections -Wall -fstack-usage -fcyclomatic-complexity -MMD -MP -MF"Drivers/STM32F4xx_HAL_Driver/Src/stm32f4xx_hal_gpio.d" -MT"Drivers/STM32F4xx_HAL_Driver/Src/stm32f4xx_hal_gpio.o" --specs=nano.specs -mfpu=fpv4-sp-d16 -mfloat-abi=hard -mthumb -o "Drivers/STM32F4xx_HAL_Driver/Src/stm32f4xx_hal_gpio.o"
arm-none-eabi-gcc "../Drivers/STM32F4xx_HAL_Driver/Src/stm32f4xx_hal_i2c.c" -mcpu=cortex-m4 -std=gnu11 -g3 -DDEBUG -DUSE_HAL_DRIVER -DSTM32F446xx -c -I../Core/Inc -I../Drivers/STM32F4xx_HAL_Driver/Inc -I../Drivers/STM32F4xx_HAL_Driver/Inc/Legacy -I../Drivers/CMSIS/Device/ST/STM32F4xx/Include -I../Drivers/CMSIS/Include -O0 -ffunction-sections -fdata-sections -Wall -fstack-usage -fcyclomatic-complexity -MMD -MP -MF"Drivers/STM32F4xx_HAL_Driver/Src/stm32f4xx_hal_i2c.d" -MT"Drivers/STM32F4xx_HAL_Driver/Src/stm32f4xx_hal_i2c.o" --specs=nano.specs -mfpu=fpv4-sp-d16 -mfloat-abi=hard -mthumb -o "Drivers/STM32F4xx_HAL_Driver/Src/stm32f4xx_hal_i2c.o"
arm-none-eabi-gcc "../Drivers/STM32F4xx_HAL_Driver/Src/stm32f4xx_hal_i2c_ex.c" -mcpu=cortex-m4 -std=gnu11 -g3 -DDEBUG -DUSE_HAL_DRIVER -DSTM32F446xx -c -I../Core/Inc -I../Drivers/STM32F4xx_HAL_Driver/Inc -I../Drivers/STM32F4xx_HAL_Driver/Inc/Legacy -I../Drivers/CMSIS/Device/ST/STM32F4xx/Include -I../Drivers/CMSIS/Include -O0 -ffunction-sections -fdata-sections -Wall -fstack-usage -fcyclomatic-complexity -MMD -MP -MF"Drivers/STM32F4xx_HAL_Driver/Src/stm32f4xx_hal_i2c_ex.d" -MT"Drivers/STM32F4xx_HAL_Driver/Src/stm32f4xx_hal_i2c_ex.o" --specs=nano.specs -mfpu=fpv4-sp-d16 -mfloat-abi=hard -mthumb -o "Drivers/STM32F4xx_HAL_Driver/Src/stm32f4xx_hal_i2c_ex.o"
arm-none-eabi-gcc "../Drivers/STM32F4xx_HAL_Driver/Src/stm32f4xx_hal_pwr.c" -mcpu=cortex-m4 -std=gnu11 -g3 -DDEBUG -DUSE_HAL_DRIVER -DSTM32F446xx -c -I../Core/Inc -I../Drivers/STM32F4xx_HAL_Driver/Inc -I../Drivers/STM32F4xx_HAL_Driver/Inc/Legacy -I../Drivers/CMSIS/Device/ST/STM32F4xx/Include -I../Drivers/CMSIS/Include -O0 -ffunction-sections -fdata-sections -Wall -fstack-usage -fcyclomatic-complexity -MMD -MP -MF"Drivers/STM32F4xx_HAL_Driver/Src/stm32f4xx_hal_pwr.d" -MT"Drivers/STM32F4xx_HAL_Driver/Src/stm32f4xx_hal_pwr.o" --specs=nano.specs -mfpu=fpv4-sp-d16 -mfloat-abi=hard -mthumb -o "Drivers/STM32F4xx_HAL_Driver/Src/stm32f4xx_hal_pwr.o"
arm-none-eabi-gcc "../Drivers/STM32F4xx_HAL_Driver/Src/stm32f4xx_hal_pwr_ex.c" -mcpu=cortex-m4 -std=gnu11 -g3 -DDEBUG -DUSE_HAL_DRIVER -DSTM32F446xx -c -I../Core/Inc -I../Drivers/STM32F4xx_HAL_Driver/Inc -I../Drivers/STM32F4xx_HAL_Driver/Inc/Legacy -I../Drivers/CMSIS/Device/ST/STM32F4xx/Include -I../Drivers/CMSIS/Include -O0 -ffunction-sections -fdata-sections -Wall -fstack-usage -fcyclomatic-complexity -MMD -MP -MF"Drivers/STM32F4xx_HAL_Driver/Src/stm32f4xx_hal_pwr_ex.d" -MT"Drivers/STM32F4xx_HAL_Driver/Src/stm32f4xx_hal_pwr_ex.o" --specs=nano.specs -mfpu=fpv4-sp-d16 -mfloat-abi=hard -mthumb -o "Drivers/STM32F4xx_HAL_Driver/Src/stm32f4xx_hal_pwr_ex.o"
arm-none-eabi-gcc "../Drivers/STM32F4xx_HAL_Driver/Src/stm32f4xx_hal_rcc.c" -mcpu=cortex-m4 -std=gnu11 -g3 -DDEBUG -DUSE_HAL_DRIVER -DSTM32F446xx -c -I../Core/Inc -I../Drivers/STM32F4xx_HAL_Driver/Inc -I../Drivers/STM32F4xx_HAL_Driver/Inc/Legacy -I../Drivers/CMSIS/Device/ST/STM32F4xx/Include -I../Drivers/CMSIS/Include -O0 -ffunction-sections -fdata-sections -Wall -fstack-usage -fcyclomatic-complexity -MMD -MP -MF"Drivers/STM32F4xx_HAL_Driver/Src/stm32f4xx_hal_rcc.d" -MT"Drivers/STM32F4xx_HAL_Driver/Src/stm32f4xx_hal_rcc.o" --specs=nano.specs -mfpu=fpv4-sp-d16 -mfloat-abi=hard -mthumb -o "Drivers/STM32F4xx_HAL_Driver/Src/stm32f4xx_hal_rcc.o"
arm-none-eabi-gcc "../Drivers/STM32F4xx_HAL_Driver/Src/stm32f4xx_hal_rcc_ex.c" -mcpu=cortex-m4 -std=gnu11 -g3 -DDEBUG -DUSE_HAL_DRIVER -DSTM32F446xx -c -I../Core/Inc -I../Drivers/STM32F4xx_HAL_Driver/Inc -I../Drivers/STM32F4xx_HAL_Driver/Inc/Legacy -I../Drivers/CMSIS/Device/ST/STM32F4xx/Include -I../Drivers/CMSIS/Include -O0 -ffunction-sections -fdata-sections -Wall -fstack-usage -fcyclomatic-complexity -MMD -MP -MF"Drivers/STM32F4xx_HAL_Driver/Src/stm32f4xx_hal_rcc_ex.d" -MT"Drivers/STM32F4xx_HAL_Driver/Src/stm32f4xx_hal_rcc_ex.o" --specs=nano.specs -mfpu=fpv4-sp-d16 -mfloat-abi=hard -mthumb -o "Drivers/STM32F4xx_HAL_Driver/Src/stm32f4xx_hal_rcc_ex.o"
arm-none-eabi-gcc "../Drivers/STM32F4xx_HAL_Driver/Src/stm32f4xx_hal_tim.c" -mcpu=cortex-m4 -std=gnu11 -g3 -DDEBUG -DUSE_HAL_DRIVER -DSTM32F446xx -c -I../Core/Inc -I../Drivers/STM32F4xx_HAL_Driver/Inc -I../Drivers/STM32F4xx_HAL_Driver/Inc/Legacy -I../Drivers/CMSIS/Device/ST/STM32F4xx/Include -I../Drivers/CMSIS/Include -O0 -ffunction-sections -fdata-sections -Wall -fstack-usage -fcyclomatic-complexity -MMD -MP -MF"Drivers/STM32F4xx_HAL_Driver/Src/stm32f4xx_hal_tim.d" -MT"Drivers/STM32F4xx_HAL_Driver/Src/stm32f4xx_hal_tim.o" --specs=nano.specs -mfpu=fpv4-sp-d16 -mfloat-abi=hard -mthumb -o "Drivers/STM32F4xx_HAL_Driver/Src/stm32f4xx_hal_tim.o"
arm-none-eabi-gcc "../Drivers/STM32F4xx_HAL_Driver/Src/stm32f4xx_hal_tim_ex.c" -mcpu=cortex-m4 -std=gnu11 -g3 -DDEBUG -DUSE_HAL_DRIVER -DSTM32F446xx -c -I../Core/Inc -I../Drivers/STM32F4xx_HAL_Driver/Inc -I../Drivers/STM32F4xx_HAL_Driver/Inc/Legacy -I../Drivers/CMSIS/Device/ST/STM32F4xx/Include -I../Drivers/CMSIS/Include -O0 -ffunction-sections -fdata-sections -Wall -fstack-usage -fcyclomatic-complexity -MMD -MP -MF"Drivers/STM32F4xx_HAL_Driver/Src/stm32f4xx_hal_tim_ex.d" -MT"Drivers/STM32F4xx_HAL_Driver/Src/stm32f4xx_hal_tim_ex.o" --specs=nano.specs -mfpu=fpv4-sp-d16 -mfloat-abi=hard -mthumb -o "Drivers/STM32F4xx_HAL_Driver/Src/stm32f4xx_hal_tim_ex.o"
arm-none-eabi-gcc -mcpu=cortex-m4 -g3 -DDEBUG -c -x assembler-with-cpp -MMD -MP -MF"Core/Startup/startup_stm32f446retx.d" -MT"Core/Startup/startup_stm32f446retx.o" --specs=nano.specs -mfpu=fpv4-sp-d16 -mfloat-abi=hard -mthumb -o "Core/Startup/startup_stm32f446retx.o" "../Core/Startup/startup_stm32f446retx.s"
arm-none-eabi-gcc "../Core/Src/gpio.c" -mcpu=cortex-m4 -std=gnu11 -g3 -DDEBUG -DUSE_HAL_DRIVER -DSTM32F446xx -c -I../Core/Inc -I../Drivers/STM32F4xx_HAL_Driver/Inc -I../Drivers/STM32F4xx_HAL_Driver/Inc/Legacy -I../Drivers/CMSIS/Device/ST/STM32F4xx/Include -I../Drivers/CMSIS/Include -O0 -ffunction-sections -fdata-sections -Wall -fstack-usage -fcyclomatic-complexity -MMD -MP -MF"Core/Src/gpio.d" -MT"Core/Src/gpio.o" --specs=nano.specs -mfpu=fpv4-sp-d16 -mfloat-abi=hard -mthumb -o "Core/Src/gpio.o"
arm-none-eabi-gcc "../Core/Src/i2c.c" -mcpu=cortex-m4 -std=gnu11 -g3 -DDEBUG -DUSE_HAL_DRIVER -DSTM32F446xx -c -I../Core/Inc -I../Drivers/STM32F4xx_HAL_Driver/Inc -I../Drivers/STM32F4xx_HAL_Driver/Inc/Legacy -I../Drivers/CMSIS/Device/ST/STM32F4xx/Include -I../Drivers/CMSIS/Include -O0 -ffunction-sections -fdata-sections -Wall -fstack-usage -fcyclomatic-complexity -MMD -MP -MF"Core/Src/i2c.d" -MT"Core/Src/i2c.o" --specs=nano.specs -mfpu=fpv4-sp-d16 -mfloat-abi=hard -mthumb -o "Core/Src/i2c.o"
arm-none-eabi-gcc "../Core/Src/main.c" -mcpu=cortex-m4 -std=gnu11 -g3 -DDEBUG -DUSE_HAL_DRIVER -DSTM32F446xx -c -I../Core/Inc -I../Drivers/STM32F4xx_HAL_Driver/Inc -I../Drivers/STM32F4xx_HAL_Driver/Inc/Legacy -I../Drivers/CMSIS/Device/ST/STM32F4xx/Include -I../Drivers/CMSIS/Include -O0 -ffunction-sections -fdata-sections -Wall -fstack-usage -fcyclomatic-complexity -MMD -MP -MF"Core/Src/main.d" -MT"Core/Src/main.o" --specs=nano.specs -mfpu=fpv4-sp-d16 -mfloat-abi=hard -mthumb -o "Core/Src/main.o"
arm-none-eabi-gcc "../Core/Src/mpu6050.c" -mcpu=cortex-m4 -std=gnu11 -g3 -DDEBUG -DUSE_HAL_DRIVER -DSTM32F446xx -c -I../Core/Inc -I../Drivers/STM32F4xx_HAL_Driver/Inc -I../Drivers/STM32F4xx_HAL_Driver/Inc/Legacy -I../Drivers/CMSIS/Device/ST/STM32F4xx/Include -I../Drivers/CMSIS/Include -O0 -ffunction-sections -fdata-sections -Wall -fstack-usage -fcyclomatic-complexity -MMD -MP -MF"Core/Src/mpu6050.d" -MT"Core/Src/mpu6050.o" --specs=nano.specs -mfpu=fpv4-sp-d16 -mfloat-abi=hard -mthumb -o "Core/Src/mpu6050.o"
arm-none-eabi-gcc "../Core/Src/stm32f4xx_hal_msp.c" -mcpu=cortex-m4 -std=gnu11 -g3 -DDEBUG -DUSE_HAL_DRIVER -DSTM32F446xx -c -I../Core/Inc -I../Drivers/STM32F4xx_HAL_Driver/Inc -I../Drivers/STM32F4xx_HAL_Driver/Inc/Legacy -I../Drivers/CMSIS/Device/ST/STM32F4xx/Include -I../Drivers/CMSIS/Include -O0 -ffunction-sections -fdata-sections -Wall -fstack-usage -fcyclomatic-complexity -MMD -MP -MF"Core/Src/stm32f4xx_hal_msp.d" -MT"Core/Src/stm32f4xx_hal_msp.o" --specs=nano.specs -mfpu=fpv4-sp-d16 -mfloat-abi=hard -mthumb -o "Core/Src/stm32f4xx_hal_msp.o"
arm-none-eabi-gcc "../Core/Src/stm32f4xx_it.c" -mcpu=cortex-m4 -std=gnu11 -g3 -DDEBUG -DUSE_HAL_DRIVER -DSTM32F446xx -c -I../Core/Inc -I../Drivers/STM32F4xx_HAL_Driver/Inc -I../Drivers/STM32F4xx_HAL_Driver/Inc/Legacy -I../Drivers/CMSIS/Device/ST/STM32F4xx/Include -I../Drivers/CMSIS/Include -O0 -ffunction-sections -fdata-sections -Wall -fstack-usage -fcyclomatic-complexity -MMD -MP -MF"Core/Src/stm32f4xx_it.d" -MT"Core/Src/stm32f4xx_it.o" --specs=nano.specs -mfpu=fpv4-sp-d16 -mfloat-abi=hard -mthumb -o "Core/Src/stm32f4xx_it.o"
arm-none-eabi-gcc "../Core/Src/syscalls.c" -mcpu=cortex-m4 -std=gnu11 -g3 -DDEBUG -DUSE_HAL_DRIVER -DSTM32F446xx -c -I../Core/Inc -I../Drivers/STM32F4xx_HAL_Driver/Inc -I../Drivers/STM32F4xx_HAL_Driver/Inc/Legacy -I../Drivers/CMSIS/Device/ST/STM32F4xx/Include -I../Drivers/CMSIS/Include -O0 -ffunction-sections -fdata-sections -Wall -fstack-usage -fcyclomatic-complexity -MMD -MP -MF"Core/Src/syscalls.d" -MT"Core/Src/syscalls.o" --specs=nano.specs -mfpu=fpv4-sp-d16 -mfloat-abi=hard -mthumb -o "Core/Src/syscalls.o"
arm-none-eabi-gcc "../Core/Src/sysmem.c" -mcpu=cortex-m4 -std=gnu11 -g3 -DDEBUG -DUSE_HAL_DRIVER -DSTM32F446xx -c -I../Core/Inc -I../Drivers/STM32F4xx_HAL_Driver/Inc -I../Drivers/STM32F4xx_HAL_Driver/Inc/Legacy -I../Drivers/CMSIS/Device/ST/STM32F4xx/Include -I../Drivers/CMSIS/Include -O0 -ffunction-sections -fdata-sections -Wall -fstack-usage -fcyclomatic-complexity -MMD -MP -MF"Core/Src/sysmem.d" -MT"Core/Src/sysmem.o" --specs=nano.specs -mfpu=fpv4-sp-d16 -mfloat-abi=hard -mthumb -o "Core/Src/sysmem.o"
arm-none-eabi-gcc "../Core/Src/system_stm32f4xx.c" -mcpu=cortex-m4 -std=gnu11 -g3 -DDEBUG -DUSE_HAL_DRIVER -DSTM32F446xx -c -I../Core/Inc -I../Drivers/STM32F4xx_HAL_Driver/Inc -I../Drivers/STM32F4xx_HAL_Driver/Inc/Legacy -I../Drivers/CMSIS/Device/ST/STM32F4xx/Include -I../Drivers/CMSIS/Include -O0 -ffunction-sections -fdata-sections -Wall -fstack-usage -fcyclomatic-complexity -MMD -MP -MF"Core/Src/system_stm32f4xx.d" -MT"Core/Src/system_stm32f4xx.o" --specs=nano.specs -mfpu=fpv4-sp-d16 -mfloat-abi=hard -mthumb -o "Core/Src/system_stm32f4xx.o"
arm-none-eabi-gcc "../Core/Src/tim.c" -mcpu=cortex-m4 -std=gnu11 -g3 -DDEBUG -DUSE_HAL_DRIVER -DSTM32F446xx -c -I../Core/Inc -I../Drivers/STM32F4xx_HAL_Driver/Inc -I../Drivers/STM32F4xx_HAL_Driver/Inc/Legacy -I../Drivers/CMSIS/Device/ST/STM32F4xx/Include -I../Drivers/CMSIS/Include -O0 -ffunction-sections -fdata-sections -Wall -fstack-usage -fcyclomatic-complexity -MMD -MP -MF"Core/Src/tim.d" -MT"Core/Src/tim.o" --specs=nano.specs -mfpu=fpv4-sp-d16 -mfloat-abi=hard -mthumb -o "Core/Src/tim.o"
arm-none-eabi-gcc -o "measuring_angles.elf" @"objects.list"   -mcpu=cortex-m4 -T"C:\Users\Francesco Stasi\OneDrive - Politecnico di Bari\UNI_Embedded_Control\Self-balancing-bike\measuring_angles\STM32F446RETX_FLASH.ld" --specs=nosys.specs -Wl,-Map="measuring_angles.map" -Wl,--gc-sections -static --specs=nano.specs -mfpu=fpv4-sp-d16 -mfloat-abi=hard -mthumb -Wl,--start-group -lc -lm -Wl,--end-group
Finished building target: measuring_angles.elf
 
arm-none-eabi-size  measuring_angles.elf 
arm-none-eabi-objdump -h -S measuring_angles.elf  > "measuring_angles.list"
   text	   data	    bss	    dec	    hex	filename
   9596	     12	   1724	  11332	   2c44	measuring_angles.elf
Finished building: default.size.stdout
 
Finished building: measuring_angles.list
 
23:42:16 **** Incremental Build of configuration Debug for project measuring_angles ****
make -j12 all 
arm-none-eabi-gcc "../Core/Src/main.c" -mcpu=cortex-m4 -std=gnu11 -g3 -DDEBUG -DUSE_HAL_DRIVER -DSTM32F446xx -c -I../Core/Inc -I../Drivers/STM32F4xx_HAL_Driver/Inc -I../Drivers/STM32F4xx_HAL_Driver/Inc/Legacy -I../Drivers/CMSIS/Device/ST/STM32F4xx/Include -I../Drivers/CMSIS/Include -O0 -ffunction-sections -fdata-sections -Wall -fstack-usage -fcyclomatic-complexity -MMD -MP -MF"Core/Src/main.d" -MT"Core/Src/main.o" --specs=nano.specs -mfpu=fpv4-sp-d16 -mfloat-abi=hard -mthumb -o "Core/Src/main.o"
arm-none-eabi-gcc "../Core/Src/mpu6050.c" -mcpu=cortex-m4 -std=gnu11 -g3 -DDEBUG -DUSE_HAL_DRIVER -DSTM32F446xx -c -I../Core/Inc -I../Drivers/STM32F4xx_HAL_Driver/Inc -I../Drivers/STM32F4xx_HAL_Driver/Inc/Legacy -I../Drivers/CMSIS/Device/ST/STM32F4xx/Include -I../Drivers/CMSIS/Include -O0 -ffunction-sections -fdata-sections -Wall -fstack-usage -fcyclomatic-complexity -MMD -MP -MF"Core/Src/mpu6050.d" -MT"Core/Src/mpu6050.o" --specs=nano.specs -mfpu=fpv4-sp-d16 -mfloat-abi=hard -mthumb -o "Core/Src/mpu6050.o"
../Core/Src/main.c: In function 'HAL_TIM_PeriodElapsedCallback':
../Core/Src/main.c:164:17: error: 'AngleRoll' undeclared (first use in this function)
  164 |                 AngleRoll = atan(AccY/sqrt(AccX*AccX+AccZ*AccZ))*1/(3.142/180);
      |                 ^~~~~~~~~
../Core/Src/main.c:164:17: note: each undeclared identifier is reported only once for each function it appears in
../Core/Src/main.c:164:34: error: 'AccY' undeclared (first use in this function); did you mean 'Accy'?
  164 |                 AngleRoll = atan(AccY/sqrt(AccX*AccX+AccZ*AccZ))*1/(3.142/180);
      |                                  ^~~~
      |                                  Accy
../Core/Src/main.c:164:44: error: 'AccX' undeclared (first use in this function); did you mean 'Accx'?
  164 |                 AngleRoll = atan(AccY/sqrt(AccX*AccX+AccZ*AccZ))*1/(3.142/180);
      |                                            ^~~~
      |                                            Accx
../Core/Src/main.c:164:54: error: 'AccZ' undeclared (first use in this function); did you mean 'Accz'?
  164 |                 AngleRoll = atan(AccY/sqrt(AccX*AccX+AccZ*AccZ))*1/(3.142/180);
      |                                                      ^~~~
      |                                                      Accz
../Core/Src/main.c:165:17: error: 'AnglePitch' undeclared (first use in this function)
  165 |                 AnglePitch = -atan(AccX/sqrt(AccY*AccY+AccZ*AccZ))*1/(3.142/180);
      |                 ^~~~~~~~~~
make: *** [Core/Src/subdir.mk:46: Core/Src/main.o] Error 1
make: *** Waiting for unfinished jobs....
"make -j12 all" terminated with exit code 2. Build might be incomplete.
23:43:42 **** Incremental Build of configuration Debug for project measuring_angles ****
make -j12 all 
arm-none-eabi-gcc "../Core/Src/main.c" -mcpu=cortex-m4 -std=gnu11 -g3 -DDEBUG -DUSE_HAL_DRIVER -DSTM32F446xx -c -I../Core/Inc -I../Drivers/STM32F4xx_HAL_Driver/Inc -I../Drivers/STM32F4xx_HAL_Driver/Inc/Legacy -I../Drivers/CMSIS/Device/ST/STM32F4xx/Include -I../Drivers/CMSIS/Include -O0 -ffunction-sections -fdata-sections -Wall -fstack-usage -fcyclomatic-complexity -MMD -MP -MF"Core/Src/main.d" -MT"Core/Src/main.o" --specs=nano.specs -mfpu=fpv4-sp-d16 -mfloat-abi=hard -mthumb -o "Core/Src/main.o"
../Core/Src/main.c: In function 'HAL_TIM_PeriodElapsedCallback':
../Core/Src/main.c:164:17: error: 'AngleRoll' undeclared (first use in this function)
  164 |                 AngleRoll = atan(AccY/sqrt(AccX*AccX+AccZ*AccZ))*1/(3.142/180);
      |                 ^~~~~~~~~
../Core/Src/main.c:164:17: note: each undeclared identifier is reported only once for each function it appears in
../Core/Src/main.c:165:17: error: 'AnglePitch' undeclared (first use in this function)
  165 |                 AnglePitch = -atan(AccX/sqrt(AccY*AccY+AccZ*AccZ))*1/(3.142/180);
      |                 ^~~~~~~~~~
make: *** [Core/Src/subdir.mk:46: Core/Src/main.o] Error 1
"make -j12 all" terminated with exit code 2. Build might be incomplete.
23:44:33 **** Incremental Build of configuration Debug for project measuring_angles ****
make -j12 all 
arm-none-eabi-gcc "../Core/Src/main.c" -mcpu=cortex-m4 -std=gnu11 -g3 -DDEBUG -DUSE_HAL_DRIVER -DSTM32F446xx -c -I../Core/Inc -I../Drivers/STM32F4xx_HAL_Driver/Inc -I../Drivers/STM32F4xx_HAL_Driver/Inc/Legacy -I../Drivers/CMSIS/Device/ST/STM32F4xx/Include -I../Drivers/CMSIS/Include -O0 -ffunction-sections -fdata-sections -Wall -fstack-usage -fcyclomatic-complexity -MMD -MP -MF"Core/Src/main.d" -MT"Core/Src/main.o" --specs=nano.specs -mfpu=fpv4-sp-d16 -mfloat-abi=hard -mthumb -o "Core/Src/main.o"
../Core/Src/main.c: In function 'HAL_TIM_PeriodElapsedCallback':
../Core/Src/main.c:167:17: error: 'AnglePitch' undeclared (first use in this function); did you mean 'AnglePitc'?
  167 |                 AnglePitch = -atan(AccX/sqrt(AccY*AccY+AccZ*AccZ))*1/(3.142/180);
      |                 ^~~~~~~~~~
      |                 AnglePitc
../Core/Src/main.c:167:17: note: each undeclared identifier is reported only once for each function it appears in
make: *** [Core/Src/subdir.mk:46: Core/Src/main.o] Error 1
"make -j12 all" terminated with exit code 2. Build might be incomplete.
23:44:57 **** Incremental Build of configuration Debug for project measuring_angles ****
make -j12 all 
arm-none-eabi-gcc "../Core/Src/main.c" -mcpu=cortex-m4 -std=gnu11 -g3 -DDEBUG -DUSE_HAL_DRIVER -DSTM32F446xx -c -I../Core/Inc -I../Drivers/STM32F4xx_HAL_Driver/Inc -I../Drivers/STM32F4xx_HAL_Driver/Inc/Legacy -I../Drivers/CMSIS/Device/ST/STM32F4xx/Include -I../Drivers/CMSIS/Include -O0 -ffunction-sections -fdata-sections -Wall -fstack-usage -fcyclomatic-complexity -MMD -MP -MF"Core/Src/main.d" -MT"Core/Src/main.o" --specs=nano.specs -mfpu=fpv4-sp-d16 -mfloat-abi=hard -mthumb -o "Core/Src/main.o"
arm-none-eabi-gcc -o "measuring_angles.elf" @"objects.list"   -mcpu=cortex-m4 -T"C:\Users\Francesco Stasi\OneDrive - Politecnico di Bari\UNI_Embedded_Control\Self-balancing-bike\measuring_angles\STM32F446RETX_FLASH.ld" --specs=nosys.specs -Wl,-Map="measuring_angles.map" -Wl,--gc-sections -static --specs=nano.specs -mfpu=fpv4-sp-d16 -mfloat-abi=hard -mthumb -Wl,--start-group -lc -lm -Wl,--end-group
Finished building target: measuring_angles.elf
 
arm-none-eabi-size  measuring_angles.elf 
arm-none-eabi-objdump -h -S measuring_angles.elf  > "measuring_angles.list"
   text	   data	    bss	    dec	    hex	filename
  16896	    112	   2056	  19064	   4a78	measuring_angles.elf
Finished building: default.size.stdout
 
Finished building: measuring_angles.list
 
23:46:12 **** Incremental Build of configuration Debug for project measuring_angles ****
make -j12 all 
arm-none-eabi-size  measuring_angles.elf 
   text	   data	    bss	    dec	    hex	filename
  16896	    112	   2056	  19064	   4a78	measuring_angles.elf
Finished building: default.size.stdout
 
23:47:03 **** Incremental Build of configuration Debug for project measuring_angles ****
make -j12 all 
arm-none-eabi-gcc "../Core/Src/main.c" -mcpu=cortex-m4 -std=gnu11 -g3 -DDEBUG -DUSE_HAL_DRIVER -DSTM32F446xx -c -I../Core/Inc -I../Drivers/STM32F4xx_HAL_Driver/Inc -I../Drivers/STM32F4xx_HAL_Driver/Inc/Legacy -I../Drivers/CMSIS/Device/ST/STM32F4xx/Include -I../Drivers/CMSIS/Include -O0 -ffunction-sections -fdata-sections -Wall -fstack-usage -fcyclomatic-complexity -MMD -MP -MF"Core/Src/main.d" -MT"Core/Src/main.o" --specs=nano.specs -mfpu=fpv4-sp-d16 -mfloat-abi=hard -mthumb -o "Core/Src/main.o"
../Core/Src/main.c: In function 'main':
../Core/Src/main.c:99:3: error: 'status' undeclared (first use in this function); did you mean 'ITStatus'?
   99 |   status = mpu6050_init();
      |   ^~~~~~
      |   ITStatus
../Core/Src/main.c:99:3: note: each undeclared identifier is reported only once for each function it appears in
make: *** [Core/Src/subdir.mk:46: Core/Src/main.o] Error 1
"make -j12 all" terminated with exit code 2. Build might be incomplete.
23:47:08 **** Incremental Build of configuration Debug for project measuring_angles ****
make -j12 all 
arm-none-eabi-gcc "../Core/Src/main.c" -mcpu=cortex-m4 -std=gnu11 -g3 -DDEBUG -DUSE_HAL_DRIVER -DSTM32F446xx -c -I../Core/Inc -I../Drivers/STM32F4xx_HAL_Driver/Inc -I../Drivers/STM32F4xx_HAL_Driver/Inc/Legacy -I../Drivers/CMSIS/Device/ST/STM32F4xx/Include -I../Drivers/CMSIS/Include -O0 -ffunction-sections -fdata-sections -Wall -fstack-usage -fcyclomatic-complexity -MMD -MP -MF"Core/Src/main.d" -MT"Core/Src/main.o" --specs=nano.specs -mfpu=fpv4-sp-d16 -mfloat-abi=hard -mthumb -o "Core/Src/main.o"
../Core/Src/main.c: In function 'main':
../Core/Src/main.c:99:3: error: 'status' undeclared (first use in this function); did you mean 'ITStatus'?
   99 |   status = mpu6050_init();
      |   ^~~~~~
      |   ITStatus
../Core/Src/main.c:99:3: note: each undeclared identifier is reported only once for each function it appears in
make: *** [Core/Src/subdir.mk:46: Core/Src/main.o] Error 1
"make -j12 all" terminated with exit code 2. Build might be incomplete.
23:47:38 **** Incremental Build of configuration Debug for project measuring_angles ****
make -j12 all 
arm-none-eabi-gcc "../Core/Src/main.c" -mcpu=cortex-m4 -std=gnu11 -g3 -DDEBUG -DUSE_HAL_DRIVER -DSTM32F446xx -c -I../Core/Inc -I../Drivers/STM32F4xx_HAL_Driver/Inc -I../Drivers/STM32F4xx_HAL_Driver/Inc/Legacy -I../Drivers/CMSIS/Device/ST/STM32F4xx/Include -I../Drivers/CMSIS/Include -O0 -ffunction-sections -fdata-sections -Wall -fstack-usage -fcyclomatic-complexity -MMD -MP -MF"Core/Src/main.d" -MT"Core/Src/main.o" --specs=nano.specs -mfpu=fpv4-sp-d16 -mfloat-abi=hard -mthumb -o "Core/Src/main.o"
arm-none-eabi-gcc -o "measuring_angles.elf" @"objects.list"   -mcpu=cortex-m4 -T"C:\Users\Francesco Stasi\OneDrive - Politecnico di Bari\UNI_Embedded_Control\Self-balancing-bike\measuring_angles\STM32F446RETX_FLASH.ld" --specs=nosys.specs -Wl,-Map="measuring_angles.map" -Wl,--gc-sections -static --specs=nano.specs -mfpu=fpv4-sp-d16 -mfloat-abi=hard -mthumb -Wl,--start-group -lc -lm -Wl,--end-group
Finished building target: measuring_angles.elf
 
arm-none-eabi-size  measuring_angles.elf 
arm-none-eabi-objdump -h -S measuring_angles.elf  > "measuring_angles.list"
   text	   data	    bss	    dec	    hex	filename
  21592	    120	   2088	  23800	   5cf8	measuring_angles.elf
Finished building: default.size.stdout
 
Finished building: measuring_angles.list
 
23:48:03 **** Incremental Build of configuration Debug for project measuring_angles ****
make -j12 all 
arm-none-eabi-size  measuring_angles.elf 
   text	   data	    bss	    dec	    hex	filename
  21592	    120	   2088	  23800	   5cf8	measuring_angles.elf
Finished building: default.size.stdout
 
23:51:23 **** Incremental Build of configuration Debug for project measuring_angles ****
make -j12 all 
arm-none-eabi-gcc "../Core/Src/main.c" -mcpu=cortex-m4 -std=gnu11 -g3 -DDEBUG -DUSE_HAL_DRIVER -DSTM32F446xx -c -I../Core/Inc -I../Drivers/STM32F4xx_HAL_Driver/Inc -I../Drivers/STM32F4xx_HAL_Driver/Inc/Legacy -I../Drivers/CMSIS/Device/ST/STM32F4xx/Include -I../Drivers/CMSIS/Include -O0 -ffunction-sections -fdata-sections -Wall -fstack-usage -fcyclomatic-complexity -MMD -MP -MF"Core/Src/main.d" -MT"Core/Src/main.o" --specs=nano.specs -mfpu=fpv4-sp-d16 -mfloat-abi=hard -mthumb -o "Core/Src/main.o"
arm-none-eabi-gcc -o "measuring_angles.elf" @"objects.list"   -mcpu=cortex-m4 -T"C:\Users\Francesco Stasi\OneDrive - Politecnico di Bari\UNI_Embedded_Control\Self-balancing-bike\measuring_angles\STM32F446RETX_FLASH.ld" --specs=nosys.specs -Wl,-Map="measuring_angles.map" -Wl,--gc-sections -static --specs=nano.specs -mfpu=fpv4-sp-d16 -mfloat-abi=hard -mthumb -Wl,--start-group -lc -lm -Wl,--end-group
Finished building target: measuring_angles.elf
 
arm-none-eabi-size  measuring_angles.elf 
arm-none-eabi-objdump -h -S measuring_angles.elf  > "measuring_angles.list"
   text	   data	    bss	    dec	    hex	filename
  21592	    120	   2088	  23800	   5cf8	measuring_angles.elf
Finished building: default.size.stdout
 
Finished building: measuring_angles.list
 
23:51:46 **** Incremental Build of configuration Debug for project measuring_angles ****
make -j12 all 
arm-none-eabi-size  measuring_angles.elf 
   text	   data	    bss	    dec	    hex	filename
  21592	    120	   2088	  23800	   5cf8	measuring_angles.elf
Finished building: default.size.stdout
 
23:54:28 **** Incremental Build of configuration Debug for project measuring_angles ****
make -j12 all 
arm-none-eabi-gcc "../Core/Src/main.c" -mcpu=cortex-m4 -std=gnu11 -g3 -DDEBUG -DUSE_HAL_DRIVER -DSTM32F446xx -c -I../Core/Inc -I../Drivers/STM32F4xx_HAL_Driver/Inc -I../Drivers/STM32F4xx_HAL_Driver/Inc/Legacy -I../Drivers/CMSIS/Device/ST/STM32F4xx/Include -I../Drivers/CMSIS/Include -O0 -ffunction-sections -fdata-sections -Wall -fstack-usage -fcyclomatic-complexity -MMD -MP -MF"Core/Src/main.d" -MT"Core/Src/main.o" --specs=nano.specs -mfpu=fpv4-sp-d16 -mfloat-abi=hard -mthumb -o "Core/Src/main.o"
arm-none-eabi-gcc "../Core/Src/mpu6050.c" -mcpu=cortex-m4 -std=gnu11 -g3 -DDEBUG -DUSE_HAL_DRIVER -DSTM32F446xx -c -I../Core/Inc -I../Drivers/STM32F4xx_HAL_Driver/Inc -I../Drivers/STM32F4xx_HAL_Driver/Inc/Legacy -I../Drivers/CMSIS/Device/ST/STM32F4xx/Include -I../Drivers/CMSIS/Include -O0 -ffunction-sections -fdata-sections -Wall -fstack-usage -fcyclomatic-complexity -MMD -MP -MF"Core/Src/mpu6050.d" -MT"Core/Src/mpu6050.o" --specs=nano.specs -mfpu=fpv4-sp-d16 -mfloat-abi=hard -mthumb -o "Core/Src/mpu6050.o"
arm-none-eabi-gcc -o "measuring_angles.elf" @"objects.list"   -mcpu=cortex-m4 -T"C:\Users\Francesco Stasi\OneDrive - Politecnico di Bari\UNI_Embedded_Control\Self-balancing-bike\measuring_angles\STM32F446RETX_FLASH.ld" --specs=nosys.specs -Wl,-Map="measuring_angles.map" -Wl,--gc-sections -static --specs=nano.specs -mfpu=fpv4-sp-d16 -mfloat-abi=hard -mthumb -Wl,--start-group -lc -lm -Wl,--end-group
Finished building target: measuring_angles.elf
 
arm-none-eabi-size  measuring_angles.elf 
arm-none-eabi-objdump -h -S measuring_angles.elf  > "measuring_angles.list"
   text	   data	    bss	    dec	    hex	filename
  21424	    120	   2088	  23632	   5c50	measuring_angles.elf
Finished building: default.size.stdout
 
Finished building: measuring_angles.list
 
23:54:56 **** Incremental Build of configuration Debug for project measuring_angles ****
make -j12 all 
arm-none-eabi-size  measuring_angles.elf 
   text	   data	    bss	    dec	    hex	filename
  21424	    120	   2088	  23632	   5c50	measuring_angles.elf
Finished building: default.size.stdout
 
10:46:50 **** Build of configuration Debug for project measuring_angles ****
make -j12 all 
arm-none-eabi-size  measuring_angles.elf 
   text	   data	    bss	    dec	    hex	filename
  21424	    120	   2088	  23632	   5c50	measuring_angles.elf
Finished building: default.size.stdout
 
11:02:41 **** Build of configuration Debug for project kalman_sf ****
make -j12 all 
arm-none-eabi-gcc "../Core/Src/i2c.c" -mcpu=cortex-m4 -std=gnu11 -g3 -DDEBUG -DUSE_HAL_DRIVER -DSTM32F446xx -c -I../Core/Inc -I../Drivers/STM32F4xx_HAL_Driver/Inc -I../Drivers/STM32F4xx_HAL_Driver/Inc/Legacy -I../Drivers/CMSIS/Device/ST/STM32F4xx/Include -I../Drivers/CMSIS/Include -O0 -ffunction-sections -fdata-sections -Wall -fstack-usage -fcyclomatic-complexity -MMD -MP -MF"Core/Src/i2c.d" -MT"Core/Src/i2c.o" --specs=nano.specs -mfpu=fpv4-sp-d16 -mfloat-abi=hard -mthumb -o "Core/Src/i2c.o"
arm-none-eabi-gcc "../Core/Src/main.c" -mcpu=cortex-m4 -std=gnu11 -g3 -DDEBUG -DUSE_HAL_DRIVER -DSTM32F446xx -c -I../Core/Inc -I../Drivers/STM32F4xx_HAL_Driver/Inc -I../Drivers/STM32F4xx_HAL_Driver/Inc/Legacy -I../Drivers/CMSIS/Device/ST/STM32F4xx/Include -I../Drivers/CMSIS/Include -O0 -ffunction-sections -fdata-sections -Wall -fstack-usage -fcyclomatic-complexity -MMD -MP -MF"Core/Src/main.d" -MT"Core/Src/main.o" --specs=nano.specs -mfpu=fpv4-sp-d16 -mfloat-abi=hard -mthumb -o "Core/Src/main.o"
arm-none-eabi-gcc -o "kalman_sf.elf" @"objects.list"   -mcpu=cortex-m4 -T"C:\Users\Francesco Stasi\OneDrive - Politecnico di Bari\UNI_Embedded_Control\Self-balancing-bike\kalman_sf\STM32F446RETX_FLASH.ld" --specs=nosys.specs -Wl,-Map="kalman_sf.map" -Wl,--gc-sections -static --specs=nano.specs -mfpu=fpv4-sp-d16 -mfloat-abi=hard -mthumb -Wl,--start-group -lc -lm -Wl,--end-group
Finished building target: kalman_sf.elf
 
arm-none-eabi-size  kalman_sf.elf 
arm-none-eabi-objdump -h -S kalman_sf.elf  > "kalman_sf.list"
   text	   data	    bss	    dec	    hex	filename
  23348	    120	   2104	  25572	   63e4	kalman_sf.elf
Finished building: default.size.stdout
 
[...]
arm-none-eabi-gcc "../Core/Src/mpu6050.c" -mcpu=cortex-m4 -std=gnu11 -g3 -DDEBUG -DUSE_HAL_DRIVER -DSTM32F446xx -c -I../Core/Inc -I../Drivers/STM32F4xx_HAL_Driver/Inc -I../Drivers/STM32F4xx_HAL_Driver/Inc/Legacy -I../Drivers/CMSIS/Device/ST/STM32F4xx/Include -I../Drivers/CMSIS/Include -O0 -ffunction-sections -fdata-sections -Wall -fstack-usage -fcyclomatic-complexity -MMD -MP -MF"Core/Src/mpu6050.d" -MT"Core/Src/mpu6050.o" --specs=nano.specs -mfpu=fpv4-sp-d16 -mfloat-abi=hard -mthumb -o "Core/Src/mpu6050.o"
arm-none-eabi-gcc -o "kalman_sf.elf" @"objects.list"   -mcpu=cortex-m4 -T"C:\Users\Francesco Stasi\OneDrive - Politecnico di Bari\UNI_Embedded_Control\Self-balancing-bike\kalman_sf\STM32F446RETX_FLASH.ld" --specs=nosys.specs -Wl,-Map="kalman_sf.map" -Wl,--gc-sections -static --specs=nano.specs -mfpu=fpv4-sp-d16 -mfloat-abi=hard -mthumb -Wl,--start-group -lc -lm -Wl,--end-group
Finished building target: kalman_sf.elf
 
arm-none-eabi-size  kalman_sf.elf 
arm-none-eabi-objdump -h -S kalman_sf.elf  > "kalman_sf.list"
   text	   data	    bss	    dec	    hex	filename
  23236	    120	   2128	  25484	   638c	kalman_sf.elf
Finished building: default.size.stdout
 
Finished building: kalman_sf.list
 
11:32:05 **** Incremental Build of configuration Debug for project kalman_sf ****
make -j12 all 
arm-none-eabi-size  kalman_sf.elf 
   text	   data	    bss	    dec	    hex	filename
  23236	    120	   2128	  25484	   638c	kalman_sf.elf
Finished building: default.size.stdout
 
11:56:24 **** Incremental Build of configuration Debug for project kalman_sf ****
make -j12 all 
arm-none-eabi-gcc "../Core/Src/filter.c" -mcpu=cortex-m4 -std=gnu11 -g3 -DDEBUG -DUSE_HAL_DRIVER -DSTM32F446xx -c -I../Core/Inc -I../Drivers/STM32F4xx_HAL_Driver/Inc -I../Drivers/STM32F4xx_HAL_Driver/Inc/Legacy -I../Drivers/CMSIS/Device/ST/STM32F4xx/Include -I../Drivers/CMSIS/Include -O0 -ffunction-sections -fdata-sections -Wall -fstack-usage -fcyclomatic-complexity -MMD -MP -MF"Core/Src/filter.d" -MT"Core/Src/filter.o" --specs=nano.specs -mfpu=fpv4-sp-d16 -mfloat-abi=hard -mthumb -o "Core/Src/filter.o"
../Core/Src/filter.c: In function 'updateOrientation':
../Core/Src/filter.c:17:42: error: invalid operands to binary ^ (have 'float' and 'float')
   17 |   float pitchAcc = atan(accX /  sqrt(accY^2 + accZ^2));
      |                                          ^~~~~~~~~
      |                                             |
      |                                             float
../Core/Src/filter.c:18:41: error: invalid operands to binary ^ (have 'float' and 'float')
   18 |   float rollAcc = atan(-accY / sqrt(accX^2 + accZ^2));
      |                                         ^~~~~~~~~
      |                                            |
      |                                            float
../Core/Src/filter.c:23:9: warning: unused variable 'yawGyro' [-Wunused-variable]
   23 |   float yawGyro = gyroZ * DT;
      |         ^~~~~~~
../Core/Src/filter.c:19:9: warning: unused variable 'yawAcc' [-Wunused-variable]
   19 |   float yawAcc = atan2(accY, accX);
      |         ^~~~~~
make: *** [Core/Src/subdir.mk:49: Core/Src/filter.o] Error 1
"make -j12 all" terminated with exit code 2. Build might be incomplete.
11:58:18 **** Incremental Build of configuration Debug for project kalman_sf ****
make -j12 all 
arm-none-eabi-gcc "../Core/Src/filter.c" -mcpu=cortex-m4 -std=gnu11 -g3 -DDEBUG -DUSE_HAL_DRIVER -DSTM32F446xx -c -I../Core/Inc -I../Drivers/STM32F4xx_HAL_Driver/Inc -I../Drivers/STM32F4xx_HAL_Driver/Inc/Legacy -I../Drivers/CMSIS/Device/ST/STM32F4xx/Include -I../Drivers/CMSIS/Include -O0 -ffunction-sections -fdata-sections -Wall -fstack-usage -fcyclomatic-complexity -MMD -MP -MF"Core/Src/filter.d" -MT"Core/Src/filter.o" --specs=nano.specs -mfpu=fpv4-sp-d16 -mfloat-abi=hard -mthumb -o "Core/Src/filter.o"
../Core/Src/filter.c: In function 'updateOrientation':
../Core/Src/filter.c:17:37: warning: implicit declaration of function 'sq' [-Wimplicit-function-declaration]
   17 |   float pitchAcc = atan(accX / sqrt(sq(accY)+sq(accZ)));
      |                                     ^~
../Core/Src/filter.c:23:9: warning: unused variable 'yawGyro' [-Wunused-variable]
   23 |   float yawGyro = gyroZ * DT;
      |         ^~~~~~~
../Core/Src/filter.c:19:9: warning: unused variable 'yawAcc' [-Wunused-variable]
   19 |   float yawAcc = atan2(accY, accX);
      |         ^~~~~~
arm-none-eabi-gcc -o "kalman_sf.elf" @"objects.list"   -mcpu=cortex-m4 -T"C:\Users\Francesco Stasi\OneDrive - Politecnico di Bari\UNI_Embedded_Control\Self-balancing-bike\kalman_sf\STM32F446RETX_FLASH.ld" --specs=nosys.specs -Wl,-Map="kalman_sf.map" -Wl,--gc-sections -static --specs=nano.specs -mfpu=fpv4-sp-d16 -mfloat-abi=hard -mthumb -Wl,--start-group -lc -lm -Wl,--end-group
C:/ST/STM32CubeIDE_1.16.0/STM32CubeIDE/plugins/com.st.stm32cube.ide.mcu.externaltools.gnu-tools-for-stm32.12.3.rel1.win32_1.0.200.202406191623/tools/bin/../lib/gcc/arm-none-eabi/12.3.1/../../../../arm-none-eabi/bin/ld.exe: ./Core/Src/filter.o: in function `updateOrientation':
C:/Users/Francesco Stasi/OneDrive - Politecnico di Bari/UNI_Embedded_Control/Self-balancing-bike/kalman_sf/Debug/../Core/Src/filter.c:17: undefined reference to `sq'
C:/ST/STM32CubeIDE_1.16.0/STM32CubeIDE/plugins/com.st.stm32cube.ide.mcu.externaltools.gnu-tools-for-stm32.12.3.rel1.win32_1.0.200.202406191623/tools/bin/../lib/gcc/arm-none-eabi/12.3.1/../../../../arm-none-eabi/bin/ld.exe: C:/Users/Francesco Stasi/OneDrive - Politecnico di Bari/UNI_Embedded_Control/Self-balancing-bike/kalman_sf/Debug/../Core/Src/filter.c:17: undefined reference to `sq'
C:/ST/STM32CubeIDE_1.16.0/STM32CubeIDE/plugins/com.st.stm32cube.ide.mcu.externaltools.gnu-tools-for-stm32.12.3.rel1.win32_1.0.200.202406191623/tools/bin/../lib/gcc/arm-none-eabi/12.3.1/../../../../arm-none-eabi/bin/ld.exe: C:/Users/Francesco Stasi/OneDrive - Politecnico di Bari/UNI_Embedded_Control/Self-balancing-bike/kalman_sf/Debug/../Core/Src/filter.c:18: undefined reference to `sq'
C:/ST/STM32CubeIDE_1.16.0/STM32CubeIDE/plugins/com.st.stm32cube.ide.mcu.externaltools.gnu-tools-for-stm32.12.3.rel1.win32_1.0.200.202406191623/tools/bin/../lib/gcc/arm-none-eabi/12.3.1/../../../../arm-none-eabi/bin/ld.exe: C:/Users/Francesco Stasi/OneDrive - Politecnico di Bari/UNI_Embedded_Control/Self-balancing-bike/kalman_sf/Debug/../Core/Src/filter.c:18: undefined reference to `sq'
collect2.exe: error: ld returned 1 exit status
make: *** [makefile:64: kalman_sf.elf] Error 1
"make -j12 all" terminated with exit code 2. Build might be incomplete.
11:59:51 **** Incremental Build of configuration Debug for project kalman_sf ****
make -j12 all 
arm-none-eabi-gcc "../Core/Src/filter.c" -mcpu=cortex-m4 -std=gnu11 -g3 -DDEBUG -DUSE_HAL_DRIVER -DSTM32F446xx -c -I../Core/Inc -I../Drivers/STM32F4xx_HAL_Driver/Inc -I../Drivers/STM32F4xx_HAL_Driver/Inc/Legacy -I../Drivers/CMSIS/Device/ST/STM32F4xx/Include -I../Drivers/CMSIS/Include -O0 -ffunction-sections -fdata-sections -Wall -fstack-usage -fcyclomatic-complexity -MMD -MP -MF"Core/Src/filter.d" -MT"Core/Src/filter.o" --specs=nano.specs -mfpu=fpv4-sp-d16 -mfloat-abi=hard -mthumb -o "Core/Src/filter.o"
../Core/Src/filter.c: In function 'updateOrientation':
../Core/Src/filter.c:23:9: warning: unused variable 'yawGyro' [-Wunused-variable]
   23 |   float yawGyro = gyroZ * DT;
      |         ^~~~~~~
../Core/Src/filter.c:19:9: warning: unused variable 'yawAcc' [-Wunused-variable]
   19 |   float yawAcc = atan2(accY, accX);
      |         ^~~~~~
arm-none-eabi-gcc -o "kalman_sf.elf" @"objects.list"   -mcpu=cortex-m4 -T"C:\Users\Francesco Stasi\OneDrive - Politecnico di Bari\UNI_Embedded_Control\Self-balancing-bike\kalman_sf\STM32F446RETX_FLASH.ld" --specs=nosys.specs -Wl,-Map="kalman_sf.map" -Wl,--gc-sections -static --specs=nano.specs -mfpu=fpv4-sp-d16 -mfloat-abi=hard -mthumb -Wl,--start-group -lc -lm -Wl,--end-group
Finished building target: kalman_sf.elf
 
arm-none-eabi-size  kalman_sf.elf 
arm-none-eabi-objdump -h -S kalman_sf.elf  > "kalman_sf.list"
   text	   data	    bss	    dec	    hex	filename
  23272	    120	   2128	  25520	   63b0	kalman_sf.elf
Finished building: default.size.stdout
 
Finished building: kalman_sf.list
 
12:20:15 **** Incremental Build of configuration Debug for project kalman_sf ****
make -j12 all 
arm-none-eabi-gcc "../Core/Src/filter.c" -mcpu=cortex-m4 -std=gnu11 -g3 -DDEBUG -DUSE_HAL_DRIVER -DSTM32F446xx -c -I../Core/Inc -I../Drivers/STM32F4xx_HAL_Driver/Inc -I../Drivers/STM32F4xx_HAL_Driver/Inc/Legacy -I../Drivers/CMSIS/Device/ST/STM32F4xx/Include -I../Drivers/CMSIS/Include -O0 -ffunction-sections -fdata-sections -Wall -fstack-usage -fcyclomatic-complexity -MMD -MP -MF"Core/Src/filter.d" -MT"Core/Src/filter.o" --specs=nano.specs -mfpu=fpv4-sp-d16 -mfloat-abi=hard -mthumb -o "Core/Src/filter.o"
arm-none-eabi-gcc "../Core/Src/mpu6050.c" -mcpu=cortex-m4 -std=gnu11 -g3 -DDEBUG -DUSE_HAL_DRIVER -DSTM32F446xx -c -I../Core/Inc -I../Drivers/STM32F4xx_HAL_Driver/Inc -I../Drivers/STM32F4xx_HAL_Driver/Inc/Legacy -I../Drivers/CMSIS/Device/ST/STM32F4xx/Include -I../Drivers/CMSIS/Include -O0 -ffunction-sections -fdata-sections -Wall -fstack-usage -fcyclomatic-complexity -MMD -MP -MF"Core/Src/mpu6050.d" -MT"Core/Src/mpu6050.o" --specs=nano.specs -mfpu=fpv4-sp-d16 -mfloat-abi=hard -mthumb -o "Core/Src/mpu6050.o"
arm-none-eabi-gcc -o "kalman_sf.elf" @"objects.list"   -mcpu=cortex-m4 -T"C:\Users\Francesco Stasi\OneDrive - Politecnico di Bari\UNI_Embedded_Control\Self-balancing-bike\kalman_sf\STM32F446RETX_FLASH.ld" --specs=nosys.specs -Wl,-Map="kalman_sf.map" -Wl,--gc-sections -static --specs=nano.specs -mfpu=fpv4-sp-d16 -mfloat-abi=hard -mthumb -Wl,--start-group -lc -lm -Wl,--end-group
Finished building target: kalman_sf.elf
 
arm-none-eabi-size  kalman_sf.elf 
arm-none-eabi-objdump -h -S kalman_sf.elf  > "kalman_sf.list"
   text	   data	    bss	    dec	    hex	filename
  22864	    120	   2128	  25112	   6218	kalman_sf.elf
Finished building: default.size.stdout
 
Finished building: kalman_sf.list
 
12:34:45 **** Incremental Build of configuration Debug for project kalman_sf ****
make -j12 all 
arm-none-eabi-gcc "../Core/Src/filter.c" -mcpu=cortex-m4 -std=gnu11 -g3 -DDEBUG -DUSE_HAL_DRIVER -DSTM32F446xx -c -I../Core/Inc -I../Drivers/STM32F4xx_HAL_Driver/Inc -I../Drivers/STM32F4xx_HAL_Driver/Inc/Legacy -I../Drivers/CMSIS/Device/ST/STM32F4xx/Include -I../Drivers/CMSIS/Include -O0 -ffunction-sections -fdata-sections -Wall -fstack-usage -fcyclomatic-complexity -MMD -MP -MF"Core/Src/filter.d" -MT"Core/Src/filter.o" --specs=nano.specs -mfpu=fpv4-sp-d16 -mfloat-abi=hard -mthumb -o "Core/Src/filter.o"
arm-none-eabi-gcc "../Core/Src/i2c.c" -mcpu=cortex-m4 -std=gnu11 -g3 -DDEBUG -DUSE_HAL_DRIVER -DSTM32F446xx -c -I../Core/Inc -I../Drivers/STM32F4xx_HAL_Driver/Inc -I../Drivers/STM32F4xx_HAL_Driver/Inc/Legacy -I../Drivers/CMSIS/Device/ST/STM32F4xx/Include -I../Drivers/CMSIS/Include -O0 -ffunction-sections -fdata-sections -Wall -fstack-usage -fcyclomatic-complexity -MMD -MP -MF"Core/Src/i2c.d" -MT"Core/Src/i2c.o" --specs=nano.specs -mfpu=fpv4-sp-d16 -mfloat-abi=hard -mthumb -o "Core/Src/i2c.o"
arm-none-eabi-gcc "../Core/Src/main.c" -mcpu=cortex-m4 -std=gnu11 -g3 -DDEBUG -DUSE_HAL_DRIVER -DSTM32F446xx -c -I../Core/Inc -I../Drivers/STM32F4xx_HAL_Driver/Inc -I../Drivers/STM32F4xx_HAL_Driver/Inc/Legacy -I../Drivers/CMSIS/Device/ST/STM32F4xx/Include -I../Drivers/CMSIS/Include -O0 -ffunction-sections -fdata-sections -Wall -fstack-usage -fcyclomatic-complexity -MMD -MP -MF"Core/Src/main.d" -MT"Core/Src/main.o" --specs=nano.specs -mfpu=fpv4-sp-d16 -mfloat-abi=hard -mthumb -o "Core/Src/main.o"
arm-none-eabi-gcc -o "kalman_sf.elf" @"objects.list"   -mcpu=cortex-m4 -T"C:\Users\Francesco Stasi\OneDrive - Politecnico di Bari\UNI_Embedded_Control\Self-balancing-bike\kalman_sf\STM32F446RETX_FLASH.ld" --specs=nosys.specs -Wl,-Map="kalman_sf.map" -Wl,--gc-sections -static --specs=nano.specs -mfpu=fpv4-sp-d16 -mfloat-abi=hard -mthumb -Wl,--start-group -lc -lm -Wl,--end-group
Finished building target: kalman_sf.elf
 
arm-none-eabi-size  kalman_sf.elf 
arm-none-eabi-objdump -h -S kalman_sf.elf  > "kalman_sf.list"
   text	   data	    bss	    dec	    hex	filename
  22864	    120	   2128	  25112	   6218	kalman_sf.elf
Finished building: default.size.stdout
 
Finished building: kalman_sf.list
 
12:35:35 **** Incremental Build of configuration Debug for project kalman_sf ****
make -j12 all 
arm-none-eabi-size  kalman_sf.elf 
   text	   data	    bss	    dec	    hex	filename
  22864	    120	   2128	  25112	   6218	kalman_sf.elf
Finished building: default.size.stdout
 
12:48:15 **** Incremental Build of configuration Debug for project kalman_sf ****
make -j12 all 
arm-none-eabi-gcc "../Drivers/STM32F4xx_HAL_Driver/Src/stm32f4xx_hal_i2c.c" -mcpu=cortex-m4 -std=gnu11 -g3 -DDEBUG -DUSE_HAL_DRIVER -DSTM32F446xx -c -I../Core/Inc -I../Drivers/STM32F4xx_HAL_Driver/Inc -I../Drivers/STM32F4xx_HAL_Driver/Inc/Legacy -I../Drivers/CMSIS/Device/ST/STM32F4xx/Include -I../Drivers/CMSIS/Include -O0 -ffunction-sections -fdata-sections -Wall -fstack-usage -fcyclomatic-complexity -MMD -MP -MF"Drivers/STM32F4xx_HAL_Driver/Src/stm32f4xx_hal_i2c.d" -MT"Drivers/STM32F4xx_HAL_Driver/Src/stm32f4xx_hal_i2c.o" --specs=nano.specs -mfpu=fpv4-sp-d16 -mfloat-abi=hard -mthumb -o "Drivers/STM32F4xx_HAL_Driver/Src/stm32f4xx_hal_i2c.o"
arm-none-eabi-gcc "../Core/Src/filter.c" -mcpu=cortex-m4 -std=gnu11 -g3 -DDEBUG -DUSE_HAL_DRIVER -DSTM32F446xx -c -I../Core/Inc -I../Drivers/STM32F4xx_HAL_Driver/Inc -I../Drivers/STM32F4xx_HAL_Driver/Inc/Legacy -I../Drivers/CMSIS/Device/ST/STM32F4xx/Include -I../Drivers/CMSIS/Include -O0 -ffunction-sections -fdata-sections -Wall -fstack-usage -fcyclomatic-complexity -MMD -MP -MF"Core/Src/filter.d" -MT"Core/Src/filter.o" --specs=nano.specs -mfpu=fpv4-sp-d16 -mfloat-abi=hard -mthumb -o "Core/Src/filter.o"
arm-none-eabi-gcc -o "kalman_sf.elf" @"objects.list"   -mcpu=cortex-m4 -T"C:\Users\Francesco Stasi\OneDrive - Politecnico di Bari\UNI_Embedded_Control\Self-balancing-bike\kalman_sf\STM32F446RETX_FLASH.ld" --specs=nosys.specs -Wl,-Map="kalman_sf.map" -Wl,--gc-sections -static --specs=nano.specs -mfpu=fpv4-sp-d16 -mfloat-abi=hard -mthumb -Wl,--start-group -lc -lm -Wl,--end-group
Finished building target: kalman_sf.elf
 
arm-none-eabi-size  kalman_sf.elf 
arm-none-eabi-objdump -h -S kalman_sf.elf  > "kalman_sf.list"
   text	   data	    bss	    dec	    hex	filename
  22856	    120	   2128	  25104	   6210	kalman_sf.elf
Finished building: default.size.stdout
 
Finished building: kalman_sf.list
 
17:31:48 **** Incremental Build of configuration Debug for project kalman_sf ****
make -j12 all 
arm-none-eabi-size  kalman_sf.elf 
   text	   data	    bss	    dec	    hex	filename
  22856	    120	   2128	  25104	   6210	kalman_sf.elf
Finished building: default.size.stdout
 
18:15:12 **** Incremental Build of configuration Debug for project measuring_angles ****
make -j12 all 
arm-none-eabi-size  measuring_angles.elf 
   text	   data	    bss	    dec	    hex	filename
  21424	    120	   2088	  23632	   5c50	measuring_angles.elf
Finished building: default.size.stdout
 
18:17:10 **** Incremental Build of configuration Debug for project measuring_angles ****
make -j12 all 
arm-none-eabi-size  measuring_angles.elf 
   text	   data	    bss	    dec	    hex	filename
  21424	    120	   2088	  23632	   5c50	measuring_angles.elf
Finished building: default.size.stdout
 
18:17:20 **** Incremental Build of configuration Debug for project measuring_angles ****
make -j12 all 
arm-none-eabi-size  measuring_angles.elf 
   text	   data	    bss	    dec	    hex	filename
  21424	    120	   2088	  23632	   5c50	measuring_angles.elf
Finished building: default.size.stdout
 
18:17:36 **** Incremental Build of configuration Debug for project measuring_angles ****
make -j12 all 
arm-none-eabi-size  measuring_angles.elf 
   text	   data	    bss	    dec	    hex	filename
  21424	    120	   2088	  23632	   5c50	measuring_angles.elf
Finished building: default.size.stdout
 
18:17:55 **** Incremental Build of configuration Debug for project measuring_angles ****
make -j12 all 
arm-none-eabi-size  measuring_angles.elf 
   text	   data	    bss	    dec	    hex	filename
  21424	    120	   2088	  23632	   5c50	measuring_angles.elf
Finished building: default.size.stdout
 
18:34:27 **** Incremental Build of configuration Debug for project kalman_sf ****
make -j12 all 
arm-none-eabi-gcc "../Core/Src/mpu6050.c" -mcpu=cortex-m4 -std=gnu11 -g3 -DDEBUG -DUSE_HAL_DRIVER -DSTM32F446xx -c -I../Core/Inc -I../Drivers/STM32F4xx_HAL_Driver/Inc -I../Drivers/STM32F4xx_HAL_Driver/Inc/Legacy -I../Drivers/CMSIS/Device/ST/STM32F4xx/Include -I../Drivers/CMSIS/Include -O0 -ffunction-sections -fdata-sections -Wall -fstack-usage -fcyclomatic-complexity -MMD -MP -MF"Core/Src/mpu6050.d" -MT"Core/Src/mpu6050.o" --specs=nano.specs -mfpu=fpv4-sp-d16 -mfloat-abi=hard -mthumb -o "Core/Src/mpu6050.o"
arm-none-eabi-gcc -o "kalman_sf.elf" @"objects.list"   -mcpu=cortex-m4 -T"C:\Users\Francesco Stasi\OneDrive - Politecnico di Bari\UNI_Embedded_Control\Self-balancing-bike\kalman_sf\STM32F446RETX_FLASH.ld" --specs=nosys.specs -Wl,-Map="kalman_sf.map" -Wl,--gc-sections -static --specs=nano.specs -mfpu=fpv4-sp-d16 -mfloat-abi=hard -mthumb -Wl,--start-group -lc -lm -Wl,--end-group
Finished building target: kalman_sf.elf
 
arm-none-eabi-size  kalman_sf.elf 
arm-none-eabi-objdump -h -S kalman_sf.elf  > "kalman_sf.list"
   text	   data	    bss	    dec	    hex	filename
  22856	    120	   2128	  25104	   6210	kalman_sf.elf
Finished building: default.size.stdout
 
Finished building: kalman_sf.list
 
18:40:56 **** Incremental Build of configuration Debug for project kalman_sf ****
make -j12 all 
arm-none-eabi-gcc "../Core/Src/main.c" -mcpu=cortex-m4 -std=gnu11 -g3 -DDEBUG -DUSE_HAL_DRIVER -DSTM32F446xx -c -I../Core/Inc -I../Drivers/STM32F4xx_HAL_Driver/Inc -I../Drivers/STM32F4xx_HAL_Driver/Inc/Legacy -I../Drivers/CMSIS/Device/ST/STM32F4xx/Include -I../Drivers/CMSIS/Include -O0 -ffunction-sections -fdata-sections -Wall -fstack-usage -fcyclomatic-complexity -MMD -MP -MF"Core/Src/main.d" -MT"Core/Src/main.o" --specs=nano.specs -mfpu=fpv4-sp-d16 -mfloat-abi=hard -mthumb -o "Core/Src/main.o"
arm-none-eabi-gcc "../Core/Src/mpu6050.c" -mcpu=cortex-m4 -std=gnu11 -g3 -DDEBUG -DUSE_HAL_DRIVER -DSTM32F446xx -c -I../Core/Inc -I../Drivers/STM32F4xx_HAL_Driver/Inc -I../Drivers/STM32F4xx_HAL_Driver/Inc/Legacy -I../Drivers/CMSIS/Device/ST/STM32F4xx/Include -I../Drivers/CMSIS/Include -O0 -ffunction-sections -fdata-sections -Wall -fstack-usage -fcyclomatic-complexity -MMD -MP -MF"Core/Src/mpu6050.d" -MT"Core/Src/mpu6050.o" --specs=nano.specs -mfpu=fpv4-sp-d16 -mfloat-abi=hard -mthumb -o "Core/Src/mpu6050.o"
arm-none-eabi-gcc -o "kalman_sf.elf" @"objects.list"   -mcpu=cortex-m4 -T"C:\Users\Francesco Stasi\OneDrive - Politecnico di Bari\UNI_Embedded_Control\Self-balancing-bike\kalman_sf\STM32F446RETX_FLASH.ld" --specs=nosys.specs -Wl,-Map="kalman_sf.map" -Wl,--gc-sections -static --specs=nano.specs -mfpu=fpv4-sp-d16 -mfloat-abi=hard -mthumb -Wl,--start-group -lc -lm -Wl,--end-group
Finished building target: kalman_sf.elf
 
arm-none-eabi-size  kalman_sf.elf 
arm-none-eabi-objdump -h -S kalman_sf.elf  > "kalman_sf.list"
   text	   data	    bss	    dec	    hex	filename
  22856	    120	   2128	  25104	   6210	kalman_sf.elf
Finished building: default.size.stdout
 
Finished building: kalman_sf.list
 
18:41:13 **** Incremental Build of configuration Debug for project kalman_sf ****
make -j12 all 
arm-none-eabi-size  kalman_sf.elf 
   text	   data	    bss	    dec	    hex	filename
  22856	    120	   2128	  25104	   6210	kalman_sf.elf
Finished building: default.size.stdout
 
